Microchip Technology Inc, v2.10 (B)

Tool Name:
  c:\program files\microchip\xc16\v2.10\bin\bin\..\bin/elf-ld.exe

Command:
  -TC:\\Users\\julianb\\AppData\\Local\\Temp\\tmp0000cae0.00 \
  -TC:\\Users\\julianb\\AppData\\Local\\Temp\\tmp0000cae0.01 \
  -TC:\\Users\\julianb\\AppData\\Local\\Temp\\tmp0000cae0.02 \
  -TC:\\Users\\julianb\\AppData\\Local\\Temp\\tmp0000cae0.03 \
  -TC:\\Users\\julianb\\AppData\\Local\\Temp\\tmp0000cae0.04 \
  -TC:\\Users\\julianb\\AppData\\Local\\Temp\\tmp0000cae0.05 \
  -TC:\\Users\\julianb\\AppData\\Local\\Temp\\tmp0000cae0.06 \
  -p24FJ128GA310 \
  --mdfp=C:/Program Files/Microchip/MPLABX/v6.25/packs/Microchip/PIC24F-GA-GB_DFP/1.10.375/xc16 \
  -o \
  dist/default/debug/EC17_0014_066.X.debug.elf \
  -Lc:/program files/microchip/xc16/v2.10/bin/bin/.. \
  -LC:/Program Files/Microchip/MPLABX/v6.25/packs/Microchip/PIC24F-GA-GB_DFP/1.10.375/xc16/bin/../support/PIC24F/gld \
  -Lc:/program files/microchip/xc16/v2.10/bin/bin/../../lib \
  -Lc:/program files/microchip/xc16/v2.10/bin/bin/../../support/PIC24E/gld \
  -Lc:/program files/microchip/xc16/v2.10/bin/bin/../../support/PIC24F/gld \
  -Lc:/program files/microchip/xc16/v2.10/bin/bin/../../support/PIC24H/gld \
  -Lc:/program files/microchip/xc16/v2.10/bin/bin/../../support/dsPIC30F/gld \
  -Lc:/program files/microchip/xc16/v2.10/bin/bin/../../support/dsPIC33C/gld \
  -Lc:/program files/microchip/xc16/v2.10/bin/bin/../../support/dsPIC33E/gld \
  -Lc:/program files/microchip/xc16/v2.10/bin/bin/../../support/dsPIC33F/gld \
  build/default/debug/mcc_generated_files/memory/flash.o \
  build/default/debug/mcc_generated_files/system.o \
  build/default/debug/mcc_generated_files/interrupt_manager.o \
  build/default/debug/mcc_generated_files/pin_manager.o \
  build/default/debug/mcc_generated_files/traps.o \
  build/default/debug/mcc_generated_files/clock.o \
  build/default/debug/mcc_generated_files/where_was_i.o \
  build/default/debug/mcc_generated_files/mcc.o \
  build/default/debug/mcc_generated_files/tmr3.o \
  build/default/debug/mcc_generated_files/oc1.o \
  build/default/debug/mcc_generated_files/adc1.o \
  build/default/debug/mcc_generated_files/oc2.o \
  build/default/debug/mcc_generated_files/ic1.o \
  build/default/debug/mcc_generated_files/i2c2.o \
  build/default/debug/mcc_generated_files/i2c1.o \
  build/default/debug/mcc_generated_files/tmr2.o \
  build/default/debug/mcc_generated_files/tmr1.o \
  build/default/debug/mcc_generated_files/uart1.o \
  build/default/debug/mcc_generated_files/delay.o \
  build/default/debug/mcc_generated_files/tmr4.o \
  build/default/debug/mcc_generated_files/oc3.o \
  build/default/debug/main.o \
  build/default/debug/flash_config.o \
  build/default/debug/adc_an9.o \
  --local-stack \
  --defsym=__MPLAB_BUILD=1 \
  --defsym=__MPLAB_DEBUG=1 \
  --defsym=__DEBUG=1 \
  -Tp24FJ128GA310.gld.07 \
  --heap=512 \
  --stack=16 \
  --check-sections \
  --data-init \
  --pack-data \
  --handles \
  --isr \
  --no-gc-sections \
  --fill-upper=0 \
  --stackguard=16 \
  --no-force-link \
  --smart-io \
  -Map=dist/default/debug/EC17_0014_066.X.debug.map \
  --report-mem \
  --memorysummary \
  dist/default/debug/memoryfile.xml \
  -Tapplication.gld.08 \
  -start-group \
  --library=c99-pic30-elf \
  --library=m-elf \
  --library=c99-elf \
  -end-group \


Optional library libpPIC24Fxxx.a not found

Optional library libpPIC24Fxxx.a not found
Archive member included because of file (symbol)

c:/program files/microchip/xc16/v2.10/bin/bin/../../lib\libc99-pic30-elf.a(crt0_extended24.o)
                              (__resetPRI)
c:/program files/microchip/xc16/v2.10/bin/bin/../../lib\libc99-pic30-elf.a(data_init_24.o)
                              c:/program files/microchip/xc16/v2.10/bin/bin/../../lib\libc99-pic30-elf.a(crt0_extended24.o) (__data_init_da)
c:/program files/microchip/xc16/v2.10/bin/bin/../../lib\libc99-pic30-elf.a(crt_start_mode_normalda.Meo)
                              (__crt_start_mode_normal)
c:/program files/microchip/xc16/v2.10/bin/bin/../../lib\libc99-pic30-elf.a(delay32da.Meo)
                              build/default/debug/mcc_generated_files/i2c2.o (___delay32)
c:/program files/microchip/xc16/v2.10/bin/bin/../../lib\libc99-pic30-elf.a(feqltle.DA_o)
                              build/default/debug/main.o (___ltsf2)
c:/program files/microchip/xc16/v2.10/bin/bin/../../lib\libc99-pic30-elf.a(fgtge.DA_o)
                              build/default/debug/main.o (___gtsf2)
c:/program files/microchip/xc16/v2.10/bin/bin/../../lib\libc99-pic30-elf.a(floatsisf.DA_o)
                              build/default/debug/main.o (___floatsisf)
c:/program files/microchip/xc16/v2.10/bin/bin/../../lib\libc99-pic30-elf.a(udivsi3.DA_o)
                              build/default/debug/mcc_generated_files/i2c2.o (___udivsi3)
c:/program files/microchip/xc16/v2.10/bin/bin/../../lib\libc99-pic30-elf.a(addsf3x.DA_o)
                              build/default/debug/main.o (___subsf3)
[...]
Memory Configuration

Name             Origin             Length             Attributes
data             0x000800           0x004000           a !xr
reset            0x000000           0x000004  
ivt              0x000004           0x0000fc  
_reserved        0x000100           0x000004  
aivt             0x000104           0x0000fc  
program          0x002000           0x012ffe           xr
CONFIG4          0x0157f8           0x000002  
CONFIG3          0x0157fa           0x000002  
CONFIG2          0x0157fc           0x000002  
CONFIG1          0x0157fe           0x000002  
*default*        0x000000           0xffffffff  

Linker script and memory map


reserve_data_0x800
                    0x0800         0x1c
                    0x081c                  . = 0x1c
 *fill*             0x0800         0x1c00

reserve_data_0x81c
                    0x081c          0x2
                    0x081e                  . = 0x2
 *fill*             0x081c          0x200

reserve_data_0x81e
                    0x081e          0x2
                    0x0820                  . = 0x2
 *fill*             0x081e          0x200

reserve_data_0x820
                    0x0820          0x2
                    0x0822                  . = 0x2
 *fill*             0x0820          0x200

reserve_data_0x822
                    0x0822          0x2
                    0x0824                  . = 0x2
 *fill*             0x0822          0x200

reserve_data_0x824
                    0x0824          0x4
                    0x0828                  . = 0x4
 *fill*             0x0824          0x400

reserve_data_0x82a
                    0x082a         0x26
                    0x0850                  . = 0x26
 *fill*             0x082a         0x2600
LOAD build/default/debug/mcc_generated_files/memory/flash.o
LOAD build/default/debug/mcc_generated_files/system.o
LOAD build/default/debug/mcc_generated_files/interrupt_manager.o
LOAD build/default/debug/mcc_generated_files/pin_manager.o
LOAD build/default/debug/mcc_generated_files/traps.o
LOAD build/default/debug/mcc_generated_files/clock.o
LOAD build/default/debug/mcc_generated_files/where_was_i.o
LOAD build/default/debug/mcc_generated_files/mcc.o
LOAD build/default/debug/mcc_generated_files/tmr3.o
LOAD build/default/debug/mcc_generated_files/oc1.o
LOAD build/default/debug/mcc_generated_files/adc1.o
LOAD build/default/debug/mcc_generated_files/oc2.o
LOAD build/default/debug/mcc_generated_files/ic1.o
LOAD build/default/debug/mcc_generated_files/i2c2.o
LOAD build/default/debug/mcc_generated_files/i2c1.o
LOAD build/default/debug/mcc_generated_files/tmr2.o
LOAD build/default/debug/mcc_generated_files/tmr1.o
LOAD build/default/debug/mcc_generated_files/uart1.o
LOAD build/default/debug/mcc_generated_files/delay.o
LOAD build/default/debug/mcc_generated_files/tmr4.o
LOAD build/default/debug/mcc_generated_files/oc3.o
LOAD build/default/debug/main.o
LOAD build/default/debug/flash_config.o
LOAD build/default/debug/adc_an9.o
                    0x0001                  __MPLAB_BUILD = 0x1
                    0x0001                  __MPLAB_DEBUG = 0x1
                    0x0001                  __DEBUG = 0x1
LOAD pPIC24Fxxx
LOAD c:/program files/microchip/xc16/v2.10/bin/bin/../../lib\libfx-elf.a
                    0x157f8                  __CONFIG4 = 0x157f8
                    0x157fa                  __CONFIG3 = 0x157fa
                    0x157fc                  __CONFIG2 = 0x157fc
                    0x157fe                  __CONFIG1 = 0x157fe
                    0x0200                  __CODE_BASE = 0x200
                    0x155f8                  __CODE_LENGTH = 0x155f8
                    0x0004                  __IVT_BASE = 0x4
                    0x0104                  __AIVT_BASE = 0x104
                    0x0800                  __DATA_BASE = 0x800
                    0x2000                  __DATA_LENGTH = 0x2000

.reset            0x002000          0x4
                  0x002000          0x2 SHORT 0x2004 ABSOLUTE (__reset)
                  0x002001          0x2 SHORT 0x4
                  0x002002          0x2 SHORT 0x0 ((ABSOLUTE (__reset) >> 0x10) & 0x7f)
                  0x002003          0x2 SHORT 0x0
 *(.reset)

.text             0x002004       0x355c
 *(.init)
 .init            0x002004         0x4c c:/program files/microchip/xc16/v2.10/bin/bin/../../lib\libc99-pic30-elf.a(crt0_extended24.o)
                  0x002004                  __resetPRI
                  0x002004                  __reset
                  0x002040                  __psv_init
 .init            0x002050         0xb8 c:/program files/microchip/xc16/v2.10/bin/bin/../../lib\libc99-pic30-elf.a(data_init_24.o)
                  0x002056                  __data_init
                  0x002056                  __data_init_da
 *(.user_init)
 *(.handle)
 .handle          0x002108         0x40 jump_table
 *(.isr*)
 .isr.text        0x002148         0x8c build/default/debug/mcc_generated_files/traps.o
                  0x002148                  __OscillatorFail
                  0x00216a                  __StackError
                  0x002190                  __AddressError
                  0x0021b2                  __MathError
 .isr.text        0x0021d4         0x30 build/default/debug/mcc_generated_files/tmr3.o
                  0x0021d4                  __T3Interrupt
 .isr.text        0x002204         0x40 build/default/debug/mcc_generated_files/adc1.o
                  0x002204                  __ADC1Interrupt
 .isr.text        0x002244         0x30 build/default/debug/mcc_generated_files/tmr2.o
                  0x002244                  __T2Interrupt
 .isr.text        0x002274         0x30 build/default/debug/mcc_generated_files/tmr1.o
                  0x002274                  __T1Interrupt
 .isr.text        0x0022a4         0x52 build/default/debug/mcc_generated_files/uart1.o
                  0x0022a4                  __U1TXInterrupt
                  0x0022c2                  __U1RXInterrupt
                  0x0022e0                  __U1ErrInterrupt
 .isr.text        0x0022f6         0x30 build/default/debug/mcc_generated_files/tmr4.o
                  0x0022f6                  __T4Interrupt
 .isr             0x002326          0x4 default_isr
                  0x002326                  __DefaultInterrupt
 *(.libc)
 .libc            0x00232a         0x88 c:/program files/microchip/xc16/v2.10/bin/bin/../../lib\libc99-pic30-elf.a(readda.Meo)
                  0x00232a                  _read
 .libc            0x0023b2         0x12 c:/program files/microchip/xc16/v2.10/bin/bin/../../lib\libc99-pic30-elf.a(closeda.Meo)
                  0x0023b2                  _close
 .libc            0x0023c4         0x84 c:/program files/microchip/xc16/v2.10/bin/bin/../../lib\libc99-pic30-elf.a(writeda.Meo)
                  0x0023c4                  _write
 .libc            0x002448         0x2a c:/program files/microchip/xc16/v2.10/bin/bin/../../lib\libc99-pic30-elf.a(sbrkda.Meo)
                  0x002448                  _sbrk
 .libc            0x002472         0x1a c:/program files/microchip/xc16/v2.10/bin/bin/../../lib\libc99-pic30-elf.a(brkda.Meo)
                  0x002472                  _brk
 *(.libm)
 *(.libdsp)
 *(.lib*)
 .libpic30_crt_start_mode
                  0x00248c          0x2 c:/program files/microchip/xc16/v2.10/bin/bin/../../lib\libc99-pic30-elf.a(crt_start_mode_normalda.Meo)
                  0x00248c                  __crt_start_mode
                  0x00248c                  __crt_start_mode_normal
 .libm.eqsf2      0x00248e          0x4 c:/program files/microchip/xc16/v2.10/bin/bin/../../lib\libc99-pic30-elf.a(feqltle.DA_o)
                  0x00248e                  ___eqsf2
                  0x00248e                  ___ltsf2
                  0x00248e                  ___lesf2
 .libm.gtsf2      0x002492          0x4 c:/program files/microchip/xc16/v2.10/bin/bin/../../lib\libc99-pic30-elf.a(fgtge.DA_o)
                  0x002492                  ___gesf2
                  0x002492                  ___gtsf2
 .libm.floatsisf
                  0x002496          0x6 c:/program files/microchip/xc16/v2.10/bin/bin/../../lib\libc99-pic30-elf.a(floatsisf.DA_o)
                  0x002496                  ___floatsisf
 .libm.udivsi3    0x00249c         0x20 c:/program files/microchip/xc16/v2.10/bin/bin/../../lib\libc99-pic30-elf.a(udivsi3.DA_o)
                  0x00249c                  ___udivsi3
 .libmx           0x0024bc        0x1dc c:/program files/microchip/xc16/v2.10/bin/bin/../../lib\libc99-pic30-elf.a(addsf3x.DA_o)
                  0x0024bc                  ___subsf3x
                  0x0024bc                  ___subsf3
                  0x0024ce                  ___addsf3x
                  0x0024ce                  ___addsf3
 .libmx           0x002698        0x1be c:/program files/microchip/xc16/v2.10/bin/bin/../../lib\libc99-pic30-elf.a(divsf3x.DA_o)
                  0x002698                  ___divsf3x
                  0x002698                  ___divsf3
                  0x00282a                  __sdivf
 .libmx           0x002856        0x10c c:/program files/microchip/xc16/v2.10/bin/bin/../../lib\libc99-pic30-elf.a(mulsf3x.DA_o)
                  0x002856                  ___mulsf3x
                  0x002856                  ___mulsf3
 .libmx           0x002962         0x54 c:/program files/microchip/xc16/v2.10/bin/bin/../../lib\libc99-pic30-elf.a(dnrmpackfx.DA_o)
                  0x002962                  __dnrmpackf
 .libmx           0x0029b6         0x5e c:/program files/microchip/xc16/v2.10/bin/bin/../../lib\libc99-pic30-elf.a(unpackdnrmfx.DA_o)
                  0x0029b6                  __unpackdnrmf
 .libmx           0x002a14         0x34 c:/program files/microchip/xc16/v2.10/bin/bin/../../lib\libc99-pic30-elf.a(typefx.DA_o)
                  0x002a14                  __typef
 .libmx           0x002a48         0x12 c:/program files/microchip/xc16/v2.10/bin/bin/../../lib\libc99-pic30-elf.a(propnanfx.DA_o)
                  0x002a48                  __propnanf
 .libmx           0x002a5a         0xa6 c:/program files/microchip/xc16/v2.10/bin/bin/../../lib\libc99-pic30-elf.a(spackfx.DA_o)
                  0x002a5a                  __spackf
 .libmx           0x002b00         0x66 c:/program files/microchip/xc16/v2.10/bin/bin/../../lib\libc99-pic30-elf.a(unpackfx.DA_o)
                  0x002b00                  __unpackf
 .libm.fcompare
                  0x002b66         0x36 c:/program files/microchip/xc16/v2.10/bin/bin/../../lib\libc99-pic30-elf.a(fcompare.DA_o)
                  0x002b66                  __fcompare
 .libm.floatdisf
                  0x002b9c         0x20 c:/program files/microchip/xc16/v2.10/bin/bin/../../lib\libc99-pic30-elf.a(floatdisf.DA_o)
                  0x002b9c                  ___floatdisf
 .libm.floatundisf
                  0x002bbc         0x5e c:/program files/microchip/xc16/v2.10/bin/bin/../../lib\libc99-pic30-elf.a(floatundisf.DA_o)
                  0x002bbc                  ___floatundisf
 .libm.fpack      0x002c1a         0x4c c:/program files/microchip/xc16/v2.10/bin/bin/../../lib\libc99-pic30-elf.a(fpack.DA_o)
                  0x002c1a                  __fpack
 .libm.funpack2
                  0x002c66         0x10 c:/program files/microchip/xc16/v2.10/bin/bin/../../lib\libc99-pic30-elf.a(funpack2.DA_o)
                  0x002c66                  __funpack2
 .libm.funpack    0x002c76         0x2a c:/program files/microchip/xc16/v2.10/bin/bin/../../lib\libc99-pic30-elf.a(funpack.DA_o)
                  0x002c76                  __funpack
 .libc.__wrap_snprintf
                  0x002ca0          0xc c:/program files/microchip/xc16/v2.10/bin/bin/../../lib\libc99-elf.a(__sio_snprintf_doux.DA_o)
                  0x002ca0                  __dsnprintf_cdnopuxX
                  0x002ca0                  __snprintf_cdnopuxX
 .libc.__sio_snprintf_doux
                  0x002cac          0xe c:/program files/microchip/xc16/v2.10/bin/bin/../../lib\libc99-elf.a(__sio_snprintf_doux.DA_o)
                  0x002cac                  ___sio_snprintf_doux
 .libc.__wrap_sprintf
                  0x002cba          0xc c:/program files/microchip/xc16/v2.10/bin/bin/../../lib\libc99-elf.a(__sio_sprintf_doux.DA_o)
                  0x002cba                  __sprintf_cdnopuxX
                  0x002cba                  __dsprintf_cdnopuxX
 .libc.__sio_sprintf_doux
                  0x002cc6          0xe c:/program files/microchip/xc16/v2.10/bin/bin/../../lib\libc99-elf.a(__sio_sprintf_doux.DA_o)
                  0x002cc6                  ___sio_sprintf_doux
 .libc.__wrap_sscanf
                  0x002cd4          0xc c:/program files/microchip/xc16/v2.10/bin/bin/../../lib\libc99-elf.a(__sio_sscanf_doux.DA_o)
                  0x002cd4                  __sscanf_cdnopuxX
                  0x002cd4                  __dsscanf_cdnopuxX
 .libc.__sio_sscanf_doux
                  0x002ce0          0xa c:/program files/microchip/xc16/v2.10/bin/bin/../../lib\libc99-elf.a(__sio_sscanf_doux.DA_o)
                  0x002ce0                  ___sio_sscanf_doux
 .libc.memcpy     0x002cea          0xe c:/program files/microchip/xc16/v2.10/bin/bin/../../lib\libc99-elf.a(memcpy.DA_o)
                  0x002cea                  _memcpy
 .libc.memset     0x002cf8         0xc8 c:/program files/microchip/xc16/v2.10/bin/bin/../../lib\libc99-elf.a(memset.DA_o)
                  0x002cf8                  _memset
 .libc.strcmp     0x002dc0         0x16 c:/program files/microchip/xc16/v2.10/bin/bin/../../lib\libc99-elf.a(strcmp.DA_o)
                  0x002dc0                  _strcmp
 .libc.strncmp    0x002dd6         0x2a c:/program files/microchip/xc16/v2.10/bin/bin/../../lib\libc99-elf.a(strncmp.DA_o)
                  0x002dd6                  _strncmp
 .libc.twobyte_strstr
                  0x002e00         0x2c c:/program files/microchip/xc16/v2.10/bin/bin/../../lib\libc99-elf.a(strstr.DA_o)
 .libc.threebyte_strstr
                  0x002e2c         0x5e c:/program files/microchip/xc16/v2.10/bin/bin/../../lib\libc99-elf.a(strstr.DA_o)
 .libc.fourbyte_strstr
                  0x002e8a         0x6c c:/program files/microchip/xc16/v2.10/bin/bin/../../lib\libc99-elf.a(strstr.DA_o)
 .libc.twoway_strstr
                  0x002ef6        0x19a c:/program files/microchip/xc16/v2.10/bin/bin/../../lib\libc99-elf.a(strstr.DA_o)
 .libc.strstr     0x003090         0x5a c:/program files/microchip/xc16/v2.10/bin/bin/../../lib\libc99-elf.a(strstr.DA_o)
                  0x003090                  _strstr
 .libc.strtox     0x0030ea         0x52 c:/program files/microchip/xc16/v2.10/bin/bin/../../lib\libc99-elf.a(strtol.DA_o)
 .libc.strtoull
                  0x00313c          0x8 c:/program files/microchip/xc16/v2.10/bin/bin/../../lib\libc99-elf.a(strtol.DA_o)
                  0x00313c                  ___strtoull_internal
                  0x00313c                  _strtoull
 .libc.strtoll    0x003144          0x8 c:/program files/microchip/xc16/v2.10/bin/bin/../../lib\libc99-elf.a(strtol.DA_o)
                  0x003144                  _strtoll
                  0x003144                  ___strtoll_internal
 .libc.strtoul    0x00314c          0x8 c:/program files/microchip/xc16/v2.10/bin/bin/../../lib\libc99-elf.a(strtol.DA_o)
                  0x00314c                  _strtoul
                  0x00314c                  ___strtoul_internal
 .libc.strtol     0x003154          0x8 c:/program files/microchip/xc16/v2.10/bin/bin/../../lib\libc99-elf.a(strtol.DA_o)
                  0x003154                  _strtol
                  0x003154                  ___strtol_internal
 .libc.strtoimax
                  0x00315c          0x2 c:/program files/microchip/xc16/v2.10/bin/bin/../../lib\libc99-elf.a(strtol.DA_o)
                  0x00315c                  ___strtoimax_internal
                  0x00315c                  _strtoimax
 .libc.strtoumax
                  0x00315e          0x2 c:/program files/microchip/xc16/v2.10/bin/bin/../../lib\libc99-elf.a(strtol.DA_o)
                  0x00315e                  _strtoumax
                  0x00315e                  ___strtoumax_internal
 .libc.__fmt_d    0x003160         0xb2 c:/program files/microchip/xc16/v2.10/bin/bin/../../lib\libc99-elf.a(__fmt_d.DA_o)
                  0x003160                  ___fmt_d
                  0x003160                  ___fmt_d_needed
 .libc.__fmt_o    0x003212         0x6a c:/program files/microchip/xc16/v2.10/bin/bin/../../lib\libc99-elf.a(__fmt_o.DA_o)
                  0x003212                  ___fmt_o
                  0x003212                  ___fmt_o_needed
 .libc.__fmt_s    0x00327c         0x54 c:/program files/microchip/xc16/v2.10/bin/bin/../../lib\libc99-elf.a(__fmt_s.DA_o)
                  0x00327c                  ___fmt_0_needed
                  0x00327c                  ___fmt_s_needed
                  0x00327c                  ___fmt_s
 .libc.__cvt_u    0x0032d0         0xa6 c:/program files/microchip/xc16/v2.10/bin/bin/../../lib\libc99-elf.a(__fmt_u.DA_o)
                  0x0032d0                  ___cvt_u
 .libc.__fmt_u    0x003376         0x52 c:/program files/microchip/xc16/v2.10/bin/bin/../../lib\libc99-elf.a(__fmt_u.DA_o)
                  0x003376                  ___fmt_u
                  0x003376                  ___fmt_u_needed
 .libc.__fmt_x    0x0033c8        0x14a c:/program files/microchip/xc16/v2.10/bin/bin/../../lib\libc99-elf.a(__fmt_x.DA_o)
                  0x0033c8                  ___fmt_x_needed
                  0x0033c8                  ___fmt_x
 .libc.__vsnprintf
                  0x003512         0x4a c:/program files/microchip/xc16/v2.10/bin/bin/../../lib\libc99-elf.a(__int_vsnprintf.DA_o)
                  0x003512                  ___vsnprintf
 .libc.__vsprintf
                  0x00355c          0x8 c:/program files/microchip/xc16/v2.10/bin/bin/../../lib\libc99-elf.a(__int_vsprintf.DA_o)
                  0x00355c                  ___vsprintf
 .libc.do_read    0x003564          0x2 c:/program files/microchip/xc16/v2.10/bin/bin/../../lib\libc99-elf.a(__int_vsscanf.DA_o)
                  0x003564                  __int_vsscanf.DA_o:_do_read
 .libc.__vsscanf
                  0x003566         0x1c c:/program files/microchip/xc16/v2.10/bin/bin/../../lib\libc99-elf.a(__int_vsscanf.DA_o)
                  0x003566                  ___vsscanf
 .libc.__pop_int
                  0x003582         0xa8 c:/program files/microchip/xc16/v2.10/bin/bin/../../lib\libc99-elf.a(__pop_int.DA_o)
                  0x003582                  ___pop_int
                  0x003582                  ___pop_int_needed
 .libc.__pop_ptr
                  0x00362a         0x70 c:/program files/microchip/xc16/v2.10/bin/bin/../../lib\libc99-elf.a(__pop_ptr.DA_o)
                  0x00362a                  ___pop_ptr_needed
                  0x00362a                  ___pop_ptr
 .libc.__string_out
                  0x00369a         0x26 c:/program files/microchip/xc16/v2.10/bin/bin/../../lib\libc99-elf.a(__printf_core.DA_o)
 .libc.__pad      0x0036c0         0x74 c:/program files/microchip/xc16/v2.10/bin/bin/../../lib\libc99-elf.a(__printf_core.DA_o)
                  0x0036c0                  ___pad
 .libc.__dummy_fmt3
                  0x003734          0x2 c:/program files/microchip/xc16/v2.10/bin/bin/../../lib\libc99-elf.a(__printf_core.DA_o)
 .libc.__dummy_fmt4
                  0x003736          0x2 c:/program files/microchip/xc16/v2.10/bin/bin/../../lib\libc99-elf.a(__printf_core.DA_o)
                  0x003736                  ___fmt_fp
                  0x003736                  ___fmt_a
 .libc.__dummy_fmts
                  0x003738          0x2 c:/program files/microchip/xc16/v2.10/bin/bin/../../lib\libc99-elf.a(__printf_core.DA_o)
 .libc.__fmt_state
                  0x00373a         0x2c c:/program files/microchip/xc16/v2.10/bin/bin/../../lib\libc99-elf.a(__printf_core.DA_o)
                  0x00373a                  ___fmt_state
 .libc.vfpfcnvrt.clone.0
                  0x003766        0x2d8 c:/program files/microchip/xc16/v2.10/bin/bin/../../lib\libc99-elf.a(__printf_core.DA_o)
 .libc.__printf_core
                  0x003a3e         0x40 c:/program files/microchip/xc16/v2.10/bin/bin/../../lib\libc99-elf.a(__printf_core.DA_o)
                  0x003a3e                  ___printf_core
 .libc.__scan_d
                  0x003a7e         0x2e c:/program files/microchip/xc16/v2.10/bin/bin/../../lib\libc99-elf.a(__scan_d.DA_o)
                  0x003a7e                  ___scan_d
                  0x003a7e                  ___scan_d_needed
 .libc.__scan_i
                  0x003aac        0x142 c:/program files/microchip/xc16/v2.10/bin/bin/../../lib\libc99-elf.a(__scan_i.DA_o)
                  0x003aac                  ___scan_i_needed
                  0x003aac                  ___scan_i
 .libc.__scan_o
                  0x003bee         0x98 c:/program files/microchip/xc16/v2.10/bin/bin/../../lib\libc99-elf.a(__scan_o.DA_o)
                  0x003bee                  ___scan_o
                  0x003bee                  ___scan_o_needed
 .libc.__isspace
                  0x003c86         0x14 c:/program files/microchip/xc16/v2.10/bin/bin/../../lib\libc99-elf.a(__scan_s.DA_o)
 .libc.__scan_s
                  0x003c9a         0x8a c:/program files/microchip/xc16/v2.10/bin/bin/../../lib\libc99-elf.a(__scan_s.DA_o)
                  0x003c9a                  ___scan_s_needed
                  0x003c9a                  ___scan_s
 .libc.__scan_u
                  0x003d24         0x2e c:/program files/microchip/xc16/v2.10/bin/bin/../../lib\libc99-elf.a(__scan_u.DA_o)
                  0x003d24                  ___scan_u_needed
                  0x003d24                  ___scan_u
 .libc.__scan_x
                  0x003d52         0xdc c:/program files/microchip/xc16/v2.10/bin/bin/../../lib\libc99-elf.a(__scan_x.DA_o)
                  0x003d52                  ___scan_x_needed
                  0x003d52                  ___scan_x
 .libc.__isspace
                  0x003e2e         0x14 c:/program files/microchip/xc16/v2.10/bin/bin/../../lib\libc99-elf.a(__scanf_core.DA_o)
 .libc.__skipws
                  0x003e42         0x3a c:/program files/microchip/xc16/v2.10/bin/bin/../../lib\libc99-elf.a(__scanf_core.DA_o)
                  0x003e42                  ___skipws
 .libc.__consumews
                  0x003e7c         0x2c c:/program files/microchip/xc16/v2.10/bin/bin/../../lib\libc99-elf.a(__scanf_core.DA_o)
                  0x003e7c                  ___consumews
 .libc.vfsfcnvrt.clone.0
                  0x003ea8        0x39e c:/program files/microchip/xc16/v2.10/bin/bin/../../lib\libc99-elf.a(__scanf_core.DA_o)
 .libc.__dummy_scan
                  0x004246          0x2 c:/program files/microchip/xc16/v2.10/bin/bin/../../lib\libc99-elf.a(__scanf_core.DA_o)
                  0x004246                  ___scan_a
                  0x004246                  ___scan_fp
 .libc.__dummy_scan_s
                  0x004248          0x2 c:/program files/microchip/xc16/v2.10/bin/bin/../../lib\libc99-elf.a(__scanf_core.DA_o)
 .libc.__scanf_core
                  0x00424a         0x48 c:/program files/microchip/xc16/v2.10/bin/bin/../../lib\libc99-elf.a(__scanf_core.DA_o)
                  0x00424a                  ___scanf_core
 .libc.__string_read
                  0x004292         0x44 c:/program files/microchip/xc16/v2.10/bin/bin/../../lib\libc99-elf.a(__string_read.DA_o)
                  0x004292                  ___string_read
 .libc.__isspace
                  0x0042d6         0x14 c:/program files/microchip/xc16/v2.10/bin/bin/../../lib\libc99-elf.a(atoi.DA_o)
 .libc.atoi       0x0042ea         0x4c c:/program files/microchip/xc16/v2.10/bin/bin/../../lib\libc99-elf.a(atoi.DA_o)
                  0x0042ea                  _atoi
 .libc.__isspace
                  0x004336         0x14 c:/program files/microchip/xc16/v2.10/bin/bin/../../lib\libc99-elf.a(intscan.DA_o)
 .libc.__intscan
                  0x00434a        0x432 c:/program files/microchip/xc16/v2.10/bin/bin/../../lib\libc99-elf.a(intscan.DA_o)
                  0x00434a                  ___intscan
 .libc.isxdigit
                  0x00477c         0x18 c:/program files/microchip/xc16/v2.10/bin/bin/../../lib\libc99-elf.a(isxdigit.DA_o)
                  0x00477c                  _isxdigit
 .libc.__isxdigit_l
                  0x004794          0x2 c:/program files/microchip/xc16/v2.10/bin/bin/../../lib\libc99-elf.a(isxdigit.DA_o)
                  0x004794                  _isxdigit_l
                  0x004794                  ___isxdigit_l
 .libc.memchr     0x004796         0x60 c:/program files/microchip/xc16/v2.10/bin/bin/../../lib\libc99-elf.a(memchr.DA_o)
                  0x004796                  _memchr
 .libc.memcmp     0x0047f6         0x1c c:/program files/microchip/xc16/v2.10/bin/bin/../../lib\libc99-elf.a(memcmp.DA_o)
                  0x0047f6                  _memcmp
 .libc.__shlim    0x004812         0x4a c:/program files/microchip/xc16/v2.10/bin/bin/../../lib\libc99-elf.a(shgetc.DA_o)
                  0x004812                  ___shlim
 .libc.__shgetc
                  0x00485c        0x130 c:/program files/microchip/xc16/v2.10/bin/bin/../../lib\libc99-elf.a(shgetc.DA_o)
                  0x00485c                  ___shgetc
 .libc.strchr     0x00498c         0x12 c:/program files/microchip/xc16/v2.10/bin/bin/../../lib\libc99-elf.a(strchr.DA_o)
                  0x00498c                  _strchr
 .libc.__strchrnul
                  0x00499e         0x58 c:/program files/microchip/xc16/v2.10/bin/bin/../../lib\libc99-elf.a(strchrnul.DA_o)
                  0x00499e                  ___strchrnul
                  0x00499e                  _strchrnul
 .libc.strlen     0x0049f6         0x30 c:/program files/microchip/xc16/v2.10/bin/bin/../../lib\libc99-elf.a(strlen.DA_o)
                  0x0049f6                  _strlen
 .libc.tolower    0x004a26          0xc c:/program files/microchip/xc16/v2.10/bin/bin/../../lib\libc99-elf.a(tolower.DA_o)
                  0x004a26                  _tolower
 .libc.__tolower_l
                  0x004a32          0x2 c:/program files/microchip/xc16/v2.10/bin/bin/../../lib\libc99-elf.a(tolower.DA_o)
                  0x004a32                  ___tolower_l
                  0x004a32                  _tolower_l
 .libc.toupper    0x004a34          0xc c:/program files/microchip/xc16/v2.10/bin/bin/../../lib\libc99-elf.a(toupper.DA_o)
                  0x004a34                  _toupper
 .libc.__toupper_l
                  0x004a40          0x2 c:/program files/microchip/xc16/v2.10/bin/bin/../../lib\libc99-elf.a(toupper.DA_o)
                  0x004a40                  ___toupper_l
                  0x004a40                  _toupper_l
 .libc.__vfprintf
                  0x004a42         0x1c c:/program files/microchip/xc16/v2.10/bin/bin/../../lib\libc99-elf.a(__int_vfprintf.DA_o)
                  0x004a42                  ___vfprintf
 .libc.__vfscanf
                  0x004a5e         0x1c c:/program files/microchip/xc16/v2.10/bin/bin/../../lib\libc99-elf.a(__int_vfscanf.DA_o)
                  0x004a5e                  ___vfscanf
 .libc.__pop_float
                  0x004a7a         0x3e c:/program files/microchip/xc16/v2.10/bin/bin/../../lib\libc99-elf.a(__pop_float.DA_o)
                  0x004a7a                  ___pop_float
                  0x004a7a                  ___pop_float_needed
 .libc.__push_float
                  0x004ab8         0x3e c:/program files/microchip/xc16/v2.10/bin/bin/../../lib\libc99-elf.a(__push_float.DA_o)
                  0x004ab8                  ___push_float
                  0x004ab8                  ___push_float_needed
 .libc.__push_int
                  0x004af6         0x72 c:/program files/microchip/xc16/v2.10/bin/bin/../../lib\libc99-elf.a(__push_int.DA_o)
                  0x004af6                  ___push_int
                  0x004af6                  ___push_int_needed
 .libc.__read_int
                  0x004b68         0x8a c:/program files/microchip/xc16/v2.10/bin/bin/../../lib\libc99-elf.a(__read_int.DA_o)
                  0x004b68                  ___read_int
 .libc.__towrite_rw
                  0x004bf2         0x1c c:/program files/microchip/xc16/v2.10/bin/bin/../../lib\libc99-elf.a(__towrite_rw.DA_o)
                  0x004bf2                  ___towrite_rw
                  0x004bf2                  ___towrite_rw_needed
 .libc.__uflow    0x004c0e         0x2a c:/program files/microchip/xc16/v2.10/bin/bin/../../lib\libc99-elf.a(__uflow.DA_o)
                  0x004c0e                  ___uflow
 .libc.__fopen_rw
                  0x004c38         0x38 c:/program files/microchip/xc16/v2.10/bin/bin/../../lib\libc99-elf.a(__fopen_rw.DA_o)
                  0x004c38                  ___fopen_rw
                  0x004c38                  ___fopen_rw_needed
 .libc.__ftello_adj_rw
                  0x004c70         0x36 c:/program files/microchip/xc16/v2.10/bin/bin/../../lib\libc99-elf.a(__ftello_rw.DA_o)
                  0x004c70                  ___ftello_adj_rw
                  0x004c70                  ___ftello_adj_rw_needed
 .libc.__string_out
                  0x004ca6         0x26 c:/program files/microchip/xc16/v2.10/bin/bin/../../lib\libc99-elf.a(__out.DA_o)
 .libc.__fwrite_min
                  0x004ccc          0x4 c:/program files/microchip/xc16/v2.10/bin/bin/../../lib\libc99-elf.a(__out.DA_o)
                  0x004ccc                  ___stdio_write
                  0x004ccc                  ___stdio_write_unbuffered
 .libc.__out      0x004cd0         0x10 c:/program files/microchip/xc16/v2.10/bin/bin/../../lib\libc99-elf.a(__out.DA_o)
                  0x004cd0                  ___out_needed
                  0x004cd0                  ___out
 .libc.__putc     0x004ce0         0x32 c:/program files/microchip/xc16/v2.10/bin/bin/../../lib\libc99-elf.a(__putc.DA_o)
                  0x004ce0                  ___putc_needed
                  0x004ce0                  ___putc
 .libc.__dummy    0x004d12          0x2 c:/program files/microchip/xc16/v2.10/bin/bin/../../lib\libc99-elf.a(__stderr.DA_o)
 .libc.__get_stderr
                  0x004d14          0x4 c:/program files/microchip/xc16/v2.10/bin/bin/../../lib\libc99-elf.a(__stderr.DA_o)
                  0x004d14                  ___get_stderr
                  0x004d14                  ___init_stderr_needed
 .libc.__stdio_close
                  0x004d18         0x3e c:/program files/microchip/xc16/v2.10/bin/bin/../../lib\libc99-elf.a(__stdio_close.DA_o)
                  0x004d18                  ___stdio_close
 .libc.__stdio_close_rw
                  0x004d56         0x58 c:/program files/microchip/xc16/v2.10/bin/bin/../../lib\libc99-elf.a(__stdio_close.DA_o)
                  0x004d56                  ___stdio_close_rw
 .libc.__dummy    0x004dae          0x2 c:/program files/microchip/xc16/v2.10/bin/bin/../../lib\libc99-elf.a(__stdio_exit.DA_o)
                  0x004dae                  ___stdio_exit_ofl
 .libc.__dummy1
                  0x004db0          0x2 c:/program files/microchip/xc16/v2.10/bin/bin/../../lib\libc99-elf.a(__stdio_exit.DA_o)
 .libc.__stdio_exit
                  0x004db2         0x14 c:/program files/microchip/xc16/v2.10/bin/bin/../../lib\libc99-elf.a(__stdio_exit.DA_o)
                  0x004db2                  ___stdio_exit_needed
                  0x004db2                  ___stdio_exit
 .libc.__stdio_read
                  0x004dc6         0x6a c:/program files/microchip/xc16/v2.10/bin/bin/../../lib\libc99-elf.a(__stdio_read.DA_o)
                  0x004dc6                  ___stdio_read
 .libc.__stdio_seek_unbuffered
                  0x004e30         0x2a c:/program files/microchip/xc16/v2.10/bin/bin/../../lib\libc99-elf.a(__stdio_seek.DA_o)
                  0x004e30                  ___stdio_seek_needed
                  0x004e30                  ___stdio_seek_unbuffered
 .libc.__stdio_seek
                  0x004e5a         0x50 c:/program files/microchip/xc16/v2.10/bin/bin/../../lib\libc99-elf.a(__stdio_seek.DA_o)
                  0x004e5a                  ___stdio_seek
 .libc.__stdio_seek_rw
                  0x004eaa         0x82 c:/program files/microchip/xc16/v2.10/bin/bin/../../lib\libc99-elf.a(__stdio_seek.DA_o)
                  0x004eaa                  ___stdio_seek_rw
 .libc.__dummy    0x004f2c          0x2 c:/program files/microchip/xc16/v2.10/bin/bin/../../lib\libc99-elf.a(__stdout.DA_o)
 .libc.__get_stdout
                  0x004f2e          0x4 c:/program files/microchip/xc16/v2.10/bin/bin/../../lib\libc99-elf.a(__stdout.DA_o)
                  0x004f2e                  ___get_stdout
                  0x004f2e                  ___init_stdout_needed
 .libc.__toread
                  0x004f32         0x48 c:/program files/microchip/xc16/v2.10/bin/bin/../../lib\libc99-elf.a(__toread.DA_o)
                  0x004f32                  ___toread
 .libc.__toread_needs_stdio_exit
                  0x004f7a          0x2 c:/program files/microchip/xc16/v2.10/bin/bin/../../lib\libc99-elf.a(__toread.DA_o)
                  0x004f7a                  ___toread_needs_stdio_exit
 .libc.__simple_malloc
                  0x004f7c         0x86 c:/program files/microchip/xc16/v2.10/bin/bin/../../lib\libc99-elf.a(lite_malloc.DA_o)
                  0x004f7c                  ___malloc0
                  0x004f7c                  _malloc
                  0x004f7c                  ___simple_malloc
 .libc.__lseek    0x005002          0xc c:/program files/microchip/xc16/v2.10/bin/bin/../../lib\libc99-elf.a(lseek.DA_o)
                  0x005002                  _lseek
                  0x005002                  ___lseek
 .libc.__putc_unbuffered
                  0x00500e         0x2e c:/program files/microchip/xc16/v2.10/bin/bin/../../lib\libc99-elf.a(putc.DA_o)
                  0x00500e                  ___putc_unbuffered
 .libc.putc       0x00503c          0x2 c:/program files/microchip/xc16/v2.10/bin/bin/../../lib\libc99-elf.a(putc.DA_o)
                  0x00503c                  _putc
                  0x00503c                  _fputc
                  0x00503c                  _putc_unlocked
                  0x00503c                  __IO_putc
 .libc.__readv    0x00503e         0x2e c:/program files/microchip/xc16/v2.10/bin/bin/../../lib\libc99-elf.a(readv.DA_o)
                  0x00503e                  _readv
 .libc.__syscall_ret
                  0x00506c         0x14 c:/program files/microchip/xc16/v2.10/bin/bin/../../lib\libc99-elf.a(syscall_ret.DA_o)
                  0x00506c                  ___syscall_ret
 .libc.__fclose
                  0x005080         0x14 c:/program files/microchip/xc16/v2.10/bin/bin/../../lib\libc99-elf.a(__fclose.DA_o)
                  0x005080                  ___fclose_needed
                  0x005080                  ___fclose
 .libc.__dummy    0x005094          0x6 c:/program files/microchip/xc16/v2.10/bin/bin/../../lib\libc99-elf.a(__fopen.DA_o)
 .libc.__fopen_std
                  0x00509a         0x26 c:/program files/microchip/xc16/v2.10/bin/bin/../../lib\libc99-elf.a(__fopen.DA_o)
 .libc.__fopen    0x0050c0          0x2 c:/program files/microchip/xc16/v2.10/bin/bin/../../lib\libc99-elf.a(__fopen.DA_o)
                  0x0050c0                  ___fopen
                  0x0050c0                  ___fopen_needed
 .libc.__fseeko
                  0x0050c2          0x4 c:/program files/microchip/xc16/v2.10/bin/bin/../../lib\libc99-elf.a(__fseeko.DA_o)
                  0x0050c2                  ___fseeko_unlocked
                  0x0050c2                  _fseeko
                  0x0050c2                  ___fseeko
                  0x0050c2                  ___fseeko_needed
 .libc.__dummy    0x0050c6         0x20 c:/program files/microchip/xc16/v2.10/bin/bin/../../lib\libc99-elf.a(__ftello.DA_o)
 .libc.__ftello_adj
                  0x0050e6          0x2 c:/program files/microchip/xc16/v2.10/bin/bin/../../lib\libc99-elf.a(__ftello.DA_o)
                  0x0050e6                  ___ftello_adj_needed
                  0x0050e6                  ___ftello_adj
 .libc.__fwrite
                  0x0050e8          0xc c:/program files/microchip/xc16/v2.10/bin/bin/../../lib\libc99-elf.a(__fwrite.DA_o)
                  0x0050e8                  ___fwrite
                  0x0050e8                  ___fwrite_needed
 .libc.__overflow
                  0x0050f4         0x50 c:/program files/microchip/xc16/v2.10/bin/bin/../../lib\libc99-elf.a(__overflow.DA_o)
                  0x0050f4                  ___overflow
 .libc.__dummy    0x005144          0x2 c:/program files/microchip/xc16/v2.10/bin/bin/../../lib\libc99-elf.a(__towrite.DA_o)
 .libc.__towrite
                  0x005146         0x1c c:/program files/microchip/xc16/v2.10/bin/bin/../../lib\libc99-elf.a(__towrite.DA_o)
                  0x005146                  ___towrite
 .libc.__expand_heap
                  0x005162         0x14 c:/program files/microchip/xc16/v2.10/bin/bin/../../lib\libc99-elf.a(expand_heap.DA_o)
                  0x005162                  ___expand_heap
 .libc.__dummy    0x005176          0x2 c:/program files/microchip/xc16/v2.10/bin/bin/../../lib\libc99-elf.a(__init_stdio.DA_o)
                  0x005176                  ___init_stdout
                  0x005176                  ___init_stderr
                  0x005176                  ___init_stdin
 .libc.__init_stdio
                  0x005178          0x6 c:/program files/microchip/xc16/v2.10/bin/bin/../../lib\libc99-elf.a(__init_stdio.DA_o)
                  0x005178                  ___init_stdio
                  0x005178                  ___init_stdio_needed
 .libc.doread     0x00517e          0x4 c:/program files/microchip/xc16/v2.10/bin/bin/../../lib\libc99-pic30-elf.a(readda.Meo)
 .libc.doclose    0x005182          0x4 c:/program files/microchip/xc16/v2.10/bin/bin/../../lib\libc99-pic30-elf.a(closeda.Meo)
 .libc.dowrite    0x005186          0x4 c:/program files/microchip/xc16/v2.10/bin/bin/../../lib\libc99-pic30-elf.a(writeda.Meo)
 .libm.extendsfdf2
                  0x00518a         0x3e c:/program files/microchip/xc16/v2.10/bin/bin/../../lib\libc99-pic30-elf.a(extendsfdf.DA_o)
                  0x00518a                  ___extendsfdf2
 .libm.truncdfsf2
                  0x0051c8         0x56 c:/program files/microchip/xc16/v2.10/bin/bin/../../lib\libc99-pic30-elf.a(truncdfsf.DA_o)
                  0x0051c8                  ___truncdfsf2
 .libm.mulsi3     0x00521e          0xc c:/program files/microchip/xc16/v2.10/bin/bin/../../lib\libc99-pic30-elf.a(mulsi3.DA_o)
                  0x00521e                  ___mulp32peds3
                  0x00521e                  ___mulsi3
                  0x00521e                  ___mulp32eds3
 .libm.__PplusBdi
                  0x00522a         0x26 c:/program files/microchip/xc16/v2.10/bin/bin/../../lib\libc99-pic30-elf.a(divmoddi3.DA_o)
 .libm.__PminusBdi
                  0x005250         0x26 c:/program files/microchip/xc16/v2.10/bin/bin/../../lib\libc99-pic30-elf.a(divmoddi3.DA_o)
 .libm.__udivmoddi3
                  0x005276         0xe6 c:/program files/microchip/xc16/v2.10/bin/bin/../../lib\libc99-pic30-elf.a(divmoddi3.DA_o)
                  0x005276                  ___udivmoddi3
 .libm.__udivdi3
                  0x00535c          0xe c:/program files/microchip/xc16/v2.10/bin/bin/../../lib\libc99-pic30-elf.a(divmoddi3.DA_o)
                  0x00535c                  ___udivdi3
 .libm.__umoddi3
                  0x00536a          0x8 c:/program files/microchip/xc16/v2.10/bin/bin/../../lib\libc99-pic30-elf.a(divmoddi3.DA_o)
                  0x00536a                  ___umoddi3
 .libm.__divdi3
                  0x005372         0x60 c:/program files/microchip/xc16/v2.10/bin/bin/../../lib\libc99-pic30-elf.a(divmoddi3.DA_o)
                  0x005372                  ___divdi3
 .libm.__moddi3
                  0x0053d2         0x5c c:/program files/microchip/xc16/v2.10/bin/bin/../../lib\libc99-pic30-elf.a(divmoddi3.DA_o)
                  0x0053d2                  ___moddi3
 .libm.__muldi3
                  0x00542e         0x52 c:/program files/microchip/xc16/v2.10/bin/bin/../../lib\libc99-pic30-elf.a(muldi3.DA_o)
                  0x00542e                  ___muldi3
 .libm.dunpack    0x005480         0x4e c:/program files/microchip/xc16/v2.10/bin/bin/../../lib\libc99-pic30-elf.a(dunpack.DA_o)
                  0x005480                  __dunpack
 .libm.dunpack2
                  0x0054ce         0x32 c:/program files/microchip/xc16/v2.10/bin/bin/../../lib\libc99-pic30-elf.a(dunpack2.DA_o)
                  0x0054ce                  __dunpack2
                  0x0054f0                  __dreturnNaN
                  0x0054f6                  __dunpack2exit
 .libm.umuldi3    0x005500         0x44 c:/program files/microchip/xc16/v2.10/bin/bin/../../lib\libc99-pic30-elf.a(umuldi3.DA_o)
                  0x005500                  ___umuldi3
 .libm.dPropagateNaN
                  0x005544         0x1c c:/program files/microchip/xc16/v2.10/bin/bin/../../lib\libc99-pic30-elf.a(dpropagateNaN.DA_o)
                  0x005544                  __dPropagateNaN
 *(.init)
 *(.user_init)
 *(.handle)
 *(.isr*)
 *(.libc)
 *(.libm)
 *(.libdsp)
 *(.lib*)

usercode
 *(usercode)
 *(usercode)

__CONFIG4
 *(__CONFIG4.sec*)
 *(__CONFIG4.sec*)

__CONFIG3
 *(__CONFIG3.sec*)
 *(__CONFIG3.sec*)

__CONFIG2
 *(__CONFIG2.sec*)
 *(__CONFIG2.sec*)

__CONFIG1
 *(__CONFIG1.sec*)
 *(__CONFIG1.sec*)

.comment
 *(.comment)
 *(.comment)

.debug_info       0x000000      0x129f4
 *(.debug_info)
 .debug_info      0x000000         0xb1 build/default/debug/mcc_generated_files/memory/flash.o
 .debug_info      0x0000b1        0xb50 build/default/debug/mcc_generated_files/system.o
 .debug_info      0x000c01       0x1029 build/default/debug/mcc_generated_files/interrupt_manager.o
 .debug_info      0x001c2a        0xe83 build/default/debug/mcc_generated_files/pin_manager.o
 .debug_info      0x002aad        0x3c0 build/default/debug/mcc_generated_files/traps.o
 .debug_info      0x002e6d        0x2a9 build/default/debug/mcc_generated_files/clock.o
 .debug_info      0x003116         0xb0 build/default/debug/mcc_generated_files/where_was_i.o
 .debug_info      0x0031c6        0x91a build/default/debug/mcc_generated_files/tmr3.o
 .debug_info      0x003ae0        0x9c3 build/default/debug/mcc_generated_files/oc1.o
 .debug_info      0x0044a3        0xe4c build/default/debug/mcc_generated_files/adc1.o
 .debug_info      0x0052ef        0x9c3 build/default/debug/mcc_generated_files/oc2.o
 .debug_info      0x005cb2        0x7b2 build/default/debug/mcc_generated_files/ic1.o
 .debug_info      0x006464        0x615 build/default/debug/mcc_generated_files/i2c2.o
 .debug_info      0x006a79        0x615 build/default/debug/mcc_generated_files/i2c1.o
 .debug_info      0x00708e        0x8a5 build/default/debug/mcc_generated_files/tmr2.o
 .debug_info      0x007933        0x93e build/default/debug/mcc_generated_files/tmr1.o
 .debug_info      0x008271       0x1104 build/default/debug/mcc_generated_files/uart1.o
 .debug_info      0x009375        0x1e7 build/default/debug/mcc_generated_files/delay.o
 .debug_info      0x00955c        0x87f build/default/debug/mcc_generated_files/tmr4.o
 .debug_info      0x009ddb        0x9b0 build/default/debug/mcc_generated_files/oc3.o
 .debug_info      0x00a78b       0x56c4 build/default/debug/main.o
 .debug_info      0x00fe4f        0x653 build/default/debug/flash_config.o
 .debug_info      0x0104a2       0x1655 build/default/debug/adc_an9.o
 .debug_info      0x011af7         0x8d c:/program files/microchip/xc16/v2.10/bin/bin/../../lib\libc99-pic30-elf.a(feqltle.DA_o)
 .debug_info      0x011b84         0x8b c:/program files/microchip/xc16/v2.10/bin/bin/../../lib\libc99-pic30-elf.a(fgtge.DA_o)
 .debug_info      0x011c0f         0x8f c:/program files/microchip/xc16/v2.10/bin/bin/../../lib\libc99-pic30-elf.a(floatsisf.DA_o)
 .debug_info      0x011c9e         0x8d c:/program files/microchip/xc16/v2.10/bin/bin/../../lib\libc99-pic30-elf.a(udivsi3.DA_o)
 .debug_info      0x011d2b         0x9d c:/program files/microchip/xc16/v2.10/bin/bin/../../lib\libc99-pic30-elf.a(addsf3x.DA_o)
 .debug_info      0x011dc8         0x9d c:/program files/microchip/xc16/v2.10/bin/bin/../../lib\libc99-pic30-elf.a(divsf3x.DA_o)
 .debug_info      0x011e65         0x9d c:/program files/microchip/xc16/v2.10/bin/bin/../../lib\libc99-pic30-elf.a(mulsf3x.DA_o)
 .debug_info      0x011f02         0xa0 c:/program files/microchip/xc16/v2.10/bin/bin/../../lib\libc99-pic30-elf.a(dnrmpackfx.DA_o)
 .debug_info      0x011fa2         0xa2 c:/program files/microchip/xc16/v2.10/bin/bin/../../lib\libc99-pic30-elf.a(unpackdnrmfx.DA_o)
 .debug_info      0x012044         0x9c c:/program files/microchip/xc16/v2.10/bin/bin/../../lib\libc99-pic30-elf.a(typefx.DA_o)
 .debug_info      0x0120e0         0x9f c:/program files/microchip/xc16/v2.10/bin/bin/../../lib\libc99-pic30-elf.a(propnanfx.DA_o)
 .debug_info      0x01217f         0x9d c:/program files/microchip/xc16/v2.10/bin/bin/../../lib\libc99-pic30-elf.a(spackfx.DA_o)
 .debug_info      0x01221c         0x9e c:/program files/microchip/xc16/v2.10/bin/bin/../../lib\libc99-pic30-elf.a(unpackfx.DA_o)
 .debug_info      0x0122ba         0x8e c:/program files/microchip/xc16/v2.10/bin/bin/../../lib\libc99-pic30-elf.a(fcompare.DA_o)
 .debug_info      0x012348         0x8f c:/program files/microchip/xc16/v2.10/bin/bin/../../lib\libc99-pic30-elf.a(floatdisf.DA_o)
 .debug_info      0x0123d7         0x91 c:/program files/microchip/xc16/v2.10/bin/bin/../../lib\libc99-pic30-elf.a(floatundisf.DA_o)
 .debug_info      0x012468         0x8b c:/program files/microchip/xc16/v2.10/bin/bin/../../lib\libc99-pic30-elf.a(fpack.DA_o)
 .debug_info      0x0124f3         0x8e c:/program files/microchip/xc16/v2.10/bin/bin/../../lib\libc99-pic30-elf.a(funpack2.DA_o)
 .debug_info      0x012581         0x8d c:/program files/microchip/xc16/v2.10/bin/bin/../../lib\libc99-pic30-elf.a(funpack.DA_o)
 .debug_info      0x01260e         0x90 c:/program files/microchip/xc16/v2.10/bin/bin/../../lib\libc99-pic30-elf.a(extendsfdf.DA_o)
 .debug_info      0x01269e         0x8f c:/program files/microchip/xc16/v2.10/bin/bin/../../lib\libc99-pic30-elf.a(truncdfsf.DA_o)
 .debug_info      0x01272d         0x8c c:/program files/microchip/xc16/v2.10/bin/bin/../../lib\libc99-pic30-elf.a(mulsi3.DA_o)
 .debug_info      0x0127b9         0x8d c:/program files/microchip/xc16/v2.10/bin/bin/../../lib\libc99-pic30-elf.a(dunpack.DA_o)
 .debug_info      0x012846         0x8e c:/program files/microchip/xc16/v2.10/bin/bin/../../lib\libc99-pic30-elf.a(dunpack2.DA_o)
 .debug_info      0x0128d4         0x8d c:/program files/microchip/xc16/v2.10/bin/bin/../../lib\libc99-pic30-elf.a(umuldi3.DA_o)
 .debug_info      0x012961         0x93 c:/program files/microchip/xc16/v2.10/bin/bin/../../lib\libc99-pic30-elf.a(dpropagateNaN.DA_o)
 *(.gnu.linkonce.wi.*)
 *(.debug_info)
 *(.gnu.linkonce.wi.*)

.debug_abbrev     0x000000       0x1c35
 *(.debug_abbrev)
 .debug_abbrev    0x000000         0x14 build/default/debug/mcc_generated_files/memory/flash.o
 .debug_abbrev    0x000014         0xdf build/default/debug/mcc_generated_files/system.o
 .debug_abbrev    0x0000f3         0xb4 build/default/debug/mcc_generated_files/interrupt_manager.o
 .debug_abbrev    0x0001a7         0xd6 build/default/debug/mcc_generated_files/pin_manager.o
 .debug_abbrev    0x00027d        0x10d build/default/debug/mcc_generated_files/traps.o
 .debug_abbrev    0x00038a         0x59 build/default/debug/mcc_generated_files/clock.o
 .debug_abbrev    0x0003e3         0x14 build/default/debug/mcc_generated_files/where_was_i.o
 .debug_abbrev    0x0003f7          0x1 build/default/debug/mcc_generated_files/mcc.o
 .debug_abbrev    0x0003f8        0x18d build/default/debug/mcc_generated_files/tmr3.o
 .debug_abbrev    0x000585        0x14f build/default/debug/mcc_generated_files/oc1.o
 .debug_abbrev    0x0006d4        0x12a build/default/debug/mcc_generated_files/adc1.o
 .debug_abbrev    0x0007fe        0x14f build/default/debug/mcc_generated_files/oc2.o
 .debug_abbrev    0x00094d         0xeb build/default/debug/mcc_generated_files/ic1.o
 .debug_abbrev    0x000a38        0x113 build/default/debug/mcc_generated_files/i2c2.o
 .debug_abbrev    0x000b4b        0x113 build/default/debug/mcc_generated_files/i2c1.o
 .debug_abbrev    0x000c5e        0x18d build/default/debug/mcc_generated_files/tmr2.o
 .debug_abbrev    0x000deb        0x18d build/default/debug/mcc_generated_files/tmr1.o
 .debug_abbrev    0x000f78        0x21b build/default/debug/mcc_generated_files/uart1.o
 .debug_abbrev    0x001193         0x67 build/default/debug/mcc_generated_files/delay.o
 .debug_abbrev    0x0011fa        0x18d build/default/debug/mcc_generated_files/tmr4.o
 .debug_abbrev    0x001387        0x14f build/default/debug/mcc_generated_files/oc3.o
 .debug_abbrev    0x0014d6        0x257 build/default/debug/main.o
 .debug_abbrev    0x00172d        0x17f build/default/debug/flash_config.o
 .debug_abbrev    0x0018ac        0x181 build/default/debug/adc_an9.o
 .debug_abbrev    0x001a2d         0x14 c:/program files/microchip/xc16/v2.10/bin/bin/../../lib\libc99-pic30-elf.a(feqltle.DA_o)
 .debug_abbrev    0x001a41         0x14 c:/program files/microchip/xc16/v2.10/bin/bin/../../lib\libc99-pic30-elf.a(fgtge.DA_o)
 .debug_abbrev    0x001a55         0x14 c:/program files/microchip/xc16/v2.10/bin/bin/../../lib\libc99-pic30-elf.a(floatsisf.DA_o)
 .debug_abbrev    0x001a69         0x14 c:/program files/microchip/xc16/v2.10/bin/bin/../../lib\libc99-pic30-elf.a(udivsi3.DA_o)
 .debug_abbrev    0x001a7d         0x14 c:/program files/microchip/xc16/v2.10/bin/bin/../../lib\libc99-pic30-elf.a(addsf3x.DA_o)
 .debug_abbrev    0x001a91         0x14 c:/program files/microchip/xc16/v2.10/bin/bin/../../lib\libc99-pic30-elf.a(divsf3x.DA_o)
 .debug_abbrev    0x001aa5         0x14 c:/program files/microchip/xc16/v2.10/bin/bin/../../lib\libc99-pic30-elf.a(mulsf3x.DA_o)
 .debug_abbrev    0x001ab9         0x14 c:/program files/microchip/xc16/v2.10/bin/bin/../../lib\libc99-pic30-elf.a(dnrmpackfx.DA_o)
 .debug_abbrev    0x001acd         0x14 c:/program files/microchip/xc16/v2.10/bin/bin/../../lib\libc99-pic30-elf.a(unpackdnrmfx.DA_o)
 .debug_abbrev    0x001ae1         0x14 c:/program files/microchip/xc16/v2.10/bin/bin/../../lib\libc99-pic30-elf.a(typefx.DA_o)
 .debug_abbrev    0x001af5         0x14 c:/program files/microchip/xc16/v2.10/bin/bin/../../lib\libc99-pic30-elf.a(propnanfx.DA_o)
 .debug_abbrev    0x001b09         0x14 c:/program files/microchip/xc16/v2.10/bin/bin/../../lib\libc99-pic30-elf.a(spackfx.DA_o)
 .debug_abbrev    0x001b1d         0x14 c:/program files/microchip/xc16/v2.10/bin/bin/../../lib\libc99-pic30-elf.a(unpackfx.DA_o)
 .debug_abbrev    0x001b31         0x14 c:/program files/microchip/xc16/v2.10/bin/bin/../../lib\libc99-pic30-elf.a(fcompare.DA_o)
 .debug_abbrev    0x001b45         0x14 c:/program files/microchip/xc16/v2.10/bin/bin/../../lib\libc99-pic30-elf.a(floatdisf.DA_o)
 .debug_abbrev    0x001b59         0x14 c:/program files/microchip/xc16/v2.10/bin/bin/../../lib\libc99-pic30-elf.a(floatundisf.DA_o)
 .debug_abbrev    0x001b6d         0x14 c:/program files/microchip/xc16/v2.10/bin/bin/../../lib\libc99-pic30-elf.a(fpack.DA_o)
 .debug_abbrev    0x001b81         0x14 c:/program files/microchip/xc16/v2.10/bin/bin/../../lib\libc99-pic30-elf.a(funpack2.DA_o)
 .debug_abbrev    0x001b95         0x14 c:/program files/microchip/xc16/v2.10/bin/bin/../../lib\libc99-pic30-elf.a(funpack.DA_o)
 .debug_abbrev    0x001ba9         0x14 c:/program files/microchip/xc16/v2.10/bin/bin/../../lib\libc99-pic30-elf.a(extendsfdf.DA_o)
 .debug_abbrev    0x001bbd         0x14 c:/program files/microchip/xc16/v2.10/bin/bin/../../lib\libc99-pic30-elf.a(truncdfsf.DA_o)
 .debug_abbrev    0x001bd1         0x14 c:/program files/microchip/xc16/v2.10/bin/bin/../../lib\libc99-pic30-elf.a(mulsi3.DA_o)
 .debug_abbrev    0x001be5         0x14 c:/program files/microchip/xc16/v2.10/bin/bin/../../lib\libc99-pic30-elf.a(dunpack.DA_o)
 .debug_abbrev    0x001bf9         0x14 c:/program files/microchip/xc16/v2.10/bin/bin/../../lib\libc99-pic30-elf.a(dunpack2.DA_o)
 .debug_abbrev    0x001c0d         0x14 c:/program files/microchip/xc16/v2.10/bin/bin/../../lib\libc99-pic30-elf.a(umuldi3.DA_o)
 .debug_abbrev    0x001c21         0x14 c:/program files/microchip/xc16/v2.10/bin/bin/../../lib\libc99-pic30-elf.a(dpropagateNaN.DA_o)
 *(.debug_abbrev)

.debug_line       0x000000       0x2c4b
 *(.debug_line)
 .debug_line      0x000000         0xf7 build/default/debug/mcc_generated_files/memory/flash.o
 .debug_line      0x0000f7        0x12b build/default/debug/mcc_generated_files/system.o
 .debug_line      0x000222        0x132 build/default/debug/mcc_generated_files/interrupt_manager.o
 .debug_line      0x000354        0x150 build/default/debug/mcc_generated_files/pin_manager.o
 .debug_line      0x0004a4        0x14d build/default/debug/mcc_generated_files/traps.o
 .debug_line      0x0005f1        0x125 build/default/debug/mcc_generated_files/clock.o
 .debug_line      0x000716         0x55 build/default/debug/mcc_generated_files/where_was_i.o
 .debug_line      0x00076b         0x1a build/default/debug/mcc_generated_files/mcc.o
 .debug_line      0x000785        0x169 build/default/debug/mcc_generated_files/tmr3.o
 .debug_line      0x0008ee        0x169 build/default/debug/mcc_generated_files/oc1.o
 .debug_line      0x000a57        0x155 build/default/debug/mcc_generated_files/adc1.o
 .debug_line      0x000bac        0x169 build/default/debug/mcc_generated_files/oc2.o
 .debug_line      0x000d15        0x13e build/default/debug/mcc_generated_files/ic1.o
 .debug_line      0x000e53        0x137 build/default/debug/mcc_generated_files/i2c2.o
 .debug_line      0x000f8a        0x137 build/default/debug/mcc_generated_files/i2c1.o
 .debug_line      0x0010c1        0x164 build/default/debug/mcc_generated_files/tmr2.o
 .debug_line      0x001225        0x164 build/default/debug/mcc_generated_files/tmr1.o
 .debug_line      0x001389        0x1f4 build/default/debug/mcc_generated_files/uart1.o
 .debug_line      0x00157d         0xa6 build/default/debug/mcc_generated_files/delay.o
 .debug_line      0x001623        0x164 build/default/debug/mcc_generated_files/tmr4.o
 .debug_line      0x001787        0x169 build/default/debug/mcc_generated_files/oc3.o
 .debug_line      0x0018f0        0x588 build/default/debug/main.o
 .debug_line      0x001e78        0x179 build/default/debug/flash_config.o
 .debug_line      0x001ff1        0x153 build/default/debug/adc_an9.o
 .debug_line      0x002144         0x37 c:/program files/microchip/xc16/v2.10/bin/bin/../../lib\libc99-pic30-elf.a(feqltle.DA_o)
 .debug_line      0x00217b         0x35 c:/program files/microchip/xc16/v2.10/bin/bin/../../lib\libc99-pic30-elf.a(fgtge.DA_o)
 .debug_line      0x0021b0         0x3a c:/program files/microchip/xc16/v2.10/bin/bin/../../lib\libc99-pic30-elf.a(floatsisf.DA_o)
 .debug_line      0x0021ea         0x45 c:/program files/microchip/xc16/v2.10/bin/bin/../../lib\libc99-pic30-elf.a(udivsi3.DA_o)
 .debug_line      0x00222f        0x136 c:/program files/microchip/xc16/v2.10/bin/bin/../../lib\libc99-pic30-elf.a(addsf3x.DA_o)
 .debug_line      0x002365        0x124 c:/program files/microchip/xc16/v2.10/bin/bin/../../lib\libc99-pic30-elf.a(divsf3x.DA_o)
 .debug_line      0x002489         0xcc c:/program files/microchip/xc16/v2.10/bin/bin/../../lib\libc99-pic30-elf.a(mulsf3x.DA_o)
 .debug_line      0x002555         0x72 c:/program files/microchip/xc16/v2.10/bin/bin/../../lib\libc99-pic30-elf.a(dnrmpackfx.DA_o)
 .debug_line      0x0025c7         0x7a c:/program files/microchip/xc16/v2.10/bin/bin/../../lib\libc99-pic30-elf.a(unpackdnrmfx.DA_o)
 .debug_line      0x002641         0x5e c:/program files/microchip/xc16/v2.10/bin/bin/../../lib\libc99-pic30-elf.a(typefx.DA_o)
 .debug_line      0x00269f         0x51 c:/program files/microchip/xc16/v2.10/bin/bin/../../lib\libc99-pic30-elf.a(propnanfx.DA_o)
 .debug_line      0x0026f0         0x98 c:/program files/microchip/xc16/v2.10/bin/bin/../../lib\libc99-pic30-elf.a(spackfx.DA_o)
 .debug_line      0x002788         0x79 c:/program files/microchip/xc16/v2.10/bin/bin/../../lib\libc99-pic30-elf.a(unpackfx.DA_o)
 .debug_line      0x002801         0x1a c:/program files/microchip/xc16/v2.10/bin/bin/../../lib\libc99-pic30-elf.a(errno.DA_o)
 .debug_line      0x00281b         0x53 c:/program files/microchip/xc16/v2.10/bin/bin/../../lib\libc99-pic30-elf.a(fcompare.DA_o)
 .debug_line      0x00286e         0x47 c:/program files/microchip/xc16/v2.10/bin/bin/../../lib\libc99-pic30-elf.a(floatdisf.DA_o)
 .debug_line      0x0028b5         0x6c c:/program files/microchip/xc16/v2.10/bin/bin/../../lib\libc99-pic30-elf.a(floatundisf.DA_o)
 .debug_line      0x002921         0x5a c:/program files/microchip/xc16/v2.10/bin/bin/../../lib\libc99-pic30-elf.a(fpack.DA_o)
 .debug_line      0x00297b         0x3e c:/program files/microchip/xc16/v2.10/bin/bin/../../lib\libc99-pic30-elf.a(funpack2.DA_o)
 .debug_line      0x0029b9         0x4a c:/program files/microchip/xc16/v2.10/bin/bin/../../lib\libc99-pic30-elf.a(funpack.DA_o)
 .debug_line      0x002a03         0x59 c:/program files/microchip/xc16/v2.10/bin/bin/../../lib\libc99-pic30-elf.a(extendsfdf.DA_o)
 .debug_line      0x002a5c         0x66 c:/program files/microchip/xc16/v2.10/bin/bin/../../lib\libc99-pic30-elf.a(truncdfsf.DA_o)
 .debug_line      0x002ac2         0x3a c:/program files/microchip/xc16/v2.10/bin/bin/../../lib\libc99-pic30-elf.a(mulsi3.DA_o)
 .debug_line      0x002afc         0x5c c:/program files/microchip/xc16/v2.10/bin/bin/../../lib\libc99-pic30-elf.a(dunpack.DA_o)
 .debug_line      0x002b58         0x53 c:/program files/microchip/xc16/v2.10/bin/bin/../../lib\libc99-pic30-elf.a(dunpack2.DA_o)
 .debug_line      0x002bab         0x57 c:/program files/microchip/xc16/v2.10/bin/bin/../../lib\libc99-pic30-elf.a(umuldi3.DA_o)
 .debug_line      0x002c02         0x49 c:/program files/microchip/xc16/v2.10/bin/bin/../../lib\libc99-pic30-elf.a(dpropagateNaN.DA_o)
 *(.debug_line)

.debug_frame      0x000000       0x19b8
 *(.debug_frame)
 .debug_frame     0x000000         0x2e build/default/debug/mcc_generated_files/system.o
 .debug_frame     0x00002e         0x2e build/default/debug/mcc_generated_files/interrupt_manager.o
 .debug_frame     0x00005c         0x2e build/default/debug/mcc_generated_files/pin_manager.o
 .debug_frame     0x00008a        0x140 build/default/debug/mcc_generated_files/traps.o
 .debug_frame     0x0001ca         0x2e build/default/debug/mcc_generated_files/clock.o
 .debug_frame     0x0001f8        0x18a build/default/debug/mcc_generated_files/tmr3.o
 .debug_frame     0x000382        0x166 build/default/debug/mcc_generated_files/oc1.o
 .debug_frame     0x0004e8         0xf6 build/default/debug/mcc_generated_files/adc1.o
 .debug_frame     0x0005de        0x166 build/default/debug/mcc_generated_files/oc2.o
 .debug_frame     0x000744        0x132 build/default/debug/mcc_generated_files/ic1.o
 .debug_frame     0x000876         0xb0 build/default/debug/mcc_generated_files/i2c2.o
 .debug_frame     0x000926         0xb0 build/default/debug/mcc_generated_files/i2c1.o
 .debug_frame     0x0009d6        0x18a build/default/debug/mcc_generated_files/tmr2.o
 .debug_frame     0x000b60        0x18a build/default/debug/mcc_generated_files/tmr1.o
 .debug_frame     0x000cea        0x2f0 build/default/debug/mcc_generated_files/uart1.o
 .debug_frame     0x000fda         0x48 build/default/debug/mcc_generated_files/delay.o
 .debug_frame     0x001022        0x18a build/default/debug/mcc_generated_files/tmr4.o
 .debug_frame     0x0011ac        0x166 build/default/debug/mcc_generated_files/oc3.o
 .debug_frame     0x001312        0x516 build/default/debug/main.o
 .debug_frame     0x001828         0xb8 build/default/debug/flash_config.o
 .debug_frame     0x0018e0         0xd8 build/default/debug/adc_an9.o
 *(.debug_frame)

.debug_str        0x000000       0x1153
 *(.debug_str)
 .debug_str       0x000000         0xbf build/default/debug/mcc_generated_files/system.o
 .debug_str       0x0000bf         0x4a build/default/debug/mcc_generated_files/interrupt_manager.o
 .debug_str       0x000109         0x37 build/default/debug/mcc_generated_files/pin_manager.o
 .debug_str       0x000140          0xc build/default/debug/mcc_generated_files/traps.o
 .debug_str       0x00014c         0xae build/default/debug/mcc_generated_files/tmr3.o
 .debug_str       0x0001fa         0x2a build/default/debug/mcc_generated_files/oc1.o
 .debug_str       0x000224         0xee build/default/debug/mcc_generated_files/adc1.o
 .debug_str       0x000312         0x2a build/default/debug/mcc_generated_files/oc2.o
 .debug_str       0x00033c         0x21 build/default/debug/mcc_generated_files/ic1.o
 .debug_str       0x00035d         0x19 build/default/debug/mcc_generated_files/i2c2.o
 .debug_str       0x000376         0x19 build/default/debug/mcc_generated_files/i2c1.o
 .debug_str       0x00038f         0x32 build/default/debug/mcc_generated_files/tmr2.o
 .debug_str       0x0003c1         0x32 build/default/debug/mcc_generated_files/tmr1.o
 .debug_str       0x0003f3         0x9b build/default/debug/mcc_generated_files/uart1.o
 .debug_str       0x00048e         0x32 build/default/debug/mcc_generated_files/tmr4.o
 .debug_str       0x0004c0         0x2a build/default/debug/mcc_generated_files/oc3.o
 .debug_str       0x0004ea        0xa5f build/default/debug/main.o
 .debug_str       0x000f49        0x109 build/default/debug/flash_config.o
 .debug_str       0x001052        0x101 build/default/debug/adc_an9.o
 *(.debug_str)

.debug_loc
 *(.debug_loc)
 *(.debug_loc)

.debug_macinfo
 *(.debug_macinfo)
 *(.debug_macinfo)

.debug_pubnames
                  0x000000       0x248d
 *(.debug_pubnames)
 .debug_pubnames
                  0x000000         0x28 build/default/debug/mcc_generated_files/system.o
 .debug_pubnames
                  0x000028         0x2b build/default/debug/mcc_generated_files/interrupt_manager.o
 .debug_pubnames
                  0x000053         0x2d build/default/debug/mcc_generated_files/pin_manager.o
 .debug_pubnames
                  0x000080         0x6f build/default/debug/mcc_generated_files/traps.o
 .debug_pubnames
                  0x0000ef         0x27 build/default/debug/mcc_generated_files/clock.o
 .debug_pubnames
                  0x000116        0x156 build/default/debug/mcc_generated_files/tmr3.o
 .debug_pubnames
                  0x00026c        0x12d build/default/debug/mcc_generated_files/oc1.o
 .debug_pubnames
                  0x000399         0xa8 build/default/debug/mcc_generated_files/adc1.o
 .debug_pubnames
                  0x000441        0x12d build/default/debug/mcc_generated_files/oc2.o
 .debug_pubnames
                  0x00056e        0x104 build/default/debug/mcc_generated_files/ic1.o
 .debug_pubnames
                  0x000672         0x71 build/default/debug/mcc_generated_files/i2c2.o
 .debug_pubnames
                  0x0006e3         0x71 build/default/debug/mcc_generated_files/i2c1.o
 .debug_pubnames
                  0x000754        0x156 build/default/debug/mcc_generated_files/tmr2.o
 .debug_pubnames
                  0x0008aa        0x156 build/default/debug/mcc_generated_files/tmr1.o
 .debug_pubnames
                  0x000a00        0x259 build/default/debug/mcc_generated_files/uart1.o
 .debug_pubnames
                  0x000c59         0x40 build/default/debug/mcc_generated_files/delay.o
 .debug_pubnames
                  0x000c99        0x156 build/default/debug/mcc_generated_files/tmr4.o
 .debug_pubnames
                  0x000def        0x12d build/default/debug/mcc_generated_files/oc3.o
 .debug_pubnames
                  0x000f1c       0x14cd build/default/debug/main.o
 .debug_pubnames
                  0x0023e9         0x4f build/default/debug/flash_config.o
 .debug_pubnames
                  0x002438         0x55 build/default/debug/adc_an9.o
 *(.debug_pubnames)

.debug_ranges
 *(.debug_ranges)
 *(.debug_ranges)

.debug_aranges    0x000000        0x578
 *(.debug_aranges)
 .debug_aranges
                  0x000000         0x20 build/default/debug/mcc_generated_files/memory/flash.o
 .debug_aranges
                  0x000020         0x18 build/default/debug/mcc_generated_files/system.o
 .debug_aranges
                  0x000038         0x18 build/default/debug/mcc_generated_files/interrupt_manager.o
 .debug_aranges
                  0x000050         0x18 build/default/debug/mcc_generated_files/pin_manager.o
 .debug_aranges
                  0x000068         0x18 build/default/debug/mcc_generated_files/traps.o
 .debug_aranges
                  0x000080         0x18 build/default/debug/mcc_generated_files/clock.o
 .debug_aranges
                  0x000098         0x20 build/default/debug/mcc_generated_files/where_was_i.o
 .debug_aranges
                  0x0000b8         0x18 build/default/debug/mcc_generated_files/tmr3.o
 .debug_aranges
                  0x0000d0         0x18 build/default/debug/mcc_generated_files/oc1.o
 .debug_aranges
                  0x0000e8         0x18 build/default/debug/mcc_generated_files/adc1.o
 .debug_aranges
                  0x000100         0x18 build/default/debug/mcc_generated_files/oc2.o
 .debug_aranges
                  0x000118         0x18 build/default/debug/mcc_generated_files/ic1.o
 .debug_aranges
                  0x000130         0x18 build/default/debug/mcc_generated_files/i2c2.o
 .debug_aranges
                  0x000148         0x18 build/default/debug/mcc_generated_files/i2c1.o
 .debug_aranges
                  0x000160         0x18 build/default/debug/mcc_generated_files/tmr2.o
 .debug_aranges
                  0x000178         0x18 build/default/debug/mcc_generated_files/tmr1.o
 .debug_aranges
                  0x000190         0x18 build/default/debug/mcc_generated_files/uart1.o
 .debug_aranges
                  0x0001a8         0x18 build/default/debug/mcc_generated_files/delay.o
 .debug_aranges
                  0x0001c0         0x18 build/default/debug/mcc_generated_files/tmr4.o
 .debug_aranges
                  0x0001d8         0x18 build/default/debug/mcc_generated_files/oc3.o
 .debug_aranges
                  0x0001f0         0x18 build/default/debug/main.o
 .debug_aranges
                  0x000208         0x18 build/default/debug/flash_config.o
 .debug_aranges
                  0x000220         0x18 build/default/debug/adc_an9.o
 .debug_aranges
                  0x000238         0x20 c:/program files/microchip/xc16/v2.10/bin/bin/../../lib\libc99-pic30-elf.a(feqltle.DA_o)
 .debug_aranges
                  0x000258         0x20 c:/program files/microchip/xc16/v2.10/bin/bin/../../lib\libc99-pic30-elf.a(fgtge.DA_o)
 .debug_aranges
                  0x000278         0x20 c:/program files/microchip/xc16/v2.10/bin/bin/../../lib\libc99-pic30-elf.a(floatsisf.DA_o)
 .debug_aranges
                  0x000298         0x20 c:/program files/microchip/xc16/v2.10/bin/bin/../../lib\libc99-pic30-elf.a(udivsi3.DA_o)
 .debug_aranges
                  0x0002b8         0x20 c:/program files/microchip/xc16/v2.10/bin/bin/../../lib\libc99-pic30-elf.a(addsf3x.DA_o)
 .debug_aranges
                  0x0002d8         0x20 c:/program files/microchip/xc16/v2.10/bin/bin/../../lib\libc99-pic30-elf.a(divsf3x.DA_o)
 .debug_aranges
                  0x0002f8         0x20 c:/program files/microchip/xc16/v2.10/bin/bin/../../lib\libc99-pic30-elf.a(mulsf3x.DA_o)
 .debug_aranges
                  0x000318         0x20 c:/program files/microchip/xc16/v2.10/bin/bin/../../lib\libc99-pic30-elf.a(dnrmpackfx.DA_o)
 .debug_aranges
                  0x000338         0x20 c:/program files/microchip/xc16/v2.10/bin/bin/../../lib\libc99-pic30-elf.a(unpackdnrmfx.DA_o)
 .debug_aranges
                  0x000358         0x20 c:/program files/microchip/xc16/v2.10/bin/bin/../../lib\libc99-pic30-elf.a(typefx.DA_o)
 .debug_aranges
                  0x000378         0x20 c:/program files/microchip/xc16/v2.10/bin/bin/../../lib\libc99-pic30-elf.a(propnanfx.DA_o)
 .debug_aranges
                  0x000398         0x20 c:/program files/microchip/xc16/v2.10/bin/bin/../../lib\libc99-pic30-elf.a(spackfx.DA_o)
 .debug_aranges
                  0x0003b8         0x20 c:/program files/microchip/xc16/v2.10/bin/bin/../../lib\libc99-pic30-elf.a(unpackfx.DA_o)
 .debug_aranges
                  0x0003d8         0x20 c:/program files/microchip/xc16/v2.10/bin/bin/../../lib\libc99-pic30-elf.a(fcompare.DA_o)
 .debug_aranges
                  0x0003f8         0x20 c:/program files/microchip/xc16/v2.10/bin/bin/../../lib\libc99-pic30-elf.a(floatdisf.DA_o)
 .debug_aranges
                  0x000418         0x20 c:/program files/microchip/xc16/v2.10/bin/bin/../../lib\libc99-pic30-elf.a(floatundisf.DA_o)
 .debug_aranges
                  0x000438         0x20 c:/program files/microchip/xc16/v2.10/bin/bin/../../lib\libc99-pic30-elf.a(fpack.DA_o)
 .debug_aranges
                  0x000458         0x20 c:/program files/microchip/xc16/v2.10/bin/bin/../../lib\libc99-pic30-elf.a(funpack2.DA_o)
 .debug_aranges
                  0x000478         0x20 c:/program files/microchip/xc16/v2.10/bin/bin/../../lib\libc99-pic30-elf.a(funpack.DA_o)
 .debug_aranges
                  0x000498         0x20 c:/program files/microchip/xc16/v2.10/bin/bin/../../lib\libc99-pic30-elf.a(extendsfdf.DA_o)
 .debug_aranges
                  0x0004b8         0x20 c:/program files/microchip/xc16/v2.10/bin/bin/../../lib\libc99-pic30-elf.a(truncdfsf.DA_o)
 .debug_aranges
                  0x0004d8         0x20 c:/program files/microchip/xc16/v2.10/bin/bin/../../lib\libc99-pic30-elf.a(mulsi3.DA_o)
 .debug_aranges
                  0x0004f8         0x20 c:/program files/microchip/xc16/v2.10/bin/bin/../../lib\libc99-pic30-elf.a(dunpack.DA_o)
 .debug_aranges
                  0x000518         0x20 c:/program files/microchip/xc16/v2.10/bin/bin/../../lib\libc99-pic30-elf.a(dunpack2.DA_o)
 .debug_aranges
                  0x000538         0x20 c:/program files/microchip/xc16/v2.10/bin/bin/../../lib\libc99-pic30-elf.a(umuldi3.DA_o)
 .debug_aranges
                  0x000558         0x20 c:/program files/microchip/xc16/v2.10/bin/bin/../../lib\libc99-pic30-elf.a(dpropagateNaN.DA_o)
 *(.debug_aranges)
                    0x0000                  WREG0 = 0x0
                    0x0000                  _WREG0 = 0x0
                    0x0002                  WREG1 = 0x2
                    0x0002                  _WREG1 = 0x2
                    0x0004                  WREG2 = 0x4
                    0x0004                  _WREG2 = 0x4
                    0x0006                  WREG3 = 0x6
                    0x0006                  _WREG3 = 0x6
                    0x0008                  WREG4 = 0x8
                    0x0008                  _WREG4 = 0x8
                    0x000a                  WREG5 = 0xa
                    0x000a                  _WREG5 = 0xa
                    0x000c                  WREG6 = 0xc
                    0x000c                  _WREG6 = 0xc
                    0x000e                  WREG7 = 0xe
                    0x000e                  _WREG7 = 0xe
                    0x0010                  WREG8 = 0x10
                    0x0010                  _WREG8 = 0x10
                    0x0012                  WREG9 = 0x12
                    0x0012                  _WREG9 = 0x12
                    0x0014                  WREG10 = 0x14
                    0x0014                  _WREG10 = 0x14
                    0x0016                  WREG11 = 0x16
                    0x0016                  _WREG11 = 0x16
                    0x0018                  WREG12 = 0x18
                    0x0018                  _WREG12 = 0x18
                    0x001a                  WREG13 = 0x1a
                    0x001a                  _WREG13 = 0x1a
                    0x001c                  WREG14 = 0x1c
                    0x001c                  _WREG14 = 0x1c
                    0x001e                  WREG15 = 0x1e
                    0x001e                  _WREG15 = 0x1e
                    0x0020                  SPLIM = 0x20
                    0x0020                  _SPLIM = 0x20
                    0x002e                  PCL = 0x2e
                    0x002e                  _PCL = 0x2e
                    0x0030                  PCH = 0x30
                    0x0030                  _PCH = 0x30
                    0x0032                  DSRPAG = 0x32
                    0x0032                  _DSRPAG = 0x32
                    0x0034                  DSWPAG = 0x34
                    0x0034                  _DSWPAG = 0x34
                    0x0036                  RCOUNT = 0x36
                    0x0036                  _RCOUNT = 0x36
                    0x0042                  SR = 0x42
                    0x0042                  _SR = 0x42
                    0x0042                  _SRbits = 0x42
                    0x0044                  CORCON = 0x44
                    0x0044                  _CORCON = 0x44
                    0x0044                  _CORCONbits = 0x44
                    0x0052                  DISICNT = 0x52
                    0x0052                  _DISICNT = 0x52
                    0x0054                  TBLPAG = 0x54
                    0x0054                  _TBLPAG = 0x54
                    0x0056                  CNPD1 = 0x56
                    0x0056                  _CNPD1 = 0x56
                    0x0056                  _CNPD1bits = 0x56
                    0x0058                  CNPD2 = 0x58
                    0x0058                  _CNPD2 = 0x58
                    0x0058                  _CNPD2bits = 0x58
                    0x005a                  CNPD3 = 0x5a
                    0x005a                  _CNPD3 = 0x5a
                    0x005a                  _CNPD3bits = 0x5a
                    0x005c                  CNPD4 = 0x5c
                    0x005c                  _CNPD4 = 0x5c
                    0x005c                  _CNPD4bits = 0x5c
                    0x005e                  CNPD5 = 0x5e
                    0x005e                  _CNPD5 = 0x5e
                    0x005e                  _CNPD5bits = 0x5e
                    0x0060                  CNPD6 = 0x60
                    0x0060                  _CNPD6 = 0x60
                    0x0060                  _CNPD6bits = 0x60
                    0x0062                  CNEN1 = 0x62
                    0x0062                  _CNEN1 = 0x62
                    0x0062                  _CNEN1bits = 0x62
                    0x0064                  CNEN2 = 0x64
                    0x0064                  _CNEN2 = 0x64
                    0x0064                  _CNEN2bits = 0x64
                    0x0066                  CNEN3 = 0x66
                    0x0066                  _CNEN3 = 0x66
                    0x0066                  _CNEN3bits = 0x66
                    0x0068                  CNEN4 = 0x68
                    0x0068                  _CNEN4 = 0x68
                    0x0068                  _CNEN4bits = 0x68
                    0x006a                  CNEN5 = 0x6a
                    0x006a                  _CNEN5 = 0x6a
                    0x006a                  _CNEN5bits = 0x6a
                    0x006c                  CNEN6 = 0x6c
                    0x006c                  _CNEN6 = 0x6c
                    0x006c                  _CNEN6bits = 0x6c
                    0x006e                  CNPU1 = 0x6e
                    0x006e                  _CNPU1 = 0x6e
                    0x006e                  _CNPU1bits = 0x6e
                    0x0070                  CNPU2 = 0x70
                    0x0070                  _CNPU2 = 0x70
                    0x0070                  _CNPU2bits = 0x70
                    0x0072                  CNPU3 = 0x72
                    0x0072                  _CNPU3 = 0x72
                    0x0072                  _CNPU3bits = 0x72
                    0x0074                  CNPU4 = 0x74
                    0x0074                  _CNPU4 = 0x74
                    0x0074                  _CNPU4bits = 0x74
                    0x0076                  CNPU5 = 0x76
                    0x0076                  _CNPU5 = 0x76
                    0x0076                  _CNPU5bits = 0x76
                    0x0078                  CNPU6 = 0x78
                    0x0078                  _CNPU6 = 0x78
                    0x0078                  _CNPU6bits = 0x78
                    0x0080                  INTCON1 = 0x80
                    0x0080                  _INTCON1 = 0x80
                    0x0080                  _INTCON1bits = 0x80
                    0x0082                  INTCON2 = 0x82
                    0x0082                  _INTCON2 = 0x82
                    0x0082                  _INTCON2bits = 0x82
                    0x0084                  IFS0 = 0x84
                    0x0084                  _IFS0 = 0x84
                    0x0084                  _IFS0bits = 0x84
                    0x0086                  IFS1 = 0x86
                    0x0086                  _IFS1 = 0x86
                    0x0086                  _IFS1bits = 0x86
                    0x0088                  IFS2 = 0x88
                    0x0088                  _IFS2 = 0x88
                    0x0088                  _IFS2bits = 0x88
                    0x008a                  IFS3 = 0x8a
                    0x008a                  _IFS3 = 0x8a
                    0x008a                  _IFS3bits = 0x8a
                    0x008c                  IFS4 = 0x8c
                    0x008c                  _IFS4 = 0x8c
                    0x008c                  _IFS4bits = 0x8c
                    0x008e                  IFS5 = 0x8e
                    0x008e                  _IFS5 = 0x8e
                    0x008e                  _IFS5bits = 0x8e
                    0x0090                  IFS6 = 0x90
                    0x0090                  _IFS6 = 0x90
                    0x0090                  _IFS6bits = 0x90
                    0x0092                  IFS7 = 0x92
                    0x0092                  _IFS7 = 0x92
                    0x0092                  _IFS7bits = 0x92
                    0x0094                  IEC0 = 0x94
                    0x0094                  _IEC0 = 0x94
                    0x0094                  _IEC0bits = 0x94
                    0x0096                  IEC1 = 0x96
                    0x0096                  _IEC1 = 0x96
                    0x0096                  _IEC1bits = 0x96
                    0x0098                  IEC2 = 0x98
                    0x0098                  _IEC2 = 0x98
                    0x0098                  _IEC2bits = 0x98
                    0x009a                  IEC3 = 0x9a
                    0x009a                  _IEC3 = 0x9a
                    0x009a                  _IEC3bits = 0x9a
                    0x009c                  IEC4 = 0x9c
                    0x009c                  _IEC4 = 0x9c
                    0x009c                  _IEC4bits = 0x9c
                    0x009e                  IEC5 = 0x9e
                    0x009e                  _IEC5 = 0x9e
                    0x009e                  _IEC5bits = 0x9e
                    0x00a0                  IEC6 = 0xa0
                    0x00a0                  _IEC6 = 0xa0
                    0x00a0                  _IEC6bits = 0xa0
                    0x00a2                  IEC7 = 0xa2
                    0x00a2                  _IEC7 = 0xa2
                    0x00a2                  _IEC7bits = 0xa2
                    0x00a4                  IPC0 = 0xa4
                    0x00a4                  _IPC0 = 0xa4
                    0x00a4                  _IPC0bits = 0xa4
                    0x00a6                  IPC1 = 0xa6
                    0x00a6                  _IPC1 = 0xa6
                    0x00a6                  _IPC1bits = 0xa6
                    0x00a8                  IPC2 = 0xa8
                    0x00a8                  _IPC2 = 0xa8
                    0x00a8                  _IPC2bits = 0xa8
                    0x00aa                  IPC3 = 0xaa
                    0x00aa                  _IPC3 = 0xaa
                    0x00aa                  _IPC3bits = 0xaa
                    0x00ac                  IPC4 = 0xac
                    0x00ac                  _IPC4 = 0xac
                    0x00ac                  _IPC4bits = 0xac
                    0x00ae                  IPC5 = 0xae
                    0x00ae                  _IPC5 = 0xae
                    0x00ae                  _IPC5bits = 0xae
                    0x00b0                  IPC6 = 0xb0
                    0x00b0                  _IPC6 = 0xb0
                    0x00b0                  _IPC6bits = 0xb0
                    0x00b2                  IPC7 = 0xb2
                    0x00b2                  _IPC7 = 0xb2
                    0x00b2                  _IPC7bits = 0xb2
                    0x00b4                  IPC8 = 0xb4
                    0x00b4                  _IPC8 = 0xb4
                    0x00b4                  _IPC8bits = 0xb4
                    0x00b6                  IPC9 = 0xb6
                    0x00b6                  _IPC9 = 0xb6
                    0x00b6                  _IPC9bits = 0xb6
                    0x00b8                  IPC10 = 0xb8
                    0x00b8                  _IPC10 = 0xb8
                    0x00b8                  _IPC10bits = 0xb8
                    0x00ba                  IPC11 = 0xba
                    0x00ba                  _IPC11 = 0xba
                    0x00ba                  _IPC11bits = 0xba
                    0x00bc                  IPC12 = 0xbc
                    0x00bc                  _IPC12 = 0xbc
                    0x00bc                  _IPC12bits = 0xbc
                    0x00be                  IPC13 = 0xbe
                    0x00be                  _IPC13 = 0xbe
                    0x00be                  _IPC13bits = 0xbe
                    0x00c2                  IPC15 = 0xc2
                    0x00c2                  _IPC15 = 0xc2
                    0x00c2                  _IPC15bits = 0xc2
                    0x00c4                  IPC16 = 0xc4
                    0x00c4                  _IPC16 = 0xc4
                    0x00c4                  _IPC16bits = 0xc4
                    0x00c8                  IPC18 = 0xc8
                    0x00c8                  _IPC18 = 0xc8
                    0x00c8                  _IPC18bits = 0xc8
                    0x00ca                  IPC19 = 0xca
                    0x00ca                  _IPC19 = 0xca
                    0x00ca                  _IPC19bits = 0xca
                    0x00cc                  IPC20 = 0xcc
                    0x00cc                  _IPC20 = 0xcc
                    0x00cc                  _IPC20bits = 0xcc
                    0x00ce                  IPC21 = 0xce
                    0x00ce                  _IPC21 = 0xce
                    0x00ce                  _IPC21bits = 0xce
                    0x00d0                  IPC22 = 0xd0
                    0x00d0                  _IPC22 = 0xd0
                    0x00d0                  _IPC22bits = 0xd0
                    0x00d6                  IPC25 = 0xd6
                    0x00d6                  _IPC25 = 0xd6
                    0x00d6                  _IPC25bits = 0xd6
                    0x00de                  IPC29 = 0xde
                    0x00de                  _IPC29 = 0xde
                    0x00de                  _IPC29bits = 0xde
                    0x00e0                  INTTREG = 0xe0
                    0x00e0                  _INTTREG = 0xe0
                    0x00e0                  _INTTREGbits = 0xe0
                    0x0100                  TMR1 = 0x100
                    0x0100                  _TMR1 = 0x100
                    0x0102                  PR1 = 0x102
                    0x0102                  _PR1 = 0x102
                    0x0104                  T1CON = 0x104
                    0x0104                  _T1CON = 0x104
                    0x0104                  _T1CONbits = 0x104
                    0x0106                  TMR2 = 0x106
                    0x0106                  _TMR2 = 0x106
                    0x0108                  TMR3HLD = 0x108
                    0x0108                  _TMR3HLD = 0x108
                    0x010a                  TMR3 = 0x10a
                    0x010a                  _TMR3 = 0x10a
                    0x010c                  PR2 = 0x10c
                    0x010c                  _PR2 = 0x10c
                    0x010e                  PR3 = 0x10e
                    0x010e                  _PR3 = 0x10e
                    0x0110                  T2CON = 0x110
                    0x0110                  _T2CON = 0x110
                    0x0110                  _T2CONbits = 0x110
                    0x0112                  T3CON = 0x112
                    0x0112                  _T3CON = 0x112
                    0x0112                  _T3CONbits = 0x112
                    0x0114                  TMR4 = 0x114
                    0x0114                  _TMR4 = 0x114
                    0x0116                  TMR5HLD = 0x116
                    0x0116                  _TMR5HLD = 0x116
                    0x0118                  TMR5 = 0x118
                    0x0118                  _TMR5 = 0x118
                    0x011a                  PR4 = 0x11a
                    0x011a                  _PR4 = 0x11a
                    0x011c                  PR5 = 0x11c
                    0x011c                  _PR5 = 0x11c
                    0x011e                  T4CON = 0x11e
                    0x011e                  _T4CON = 0x11e
                    0x011e                  _T4CONbits = 0x11e
                    0x0120                  T5CON = 0x120
                    0x0120                  _T5CON = 0x120
                    0x0120                  _T5CONbits = 0x120
                    0x0140                  IC1CON1 = 0x140
                    0x0140                  _IC1CON1 = 0x140
                    0x0140                  _IC1CON1bits = 0x140
                    0x0142                  IC1CON2 = 0x142
                    0x0142                  _IC1CON2 = 0x142
                    0x0142                  _IC1CON2bits = 0x142
                    0x0144                  IC1BUF = 0x144
                    0x0144                  _IC1BUF = 0x144
                    0x0146                  IC1TMR = 0x146
                    0x0146                  _IC1TMR = 0x146
                    0x0148                  IC2CON1 = 0x148
                    0x0148                  _IC2CON1 = 0x148
                    0x0148                  _IC2CON1bits = 0x148
                    0x014a                  IC2CON2 = 0x14a
                    0x014a                  _IC2CON2 = 0x14a
                    0x014a                  _IC2CON2bits = 0x14a
                    0x014c                  IC2BUF = 0x14c
                    0x014c                  _IC2BUF = 0x14c
                    0x014e                  IC2TMR = 0x14e
                    0x014e                  _IC2TMR = 0x14e
                    0x0150                  IC3CON1 = 0x150
                    0x0150                  _IC3CON1 = 0x150
                    0x0150                  _IC3CON1bits = 0x150
                    0x0152                  IC3CON2 = 0x152
                    0x0152                  _IC3CON2 = 0x152
                    0x0152                  _IC3CON2bits = 0x152
                    0x0154                  IC3BUF = 0x154
                    0x0154                  _IC3BUF = 0x154
                    0x0156                  IC3TMR = 0x156
                    0x0156                  _IC3TMR = 0x156
                    0x0158                  IC4CON1 = 0x158
                    0x0158                  _IC4CON1 = 0x158
                    0x0158                  _IC4CON1bits = 0x158
                    0x015a                  IC4CON2 = 0x15a
                    0x015a                  _IC4CON2 = 0x15a
                    0x015a                  _IC4CON2bits = 0x15a
                    0x015c                  IC4BUF = 0x15c
                    0x015c                  _IC4BUF = 0x15c
                    0x015e                  IC4TMR = 0x15e
                    0x015e                  _IC4TMR = 0x15e
                    0x0160                  IC5CON1 = 0x160
                    0x0160                  _IC5CON1 = 0x160
                    0x0160                  _IC5CON1bits = 0x160
                    0x0162                  IC5CON2 = 0x162
                    0x0162                  _IC5CON2 = 0x162
                    0x0162                  _IC5CON2bits = 0x162
                    0x0164                  IC5BUF = 0x164
                    0x0164                  _IC5BUF = 0x164
                    0x0166                  IC5TMR = 0x166
                    0x0166                  _IC5TMR = 0x166
                    0x0168                  IC6CON1 = 0x168
                    0x0168                  _IC6CON1 = 0x168
                    0x0168                  _IC6CON1bits = 0x168
                    0x016a                  IC6CON2 = 0x16a
                    0x016a                  _IC6CON2 = 0x16a
                    0x016a                  _IC6CON2bits = 0x16a
                    0x016c                  IC6BUF = 0x16c
                    0x016c                  _IC6BUF = 0x16c
                    0x016e                  IC6TMR = 0x16e
                    0x016e                  _IC6TMR = 0x16e
                    0x0170                  IC7CON1 = 0x170
                    0x0170                  _IC7CON1 = 0x170
                    0x0170                  _IC7CON1bits = 0x170
                    0x0172                  IC7CON2 = 0x172
                    0x0172                  _IC7CON2 = 0x172
                    0x0172                  _IC7CON2bits = 0x172
                    0x0174                  IC7BUF = 0x174
                    0x0174                  _IC7BUF = 0x174
                    0x0176                  IC7TMR = 0x176
                    0x0176                  _IC7TMR = 0x176
                    0x0190                  OC1CON1 = 0x190
                    0x0190                  _OC1CON1 = 0x190
                    0x0190                  _OC1CON1bits = 0x190
                    0x0192                  OC1CON2 = 0x192
                    0x0192                  _OC1CON2 = 0x192
                    0x0192                  _OC1CON2bits = 0x192
                    0x0194                  OC1RS = 0x194
                    0x0194                  _OC1RS = 0x194
                    0x0196                  OC1R = 0x196
                    0x0196                  _OC1R = 0x196
                    0x0198                  OC1TMR = 0x198
                    0x0198                  _OC1TMR = 0x198
                    0x019a                  OC2CON1 = 0x19a
                    0x019a                  _OC2CON1 = 0x19a
                    0x019a                  _OC2CON1bits = 0x19a
                    0x019c                  OC2CON2 = 0x19c
                    0x019c                  _OC2CON2 = 0x19c
                    0x019c                  _OC2CON2bits = 0x19c
                    0x019e                  OC2RS = 0x19e
                    0x019e                  _OC2RS = 0x19e
                    0x01a0                  OC2R = 0x1a0
                    0x01a0                  _OC2R = 0x1a0
                    0x01a2                  OC2TMR = 0x1a2
                    0x01a2                  _OC2TMR = 0x1a2
                    0x01a4                  OC3CON1 = 0x1a4
                    0x01a4                  _OC3CON1 = 0x1a4
                    0x01a4                  _OC3CON1bits = 0x1a4
                    0x01a6                  OC3CON2 = 0x1a6
                    0x01a6                  _OC3CON2 = 0x1a6
                    0x01a6                  _OC3CON2bits = 0x1a6
                    0x01a8                  OC3RS = 0x1a8
                    0x01a8                  _OC3RS = 0x1a8
                    0x01aa                  OC3R = 0x1aa
                    0x01aa                  _OC3R = 0x1aa
                    0x01ac                  OC3TMR = 0x1ac
                    0x01ac                  _OC3TMR = 0x1ac
                    0x01ae                  OC4CON1 = 0x1ae
                    0x01ae                  _OC4CON1 = 0x1ae
                    0x01ae                  _OC4CON1bits = 0x1ae
                    0x01b0                  OC4CON2 = 0x1b0
                    0x01b0                  _OC4CON2 = 0x1b0
                    0x01b0                  _OC4CON2bits = 0x1b0
                    0x01b2                  OC4RS = 0x1b2
                    0x01b2                  _OC4RS = 0x1b2
                    0x01b4                  OC4R = 0x1b4
                    0x01b4                  _OC4R = 0x1b4
                    0x01b6                  OC4TMR = 0x1b6
                    0x01b6                  _OC4TMR = 0x1b6
                    0x01b8                  OC5CON1 = 0x1b8
                    0x01b8                  _OC5CON1 = 0x1b8
                    0x01b8                  _OC5CON1bits = 0x1b8
                    0x01ba                  OC5CON2 = 0x1ba
                    0x01ba                  _OC5CON2 = 0x1ba
                    0x01ba                  _OC5CON2bits = 0x1ba
                    0x01bc                  OC5RS = 0x1bc
                    0x01bc                  _OC5RS = 0x1bc
                    0x01be                  OC5R = 0x1be
                    0x01be                  _OC5R = 0x1be
                    0x01c0                  OC5TMR = 0x1c0
                    0x01c0                  _OC5TMR = 0x1c0
                    0x01c2                  OC6CON1 = 0x1c2
                    0x01c2                  _OC6CON1 = 0x1c2
                    0x01c2                  _OC6CON1bits = 0x1c2
                    0x01c4                  OC6CON2 = 0x1c4
                    0x01c4                  _OC6CON2 = 0x1c4
                    0x01c4                  _OC6CON2bits = 0x1c4
                    0x01c6                  OC6RS = 0x1c6
                    0x01c6                  _OC6RS = 0x1c6
                    0x01c8                  OC6R = 0x1c8