Microchip Technology Inc, v2.10 (B)

Tool Name:
  c:\program files\microchip\xc16\v2.10\bin\bin\..\bin/elf-ld.exe

Command:
  -TC:\\Users\\julianb\\AppData\\Local\\Temp\\tmp00007430.00 \
  -TC:\\Users\\julianb\\AppData\\Local\\Temp\\tmp00007430.01 \
  -TC:\\Users\\julianb\\AppData\\Local\\Temp\\tmp00007430.02 \
  -TC:\\Users\\julianb\\AppData\\Local\\Temp\\tmp00007430.03 \
  -TC:\\Users\\julianb\\AppData\\Local\\Temp\\tmp00007430.04 \
  -TC:\\Users\\julianb\\AppData\\Local\\Temp\\tmp00007430.05 \
  -TC:\\Users\\julianb\\AppData\\Local\\Temp\\tmp00007430.06 \
  -p24FJ128GA310 \
  --mdfp=C:/Program Files/Microchip/MPLABX/v6.25/packs/Microchip/PIC24F-GA-GB_DFP/1.10.375/xc16 \
  -o \
  dist/default/debug/EC17_0014_016.X.debug.elf \
  -Lc:/program files/microchip/xc16/v2.10/bin/bin/.. \
  -LC:/Program Files/Microchip/MPLABX/v6.25/packs/Microchip/PIC24F-GA-GB_DFP/1.10.375/xc16/bin/../support/PIC24F/gld \
  -Lc:/program files/microchip/xc16/v2.10/bin/bin/../../lib \
  -Lc:/program files/microchip/xc16/v2.10/bin/bin/../../support/PIC24E/gld \
  -Lc:/program files/microchip/xc16/v2.10/bin/bin/../../support/PIC24F/gld \
  -Lc:/program files/microchip/xc16/v2.10/bin/bin/../../support/PIC24H/gld \
  -Lc:/program files/microchip/xc16/v2.10/bin/bin/../../support/dsPIC30F/gld \
  -Lc:/program files/microchip/xc16/v2.10/bin/bin/../../support/dsPIC33C/gld \
  -Lc:/program files/microchip/xc16/v2.10/bin/bin/../../support/dsPIC33E/gld \
  -Lc:/program files/microchip/xc16/v2.10/bin/bin/../../support/dsPIC33F/gld \
  build/default/debug/mcc_generated_files/memory/flash.o \
  build/default/debug/mcc_generated_files/memory/flash_demo.o \
  build/default/debug/mcc_generated_files/system.o \
  build/default/debug/mcc_generated_files/interrupt_manager.o \
  build/default/debug/mcc_generated_files/pin_manager.o \
  build/default/debug/mcc_generated_files/traps.o \
  build/default/debug/mcc_generated_files/clock.o \
  build/default/debug/mcc_generated_files/where_was_i.o \
  build/default/debug/mcc_generated_files/mcc.o \
  build/default/debug/mcc_generated_files/tmr3.o \
  build/default/debug/mcc_generated_files/oc1.o \
  build/default/debug/mcc_generated_files/adc1.o \
  build/default/debug/mcc_generated_files/oc2.o \
  build/default/debug/mcc_generated_files/ic1.o \
  build/default/debug/mcc_generated_files/i2c2.o \
  build/default/debug/mcc_generated_files/i2c1.o \
  build/default/debug/mcc_generated_files/tmr2.o \
  build/default/debug/mcc_generated_files/tmr1.o \
  build/default/debug/mcc_generated_files/uart1.o \
  build/default/debug/mcc_generated_files/delay.o \
  build/default/debug/mcc_generated_files/tmr4.o \
  build/default/debug/main.o \
  --local-stack \
  --defsym=__MPLAB_BUILD=1 \
  --defsym=__MPLAB_DEBUG=1 \
  --defsym=__DEBUG=1 \
  -Tp24FJ128GA310.gld.07 \
  --stack=16 \
  --check-sections \
  --data-init \
  --pack-data \
  --handles \
  --isr \
  --no-gc-sections \
  --fill-upper=0 \
  --stackguard=16 \
  --no-force-link \
  --smart-io \
  -Map=dist/default/debug/EC17_0014_016.X.debug.map \
  --report-mem \
  --memorysummary \
  dist/default/debug/memoryfile.xml \
  -start-group \
  --library=c99-pic30-elf \
  --library=m-elf \
  --library=c99-elf \
  -end-group \


Optional library libpPIC24Fxxx.a not found
Archive member included because of file (symbol)

c:/program files/microchip/xc16/v2.10/bin/bin/../../lib\libc99-pic30-elf.a(crt0_extended24.o)
                              (__resetPRI)
c:/program files/microchip/xc16/v2.10/bin/bin/../../lib\libc99-pic30-elf.a(data_init_24.o)
                              c:/program files/microchip/xc16/v2.10/bin/bin/../../lib\libc99-pic30-elf.a(crt0_extended24.o) (__data_init_da)
c:/program files/microchip/xc16/v2.10/bin/bin/../../lib\libc99-pic30-elf.a(crt_start_mode_normalda.Meo)
                              (__crt_start_mode_normal)
c:/program files/microchip/xc16/v2.10/bin/bin/../../lib\libc99-pic30-elf.a(delay32da.Meo)
                              build/default/debug/mcc_generated_files/i2c2.o (___delay32)
c:/program files/microchip/xc16/v2.10/bin/bin/../../lib\libc99-pic30-elf.a(feqltle.DA_o)
                              build/default/debug/main.o (___ltsf2)
c:/program files/microchip/xc16/v2.10/bin/bin/../../lib\libc99-pic30-elf.a(fgtge.DA_o)
                              build/default/debug/main.o (___gtsf2)
c:/program files/microchip/xc16/v2.10/bin/bin/../../lib\libc99-pic30-elf.a(fixunssfsi.DA_o)
                              build/default/debug/main.o (___fixunssfsi)
c:/program files/microchip/xc16/v2.10/bin/bin/../../lib\libc99-pic30-elf.a(floatsisf.DA_o)
                              build/default/debug/main.o (___floatsisf)
c:/program files/microchip/xc16/v2.10/bin/bin/../../lib\libc99-pic30-elf.a(funpack.DA_o)
                              c:/program files/microchip/xc16/v2.10/bin/bin/../../lib\libc99-pic30-elf.a(fixunssfsi.DA_o) (__funpack)
c:/program files/microchip/xc16/v2.10/bin/bin/../../lib\libc99-pic30-elf.a(udivsi3.DA_o)
[...]
Memory Configuration

Name             Origin             Length             Attributes
data             0x000800           0x002000           a !xr
reset            0x000000           0x000004  
ivt              0x000004           0x0000fc  
_reserved        0x000100           0x000004  
aivt             0x000104           0x0000fc  
program          0x000200           0x0155f8           xr
CONFIG4          0x0157f8           0x000002  
CONFIG3          0x0157fa           0x000002  
CONFIG2          0x0157fc           0x000002  
CONFIG1          0x0157fe           0x000002  
*default*        0x000000           0xffffffff  

Linker script and memory map


reserve_data_0x800
                    0x0800         0x1c
                    0x081c                  . = 0x1c
 *fill*             0x0800         0x1c00

reserve_data_0x81c
                    0x081c          0x2
                    0x081e                  . = 0x2
 *fill*             0x081c          0x200

reserve_data_0x81e
                    0x081e          0x2
                    0x0820                  . = 0x2
 *fill*             0x081e          0x200

reserve_data_0x820
                    0x0820          0x2
                    0x0822                  . = 0x2
 *fill*             0x0820          0x200

reserve_data_0x822
                    0x0822          0x2
                    0x0824                  . = 0x2
 *fill*             0x0822          0x200

reserve_data_0x824
                    0x0824          0x4
                    0x0828                  . = 0x4
 *fill*             0x0824          0x400

reserve_data_0x82a
                    0x082a         0x26
                    0x0850                  . = 0x26
 *fill*             0x082a         0x2600
LOAD build/default/debug/mcc_generated_files/memory/flash.o
LOAD build/default/debug/mcc_generated_files/memory/flash_demo.o
LOAD build/default/debug/mcc_generated_files/system.o
LOAD build/default/debug/mcc_generated_files/interrupt_manager.o
LOAD build/default/debug/mcc_generated_files/pin_manager.o
LOAD build/default/debug/mcc_generated_files/traps.o
LOAD build/default/debug/mcc_generated_files/clock.o
LOAD build/default/debug/mcc_generated_files/where_was_i.o
LOAD build/default/debug/mcc_generated_files/mcc.o
LOAD build/default/debug/mcc_generated_files/tmr3.o
LOAD build/default/debug/mcc_generated_files/oc1.o
LOAD build/default/debug/mcc_generated_files/adc1.o
LOAD build/default/debug/mcc_generated_files/oc2.o
LOAD build/default/debug/mcc_generated_files/ic1.o
LOAD build/default/debug/mcc_generated_files/i2c2.o
LOAD build/default/debug/mcc_generated_files/i2c1.o
LOAD build/default/debug/mcc_generated_files/tmr2.o
LOAD build/default/debug/mcc_generated_files/tmr1.o
LOAD build/default/debug/mcc_generated_files/uart1.o
LOAD build/default/debug/mcc_generated_files/delay.o
LOAD build/default/debug/mcc_generated_files/tmr4.o
LOAD build/default/debug/main.o
                    0x0001                  __MPLAB_BUILD = 0x1
                    0x0001                  __MPLAB_DEBUG = 0x1
                    0x0001                  __DEBUG = 0x1
LOAD pPIC24Fxxx
LOAD c:/program files/microchip/xc16/v2.10/bin/bin/../../lib\libfx-elf.a
                    0x157f8                  __CONFIG4 = 0x157f8
                    0x157fa                  __CONFIG3 = 0x157fa
                    0x157fc                  __CONFIG2 = 0x157fc
                    0x157fe                  __CONFIG1 = 0x157fe
                    0x0200                  __CODE_BASE = 0x200
                    0x155f8                  __CODE_LENGTH = 0x155f8
                    0x0004                  __IVT_BASE = 0x4
                    0x0104                  __AIVT_BASE = 0x104
                    0x0800                  __DATA_BASE = 0x800
                    0x2000                  __DATA_LENGTH = 0x2000

.reset            0x000000          0x4
                  0x000000          0x2 SHORT 0x200 ABSOLUTE (__reset)
                  0x000001          0x2 SHORT 0x4
                  0x000002          0x2 SHORT 0x0 ((ABSOLUTE (__reset) >> 0x10) & 0x7f)
                  0x000003          0x2 SHORT 0x0

.text             0x000200       0x35d6
 *(.init)
 .init            0x000200         0x4c c:/program files/microchip/xc16/v2.10/bin/bin/../../lib\libc99-pic30-elf.a(crt0_extended24.o)
                  0x000200                  __resetPRI
                  0x000200                  __reset
                  0x00023c                  __psv_init
 .init            0x00024c         0xb8 c:/program files/microchip/xc16/v2.10/bin/bin/../../lib\libc99-pic30-elf.a(data_init_24.o)
                  0x000252                  __data_init
                  0x000252                  __data_init_da
 *(.user_init)
 *(.handle)
 .handle          0x000304         0x40 jump_table
 *(.isr*)
 .isr.text        0x000344         0x82 build/default/debug/mcc_generated_files/traps.o
                  0x000344                  __OscillatorFail
                  0x000364                  __StackError
                  0x000386                  __AddressError
                  0x0003a6                  __MathError
 .isr.text        0x0003c6         0x36 build/default/debug/mcc_generated_files/tmr3.o
                  0x0003c6                  __T3Interrupt
 .isr.text        0x0003fc         0x40 build/default/debug/mcc_generated_files/adc1.o
                  0x0003fc                  __ADC1Interrupt
 .isr.text        0x00043c         0x36 build/default/debug/mcc_generated_files/tmr2.o
                  0x00043c                  __T2Interrupt
 .isr.text        0x000472         0x36 build/default/debug/mcc_generated_files/tmr1.o
                  0x000472                  __T1Interrupt
 .isr.text        0x0004a8         0x52 build/default/debug/mcc_generated_files/uart1.o
                  0x0004a8                  __U1TXInterrupt
                  0x0004c6                  __U1RXInterrupt
                  0x0004e4                  __U1ErrInterrupt
 .isr.text        0x0004fa         0x36 build/default/debug/mcc_generated_files/tmr4.o
                  0x0004fa                  __T4Interrupt
 .isr             0x000530          0x4 default_isr
                  0x000530                  __DefaultInterrupt
 *(.libc)
 .libc            0x000534         0x88 c:/program files/microchip/xc16/v2.10/bin/bin/../../lib\libc99-pic30-elf.a(readda.Meo)
                  0x000534                  _read
 .libc            0x0005bc         0x12 c:/program files/microchip/xc16/v2.10/bin/bin/../../lib\libc99-pic30-elf.a(closeda.Meo)
                  0x0005bc                  _close
 .libc            0x0005ce         0x84 c:/program files/microchip/xc16/v2.10/bin/bin/../../lib\libc99-pic30-elf.a(writeda.Meo)
                  0x0005ce                  _write
 .libc            0x000652         0x2a c:/program files/microchip/xc16/v2.10/bin/bin/../../lib\libc99-pic30-elf.a(sbrkda.Meo)
                  0x000652                  _sbrk
 .libc            0x00067c         0x1a c:/program files/microchip/xc16/v2.10/bin/bin/../../lib\libc99-pic30-elf.a(brkda.Meo)
                  0x00067c                  _brk
 *(.libm)
 *(.libdsp)
 *(.lib*)
 .libpic30_crt_start_mode
                  0x000696          0x2 c:/program files/microchip/xc16/v2.10/bin/bin/../../lib\libc99-pic30-elf.a(crt_start_mode_normalda.Meo)
                  0x000696                  __crt_start_mode
                  0x000696                  __crt_start_mode_normal
 .libm.eqsf2      0x000698          0x4 c:/program files/microchip/xc16/v2.10/bin/bin/../../lib\libc99-pic30-elf.a(feqltle.DA_o)
                  0x000698                  ___eqsf2
                  0x000698                  ___ltsf2
                  0x000698                  ___lesf2
 .libm.gtsf2      0x00069c          0x4 c:/program files/microchip/xc16/v2.10/bin/bin/../../lib\libc99-pic30-elf.a(fgtge.DA_o)
                  0x00069c                  ___gesf2
                  0x00069c                  ___gtsf2
 .libm.fixunssfsi
                  0x0006a0         0x36 c:/program files/microchip/xc16/v2.10/bin/bin/../../lib\libc99-pic30-elf.a(fixunssfsi.DA_o)
                  0x0006a0                  ___fixunssfsi
 .libm.floatsisf
                  0x0006d6          0x6 c:/program files/microchip/xc16/v2.10/bin/bin/../../lib\libc99-pic30-elf.a(floatsisf.DA_o)
                  0x0006d6                  ___floatsisf
 .libm.funpack    0x0006dc         0x2a c:/program files/microchip/xc16/v2.10/bin/bin/../../lib\libc99-pic30-elf.a(funpack.DA_o)
                  0x0006dc                  __funpack
 .libm.udivsi3    0x000706         0x20 c:/program files/microchip/xc16/v2.10/bin/bin/../../lib\libc99-pic30-elf.a(udivsi3.DA_o)
                  0x000706                  ___udivsi3
 .libmx           0x000726        0x1dc c:/program files/microchip/xc16/v2.10/bin/bin/../../lib\libc99-pic30-elf.a(addsf3x.DA_o)
                  0x000726                  ___subsf3x
                  0x000726                  ___subsf3
                  0x000738                  ___addsf3x
                  0x000738                  ___addsf3
 .libmx           0x000902        0x1be c:/program files/microchip/xc16/v2.10/bin/bin/../../lib\libc99-pic30-elf.a(divsf3x.DA_o)
                  0x000902                  ___divsf3x
                  0x000902                  ___divsf3
                  0x000a94                  __sdivf
 .libmx           0x000ac0        0x10c c:/program files/microchip/xc16/v2.10/bin/bin/../../lib\libc99-pic30-elf.a(mulsf3x.DA_o)
                  0x000ac0                  ___mulsf3x
                  0x000ac0                  ___mulsf3
 .libmx           0x000bcc         0x54 c:/program files/microchip/xc16/v2.10/bin/bin/../../lib\libc99-pic30-elf.a(dnrmpackfx.DA_o)
                  0x000bcc                  __dnrmpackf
 .libmx           0x000c20         0x5e c:/program files/microchip/xc16/v2.10/bin/bin/../../lib\libc99-pic30-elf.a(unpackdnrmfx.DA_o)
                  0x000c20                  __unpackdnrmf
 .libmx           0x000c7e         0x34 c:/program files/microchip/xc16/v2.10/bin/bin/../../lib\libc99-pic30-elf.a(typefx.DA_o)
                  0x000c7e                  __typef
 .libmx           0x000cb2         0x12 c:/program files/microchip/xc16/v2.10/bin/bin/../../lib\libc99-pic30-elf.a(propnanfx.DA_o)
                  0x000cb2                  __propnanf
 .libmx           0x000cc4         0xa6 c:/program files/microchip/xc16/v2.10/bin/bin/../../lib\libc99-pic30-elf.a(spackfx.DA_o)
                  0x000cc4                  __spackf
 .libmx           0x000d6a         0x66 c:/program files/microchip/xc16/v2.10/bin/bin/../../lib\libc99-pic30-elf.a(unpackfx.DA_o)
                  0x000d6a                  __unpackf
 .libm.fcompare
                  0x000dd0         0x36 c:/program files/microchip/xc16/v2.10/bin/bin/../../lib\libc99-pic30-elf.a(fcompare.DA_o)
                  0x000dd0                  __fcompare
 .libm.floatdisf
                  0x000e06         0x20 c:/program files/microchip/xc16/v2.10/bin/bin/../../lib\libc99-pic30-elf.a(floatdisf.DA_o)
                  0x000e06                  ___floatdisf
 .libm.floatundisf
                  0x000e26         0x5e c:/program files/microchip/xc16/v2.10/bin/bin/../../lib\libc99-pic30-elf.a(floatundisf.DA_o)
                  0x000e26                  ___floatundisf
 .libm.fpack      0x000e84         0x4c c:/program files/microchip/xc16/v2.10/bin/bin/../../lib\libc99-pic30-elf.a(fpack.DA_o)
                  0x000e84                  __fpack
 .libm.funpack2
                  0x000ed0         0x10 c:/program files/microchip/xc16/v2.10/bin/bin/../../lib\libc99-pic30-elf.a(funpack2.DA_o)
                  0x000ed0                  __funpack2
 .libc.sinf       0x000ee0        0x12e c:/program files/microchip/xc16/v2.10/bin/bin/../../lib\libm-elf.a(sinf.DA_o)
                  0x000ee0                  _sinf
 .libc.__cosdf    0x00100e         0x5c c:/program files/microchip/xc16/v2.10/bin/bin/../../lib\libm-elf.a(__cosdf.DA_o)
                  0x00100e                  ___cosdf
 .libc.__rem_pio2f
                  0x00106a         0xb2 c:/program files/microchip/xc16/v2.10/bin/bin/../../lib\libm-elf.a(__rem_pio2f.DA_o)
                  0x00106a                  ___rem_pio2f
 .libc.__sindf    0x00111c         0x60 c:/program files/microchip/xc16/v2.10/bin/bin/../../lib\libm-elf.a(__sindf.DA_o)
                  0x00111c                  ___sindf
 .libc.fabs       0x00117c         0x18 c:/program files/microchip/xc16/v2.10/bin/bin/../../lib\libm-elf.a(fabs.DA_o)
                  0x00117c                  _fabs
 .libc.__wrap_sprintf
                  0x001194          0xc c:/program files/microchip/xc16/v2.10/bin/bin/../../lib\libc99-elf.a(__sio_sprintf_doux.DA_o)
                  0x001194                  __sprintf_cdnopuxX
                  0x001194                  __dsprintf_cdnopuxX
 .libc.__sio_sprintf_doux
                  0x0011a0          0xe c:/program files/microchip/xc16/v2.10/bin/bin/../../lib\libc99-elf.a(__sio_sprintf_doux.DA_o)
                  0x0011a0                  ___sio_sprintf_doux
 .libc.__wrap_sscanf
                  0x0011ae          0xc c:/program files/microchip/xc16/v2.10/bin/bin/../../lib\libc99-elf.a(__sio_sscanf_doux.DA_o)
                  0x0011ae                  __sscanf_cdnopuxX
                  0x0011ae                  __dsscanf_cdnopuxX
 .libc.__sio_sscanf_doux
                  0x0011ba          0xa c:/program files/microchip/xc16/v2.10/bin/bin/../../lib\libc99-elf.a(__sio_sscanf_doux.DA_o)
                  0x0011ba                  ___sio_sscanf_doux
 .libc.memcpy     0x0011c4          0xe c:/program files/microchip/xc16/v2.10/bin/bin/../../lib\libc99-elf.a(memcpy.DA_o)
                  0x0011c4                  _memcpy
 .libc.strcmp     0x0011d2         0x16 c:/program files/microchip/xc16/v2.10/bin/bin/../../lib\libc99-elf.a(strcmp.DA_o)
                  0x0011d2                  _strcmp
 .libc.strncmp    0x0011e8         0x2a c:/program files/microchip/xc16/v2.10/bin/bin/../../lib\libc99-elf.a(strncmp.DA_o)
                  0x0011e8                  _strncmp
 .libc.strncpy    0x001212          0xe c:/program files/microchip/xc16/v2.10/bin/bin/../../lib\libc99-elf.a(strncpy.DA_o)
                  0x001212                  _strncpy
 .libc.__fmt_d    0x001220         0xb2 c:/program files/microchip/xc16/v2.10/bin/bin/../../lib\libc99-elf.a(__fmt_d.DA_o)
                  0x001220                  ___fmt_d
                  0x001220                  ___fmt_d_needed
 .libc.__fmt_o    0x0012d2         0x6a c:/program files/microchip/xc16/v2.10/bin/bin/../../lib\libc99-elf.a(__fmt_o.DA_o)
                  0x0012d2                  ___fmt_o
                  0x0012d2                  ___fmt_o_needed
 .libc.__fmt_s    0x00133c         0x54 c:/program files/microchip/xc16/v2.10/bin/bin/../../lib\libc99-elf.a(__fmt_s.DA_o)
                  0x00133c                  ___fmt_0_needed
                  0x00133c                  ___fmt_s_needed
                  0x00133c                  ___fmt_s
 .libc.__cvt_u    0x001390         0xa6 c:/program files/microchip/xc16/v2.10/bin/bin/../../lib\libc99-elf.a(__fmt_u.DA_o)
                  0x001390                  ___cvt_u
 .libc.__fmt_u    0x001436         0x52 c:/program files/microchip/xc16/v2.10/bin/bin/../../lib\libc99-elf.a(__fmt_u.DA_o)
                  0x001436                  ___fmt_u
                  0x001436                  ___fmt_u_needed
 .libc.__fmt_x    0x001488        0x14a c:/program files/microchip/xc16/v2.10/bin/bin/../../lib\libc99-elf.a(__fmt_x.DA_o)
                  0x001488                  ___fmt_x_needed
                  0x001488                  ___fmt_x
 .libc.__vsprintf
                  0x0015d2          0x8 c:/program files/microchip/xc16/v2.10/bin/bin/../../lib\libc99-elf.a(__int_vsprintf.DA_o)
                  0x0015d2                  ___vsprintf
 .libc.do_read    0x0015da          0x2 c:/program files/microchip/xc16/v2.10/bin/bin/../../lib\libc99-elf.a(__int_vsscanf.DA_o)
                  0x0015da                  __int_vsscanf.DA_o:_do_read
 .libc.__vsscanf
                  0x0015dc         0x1c c:/program files/microchip/xc16/v2.10/bin/bin/../../lib\libc99-elf.a(__int_vsscanf.DA_o)
                  0x0015dc                  ___vsscanf
 .libc.__pop_int
                  0x0015f8         0xa8 c:/program files/microchip/xc16/v2.10/bin/bin/../../lib\libc99-elf.a(__pop_int.DA_o)
                  0x0015f8                  ___pop_int
                  0x0015f8                  ___pop_int_needed
 .libc.__pop_ptr
                  0x0016a0         0x70 c:/program files/microchip/xc16/v2.10/bin/bin/../../lib\libc99-elf.a(__pop_ptr.DA_o)
                  0x0016a0                  ___pop_ptr_needed
                  0x0016a0                  ___pop_ptr
 .libc.__string_out
                  0x001710         0x26 c:/program files/microchip/xc16/v2.10/bin/bin/../../lib\libc99-elf.a(__printf_core.DA_o)
 .libc.__pad      0x001736         0x74 c:/program files/microchip/xc16/v2.10/bin/bin/../../lib\libc99-elf.a(__printf_core.DA_o)
                  0x001736                  ___pad
 .libc.__dummy_fmt3
                  0x0017aa          0x2 c:/program files/microchip/xc16/v2.10/bin/bin/../../lib\libc99-elf.a(__printf_core.DA_o)
 .libc.__dummy_fmt4
                  0x0017ac          0x2 c:/program files/microchip/xc16/v2.10/bin/bin/../../lib\libc99-elf.a(__printf_core.DA_o)
                  0x0017ac                  ___fmt_fp
                  0x0017ac                  ___fmt_a
 .libc.__dummy_fmts
                  0x0017ae          0x2 c:/program files/microchip/xc16/v2.10/bin/bin/../../lib\libc99-elf.a(__printf_core.DA_o)
 .libc.__fmt_state
                  0x0017b0         0x2c c:/program files/microchip/xc16/v2.10/bin/bin/../../lib\libc99-elf.a(__printf_core.DA_o)
                  0x0017b0                  ___fmt_state
 .libc.vfpfcnvrt.clone.0
                  0x0017dc        0x2d8 c:/program files/microchip/xc16/v2.10/bin/bin/../../lib\libc99-elf.a(__printf_core.DA_o)
 .libc.__printf_core
                  0x001ab4         0x40 c:/program files/microchip/xc16/v2.10/bin/bin/../../lib\libc99-elf.a(__printf_core.DA_o)
                  0x001ab4                  ___printf_core
 .libc.__scan_d
                  0x001af4         0x2e c:/program files/microchip/xc16/v2.10/bin/bin/../../lib\libc99-elf.a(__scan_d.DA_o)
                  0x001af4                  ___scan_d
                  0x001af4                  ___scan_d_needed
 .libc.__scan_i
                  0x001b22        0x142 c:/program files/microchip/xc16/v2.10/bin/bin/../../lib\libc99-elf.a(__scan_i.DA_o)
                  0x001b22                  ___scan_i_needed
                  0x001b22                  ___scan_i
 .libc.__scan_o
                  0x001c64         0x98 c:/program files/microchip/xc16/v2.10/bin/bin/../../lib\libc99-elf.a(__scan_o.DA_o)
                  0x001c64                  ___scan_o
                  0x001c64                  ___scan_o_needed
 .libc.__isspace
                  0x001cfc         0x14 c:/program files/microchip/xc16/v2.10/bin/bin/../../lib\libc99-elf.a(__scan_s.DA_o)
 .libc.__scan_s
                  0x001d10         0x8a c:/program files/microchip/xc16/v2.10/bin/bin/../../lib\libc99-elf.a(__scan_s.DA_o)
                  0x001d10                  ___scan_s_needed
                  0x001d10                  ___scan_s
 .libc.__scan_u
                  0x001d9a         0x2e c:/program files/microchip/xc16/v2.10/bin/bin/../../lib\libc99-elf.a(__scan_u.DA_o)
                  0x001d9a                  ___scan_u_needed
                  0x001d9a                  ___scan_u
 .libc.__scan_x
                  0x001dc8         0xdc c:/program files/microchip/xc16/v2.10/bin/bin/../../lib\libc99-elf.a(__scan_x.DA_o)
                  0x001dc8                  ___scan_x_needed
                  0x001dc8                  ___scan_x
 .libc.__isspace
                  0x001ea4         0x14 c:/program files/microchip/xc16/v2.10/bin/bin/../../lib\libc99-elf.a(__scanf_core.DA_o)
 .libc.__skipws
                  0x001eb8         0x3a c:/program files/microchip/xc16/v2.10/bin/bin/../../lib\libc99-elf.a(__scanf_core.DA_o)
                  0x001eb8                  ___skipws
 .libc.__consumews
                  0x001ef2         0x2c c:/program files/microchip/xc16/v2.10/bin/bin/../../lib\libc99-elf.a(__scanf_core.DA_o)
                  0x001ef2                  ___consumews
 .libc.vfsfcnvrt.clone.0
                  0x001f1e        0x39e c:/program files/microchip/xc16/v2.10/bin/bin/../../lib\libc99-elf.a(__scanf_core.DA_o)
 .libc.__dummy_scan
                  0x0022bc          0x2 c:/program files/microchip/xc16/v2.10/bin/bin/../../lib\libc99-elf.a(__scanf_core.DA_o)
                  0x0022bc                  ___scan_a
                  0x0022bc                  ___scan_fp
 .libc.__dummy_scan_s
                  0x0022be          0x2 c:/program files/microchip/xc16/v2.10/bin/bin/../../lib\libc99-elf.a(__scanf_core.DA_o)
 .libc.__scanf_core
                  0x0022c0         0x48 c:/program files/microchip/xc16/v2.10/bin/bin/../../lib\libc99-elf.a(__scanf_core.DA_o)
                  0x0022c0                  ___scanf_core
 .libc.__string_read
                  0x002308         0x44 c:/program files/microchip/xc16/v2.10/bin/bin/../../lib\libc99-elf.a(__string_read.DA_o)
                  0x002308                  ___string_read
 .libc.__isspace
                  0x00234c         0x14 c:/program files/microchip/xc16/v2.10/bin/bin/../../lib\libc99-elf.a(atoi.DA_o)
 .libc.atoi       0x002360         0x4c c:/program files/microchip/xc16/v2.10/bin/bin/../../lib\libc99-elf.a(atoi.DA_o)
                  0x002360                  _atoi
 .libc.isxdigit
                  0x0023ac         0x18 c:/program files/microchip/xc16/v2.10/bin/bin/../../lib\libc99-elf.a(isxdigit.DA_o)
                  0x0023ac                  _isxdigit
 .libc.__isxdigit_l
                  0x0023c4          0x2 c:/program files/microchip/xc16/v2.10/bin/bin/../../lib\libc99-elf.a(isxdigit.DA_o)
                  0x0023c4                  _isxdigit_l
                  0x0023c4                  ___isxdigit_l
 .libc.memchr     0x0023c6         0x60 c:/program files/microchip/xc16/v2.10/bin/bin/../../lib\libc99-elf.a(memchr.DA_o)
                  0x0023c6                  _memchr
 .libc.memset     0x002426         0xc8 c:/program files/microchip/xc16/v2.10/bin/bin/../../lib\libc99-elf.a(memset.DA_o)
                  0x002426                  _memset
 .libc.__shlim    0x0024ee         0x4a c:/program files/microchip/xc16/v2.10/bin/bin/../../lib\libc99-elf.a(shgetc.DA_o)
                  0x0024ee                  ___shlim
 .libc.__shgetc
                  0x002538        0x130 c:/program files/microchip/xc16/v2.10/bin/bin/../../lib\libc99-elf.a(shgetc.DA_o)
                  0x002538                  ___shgetc
 .libc.__stpncpy
                  0x002668         0x6a c:/program files/microchip/xc16/v2.10/bin/bin/../../lib\libc99-elf.a(stpncpy.DA_o)
                  0x002668                  _stpncpy
                  0x002668                  ___stpncpy
 .libc.strlen     0x0026d2         0x30 c:/program files/microchip/xc16/v2.10/bin/bin/../../lib\libc99-elf.a(strlen.DA_o)
                  0x0026d2                  _strlen
 .libc.strtox     0x002702         0x52 c:/program files/microchip/xc16/v2.10/bin/bin/../../lib\libc99-elf.a(strtol.DA_o)
 .libc.strtoull
                  0x002754          0x8 c:/program files/microchip/xc16/v2.10/bin/bin/../../lib\libc99-elf.a(strtol.DA_o)
                  0x002754                  ___strtoull_internal
                  0x002754                  _strtoull
 .libc.strtoll    0x00275c          0x8 c:/program files/microchip/xc16/v2.10/bin/bin/../../lib\libc99-elf.a(strtol.DA_o)
                  0x00275c                  _strtoll
                  0x00275c                  ___strtoll_internal
 .libc.strtoul    0x002764          0x8 c:/program files/microchip/xc16/v2.10/bin/bin/../../lib\libc99-elf.a(strtol.DA_o)
                  0x002764                  _strtoul
                  0x002764                  ___strtoul_internal
 .libc.strtol     0x00276c          0x8 c:/program files/microchip/xc16/v2.10/bin/bin/../../lib\libc99-elf.a(strtol.DA_o)
                  0x00276c                  _strtol
                  0x00276c                  ___strtol_internal
 .libc.strtoimax
                  0x002774          0x2 c:/program files/microchip/xc16/v2.10/bin/bin/../../lib\libc99-elf.a(strtol.DA_o)
                  0x002774                  ___strtoimax_internal
                  0x002774                  _strtoimax
 .libc.strtoumax
                  0x002776          0x2 c:/program files/microchip/xc16/v2.10/bin/bin/../../lib\libc99-elf.a(strtol.DA_o)
                  0x002776                  _strtoumax
                  0x002776                  ___strtoumax_internal
 .libc.tolower    0x002778          0xc c:/program files/microchip/xc16/v2.10/bin/bin/../../lib\libc99-elf.a(tolower.DA_o)
                  0x002778                  _tolower
 .libc.__tolower_l
                  0x002784          0x2 c:/program files/microchip/xc16/v2.10/bin/bin/../../lib\libc99-elf.a(tolower.DA_o)
                  0x002784                  ___tolower_l
                  0x002784                  _tolower_l
 .libc.toupper    0x002786          0xc c:/program files/microchip/xc16/v2.10/bin/bin/../../lib\libc99-elf.a(toupper.DA_o)
                  0x002786                  _toupper
 .libc.__toupper_l
                  0x002792          0x2 c:/program files/microchip/xc16/v2.10/bin/bin/../../lib\libc99-elf.a(toupper.DA_o)
                  0x002792                  ___toupper_l
                  0x002792                  _toupper_l
 .libc.__vfscanf
                  0x002794         0x1c c:/program files/microchip/xc16/v2.10/bin/bin/../../lib\libc99-elf.a(__int_vfscanf.DA_o)
                  0x002794                  ___vfscanf
 .libc.__vsnprintf
                  0x0027b0         0x4a c:/program files/microchip/xc16/v2.10/bin/bin/../../lib\libc99-elf.a(__int_vsnprintf.DA_o)
                  0x0027b0                  ___vsnprintf
 .libc.__pop_float
                  0x0027fa         0x3e c:/program files/microchip/xc16/v2.10/bin/bin/../../lib\libc99-elf.a(__pop_float.DA_o)
                  0x0027fa                  ___pop_float
                  0x0027fa                  ___pop_float_needed
 .libc.__push_float
                  0x002838         0x3e c:/program files/microchip/xc16/v2.10/bin/bin/../../lib\libc99-elf.a(__push_float.DA_o)
                  0x002838                  ___push_float
                  0x002838                  ___push_float_needed
 .libc.__push_int
                  0x002876         0x72 c:/program files/microchip/xc16/v2.10/bin/bin/../../lib\libc99-elf.a(__push_int.DA_o)
                  0x002876                  ___push_int
                  0x002876                  ___push_int_needed
 .libc.__read_int
                  0x0028e8         0x8a c:/program files/microchip/xc16/v2.10/bin/bin/../../lib\libc99-elf.a(__read_int.DA_o)
                  0x0028e8                  ___read_int
 .libc.__towrite_rw
                  0x002972         0x1c c:/program files/microchip/xc16/v2.10/bin/bin/../../lib\libc99-elf.a(__towrite_rw.DA_o)
                  0x002972                  ___towrite_rw
                  0x002972                  ___towrite_rw_needed
 .libc.__uflow    0x00298e         0x2a c:/program files/microchip/xc16/v2.10/bin/bin/../../lib\libc99-elf.a(__uflow.DA_o)
                  0x00298e                  ___uflow
 .libc.__isspace
                  0x0029b8         0x14 c:/program files/microchip/xc16/v2.10/bin/bin/../../lib\libc99-elf.a(intscan.DA_o)
 .libc.__intscan
                  0x0029cc        0x432 c:/program files/microchip/xc16/v2.10/bin/bin/../../lib\libc99-elf.a(intscan.DA_o)
                  0x0029cc                  ___intscan
 .libc.__fopen_rw
                  0x002dfe         0x38 c:/program files/microchip/xc16/v2.10/bin/bin/../../lib\libc99-elf.a(__fopen_rw.DA_o)
                  0x002dfe                  ___fopen_rw
                  0x002dfe                  ___fopen_rw_needed
 .libc.__ftello_adj_rw
                  0x002e36         0x36 c:/program files/microchip/xc16/v2.10/bin/bin/../../lib\libc99-elf.a(__ftello_rw.DA_o)
                  0x002e36                  ___ftello_adj_rw
                  0x002e36                  ___ftello_adj_rw_needed
 .libc.__vfprintf
                  0x002e6c         0x1c c:/program files/microchip/xc16/v2.10/bin/bin/../../lib\libc99-elf.a(__int_vfprintf.DA_o)
                  0x002e6c                  ___vfprintf
 .libc.__string_out
                  0x002e88         0x26 c:/program files/microchip/xc16/v2.10/bin/bin/../../lib\libc99-elf.a(__out.DA_o)
 .libc.__fwrite_min
                  0x002eae          0x4 c:/program files/microchip/xc16/v2.10/bin/bin/../../lib\libc99-elf.a(__out.DA_o)
                  0x002eae                  ___stdio_write
                  0x002eae                  ___stdio_write_unbuffered
 .libc.__out      0x002eb2         0x10 c:/program files/microchip/xc16/v2.10/bin/bin/../../lib\libc99-elf.a(__out.DA_o)
                  0x002eb2                  ___out_needed
                  0x002eb2                  ___out
 .libc.__putc     0x002ec2         0x32 c:/program files/microchip/xc16/v2.10/bin/bin/../../lib\libc99-elf.a(__putc.DA_o)
                  0x002ec2                  ___putc_needed
                  0x002ec2                  ___putc
 .libc.__dummy    0x002ef4          0x2 c:/program files/microchip/xc16/v2.10/bin/bin/../../lib\libc99-elf.a(__stderr.DA_o)
 .libc.__get_stderr
                  0x002ef6          0x4 c:/program files/microchip/xc16/v2.10/bin/bin/../../lib\libc99-elf.a(__stderr.DA_o)
                  0x002ef6                  ___get_stderr
                  0x002ef6                  ___init_stderr_needed
 .libc.__stdio_close
                  0x002efa         0x3e c:/program files/microchip/xc16/v2.10/bin/bin/../../lib\libc99-elf.a(__stdio_close.DA_o)
                  0x002efa                  ___stdio_close
 .libc.__stdio_close_rw
                  0x002f38         0x58 c:/program files/microchip/xc16/v2.10/bin/bin/../../lib\libc99-elf.a(__stdio_close.DA_o)
                  0x002f38                  ___stdio_close_rw
 .libc.__dummy    0x002f90          0x2 c:/program files/microchip/xc16/v2.10/bin/bin/../../lib\libc99-elf.a(__stdio_exit.DA_o)
                  0x002f90                  ___stdio_exit_ofl
 .libc.__dummy1
                  0x002f92          0x2 c:/program files/microchip/xc16/v2.10/bin/bin/../../lib\libc99-elf.a(__stdio_exit.DA_o)
 .libc.__stdio_exit
                  0x002f94         0x14 c:/program files/microchip/xc16/v2.10/bin/bin/../../lib\libc99-elf.a(__stdio_exit.DA_o)
                  0x002f94                  ___stdio_exit_needed
                  0x002f94                  ___stdio_exit
 .libc.__stdio_read
                  0x002fa8         0x6a c:/program files/microchip/xc16/v2.10/bin/bin/../../lib\libc99-elf.a(__stdio_read.DA_o)
                  0x002fa8                  ___stdio_read
 .libc.__stdio_seek_unbuffered
                  0x003012         0x2a c:/program files/microchip/xc16/v2.10/bin/bin/../../lib\libc99-elf.a(__stdio_seek.DA_o)
                  0x003012                  ___stdio_seek_needed
                  0x003012                  ___stdio_seek_unbuffered
 .libc.__stdio_seek
                  0x00303c         0x50 c:/program files/microchip/xc16/v2.10/bin/bin/../../lib\libc99-elf.a(__stdio_seek.DA_o)
                  0x00303c                  ___stdio_seek
 .libc.__stdio_seek_rw
                  0x00308c         0x82 c:/program files/microchip/xc16/v2.10/bin/bin/../../lib\libc99-elf.a(__stdio_seek.DA_o)
                  0x00308c                  ___stdio_seek_rw
 .libc.__dummy    0x00310e          0x2 c:/program files/microchip/xc16/v2.10/bin/bin/../../lib\libc99-elf.a(__stdout.DA_o)
 .libc.__get_stdout
                  0x003110          0x4 c:/program files/microchip/xc16/v2.10/bin/bin/../../lib\libc99-elf.a(__stdout.DA_o)
                  0x003110                  ___get_stdout
                  0x003110                  ___init_stdout_needed
 .libc.__toread
                  0x003114         0x48 c:/program files/microchip/xc16/v2.10/bin/bin/../../lib\libc99-elf.a(__toread.DA_o)
                  0x003114                  ___toread
 .libc.__toread_needs_stdio_exit
                  0x00315c          0x2 c:/program files/microchip/xc16/v2.10/bin/bin/../../lib\libc99-elf.a(__toread.DA_o)
                  0x00315c                  ___toread_needs_stdio_exit
 .libc.__simple_malloc
                  0x00315e         0x86 c:/program files/microchip/xc16/v2.10/bin/bin/../../lib\libc99-elf.a(lite_malloc.DA_o)
                  0x00315e                  ___malloc0
                  0x00315e                  _malloc
                  0x00315e                  ___simple_malloc
 .libc.__lseek    0x0031e4          0xc c:/program files/microchip/xc16/v2.10/bin/bin/../../lib\libc99-elf.a(lseek.DA_o)
                  0x0031e4                  _lseek
                  0x0031e4                  ___lseek
 .libc.__putc_unbuffered
                  0x0031f0         0x2e c:/program files/microchip/xc16/v2.10/bin/bin/../../lib\libc99-elf.a(putc.DA_o)
                  0x0031f0                  ___putc_unbuffered
 .libc.putc       0x00321e          0x2 c:/program files/microchip/xc16/v2.10/bin/bin/../../lib\libc99-elf.a(putc.DA_o)
                  0x00321e                  _putc
                  0x00321e                  _fputc
                  0x00321e                  _putc_unlocked
                  0x00321e                  __IO_putc
 .libc.__readv    0x003220         0x2e c:/program files/microchip/xc16/v2.10/bin/bin/../../lib\libc99-elf.a(readv.DA_o)
                  0x003220                  _readv
 .libc.__syscall_ret
                  0x00324e         0x14 c:/program files/microchip/xc16/v2.10/bin/bin/../../lib\libc99-elf.a(syscall_ret.DA_o)
                  0x00324e                  ___syscall_ret
 .libc.__fclose
                  0x003262         0x14 c:/program files/microchip/xc16/v2.10/bin/bin/../../lib\libc99-elf.a(__fclose.DA_o)
                  0x003262                  ___fclose_needed
                  0x003262                  ___fclose
 .libc.__dummy    0x003276          0x6 c:/program files/microchip/xc16/v2.10/bin/bin/../../lib\libc99-elf.a(__fopen.DA_o)
 .libc.__fopen_std
                  0x00327c         0x26 c:/program files/microchip/xc16/v2.10/bin/bin/../../lib\libc99-elf.a(__fopen.DA_o)
 .libc.__fopen    0x0032a2          0x2 c:/program files/microchip/xc16/v2.10/bin/bin/../../lib\libc99-elf.a(__fopen.DA_o)
                  0x0032a2                  ___fopen
                  0x0032a2                  ___fopen_needed
 .libc.__fseeko
                  0x0032a4          0x4 c:/program files/microchip/xc16/v2.10/bin/bin/../../lib\libc99-elf.a(__fseeko.DA_o)
                  0x0032a4                  ___fseeko_unlocked
                  0x0032a4                  _fseeko
                  0x0032a4                  ___fseeko
                  0x0032a4                  ___fseeko_needed
 .libc.__dummy    0x0032a8         0x20 c:/program files/microchip/xc16/v2.10/bin/bin/../../lib\libc99-elf.a(__ftello.DA_o)
 .libc.__ftello_adj
                  0x0032c8          0x2 c:/program files/microchip/xc16/v2.10/bin/bin/../../lib\libc99-elf.a(__ftello.DA_o)
                  0x0032c8                  ___ftello_adj_needed
                  0x0032c8                  ___ftello_adj
 .libc.__fwrite
                  0x0032ca          0xc c:/program files/microchip/xc16/v2.10/bin/bin/../../lib\libc99-elf.a(__fwrite.DA_o)
                  0x0032ca                  ___fwrite
                  0x0032ca                  ___fwrite_needed
 .libc.__overflow
                  0x0032d6         0x50 c:/program files/microchip/xc16/v2.10/bin/bin/../../lib\libc99-elf.a(__overflow.DA_o)
                  0x0032d6                  ___overflow
 .libc.__dummy    0x003326          0x2 c:/program files/microchip/xc16/v2.10/bin/bin/../../lib\libc99-elf.a(__towrite.DA_o)
 .libc.__towrite
                  0x003328         0x1c c:/program files/microchip/xc16/v2.10/bin/bin/../../lib\libc99-elf.a(__towrite.DA_o)
                  0x003328                  ___towrite
 .libc.__expand_heap
                  0x003344         0x14 c:/program files/microchip/xc16/v2.10/bin/bin/../../lib\libc99-elf.a(expand_heap.DA_o)
                  0x003344                  ___expand_heap
 .libc.__dummy    0x003358          0x2 c:/program files/microchip/xc16/v2.10/bin/bin/../../lib\libc99-elf.a(__init_stdio.DA_o)
                  0x003358                  ___init_stdout
                  0x003358                  ___init_stderr
                  0x003358                  ___init_stdin
 .libc.__init_stdio
                  0x00335a          0x6 c:/program files/microchip/xc16/v2.10/bin/bin/../../lib\libc99-elf.a(__init_stdio.DA_o)
                  0x00335a                  ___init_stdio
                  0x00335a                  ___init_stdio_needed
 .libc.doread     0x003360          0x4 c:/program files/microchip/xc16/v2.10/bin/bin/../../lib\libc99-pic30-elf.a(readda.Meo)
 .libc.doclose    0x003364          0x4 c:/program files/microchip/xc16/v2.10/bin/bin/../../lib\libc99-pic30-elf.a(closeda.Meo)
 .libc.dowrite    0x003368          0x4 c:/program files/microchip/xc16/v2.10/bin/bin/../../lib\libc99-pic30-elf.a(writeda.Meo)
 .libm.extendsfdf2
                  0x00336c         0x3e c:/program files/microchip/xc16/v2.10/bin/bin/../../lib\libc99-pic30-elf.a(extendsfdf.DA_o)
                  0x00336c                  ___extendsfdf2
 .libm.fixsfdi    0x0033aa         0x52 c:/program files/microchip/xc16/v2.10/bin/bin/../../lib\libc99-pic30-elf.a(fixsfdi.DA_o)
                  0x0033aa                  _(float, int, long long, short, float, double, int)
 .libm.fixsfsi    0x0033fc         0x42 c:/program files/microchip/xc16/v2.10/bin/bin/../../lib\libc99-pic30-elf.a(fixsfsi.DA_o)
                  0x0033fc                  _(float, int, long long, short, float, short, int)
 .libm.truncdfsf2
                  0x00343e         0x56 c:/program files/microchip/xc16/v2.10/bin/bin/../../lib\libc99-pic30-elf.a(truncdfsf.DA_o)
                  0x00343e                  ___truncdfsf2
 .libm.mulsi3     0x003494          0xc c:/program files/microchip/xc16/v2.10/bin/bin/../../lib\libc99-pic30-elf.a(mulsi3.DA_o)
                  0x003494                  ___mulp32peds3
                  0x003494                  ___mulsi3
                  0x003494                  ___mulp32eds3
 .libm.__PplusBdi
                  0x0034a0         0x26 c:/program files/microchip/xc16/v2.10/bin/bin/../../lib\libc99-pic30-elf.a(divmoddi3.DA_o)
 .libm.__PminusBdi
                  0x0034c6         0x26 c:/program files/microchip/xc16/v2.10/bin/bin/../../lib\libc99-pic30-elf.a(divmoddi3.DA_o)
 .libm.__udivmoddi3
                  0x0034ec         0xe6 c:/program files/microchip/xc16/v2.10/bin/bin/../../lib\libc99-pic30-elf.a(divmoddi3.DA_o)
                  0x0034ec                  ___udivmoddi3
 .libm.__udivdi3
                  0x0035d2          0xe c:/program files/microchip/xc16/v2.10/bin/bin/../../lib\libc99-pic30-elf.a(divmoddi3.DA_o)
                  0x0035d2                  ___udivdi3
 .libm.__umoddi3
                  0x0035e0          0x8 c:/program files/microchip/xc16/v2.10/bin/bin/../../lib\libc99-pic30-elf.a(divmoddi3.DA_o)
                  0x0035e0                  ___umoddi3
 .libm.__divdi3
                  0x0035e8         0x60 c:/program files/microchip/xc16/v2.10/bin/bin/../../lib\libc99-pic30-elf.a(divmoddi3.DA_o)
                  0x0035e8                  ___divdi3
 .libm.__moddi3
                  0x003648         0x5c c:/program files/microchip/xc16/v2.10/bin/bin/../../lib\libc99-pic30-elf.a(divmoddi3.DA_o)
                  0x003648                  ___moddi3
 .libm.__muldi3
                  0x0036a4         0x52 c:/program files/microchip/xc16/v2.10/bin/bin/../../lib\libc99-pic30-elf.a(muldi3.DA_o)
                  0x0036a4                  ___muldi3
 .libm.dunpack    0x0036f6         0x4e c:/program files/microchip/xc16/v2.10/bin/bin/../../lib\libc99-pic30-elf.a(dunpack.DA_o)
                  0x0036f6                  __dunpack
 .libm.dunpack2
                  0x003744         0x32 c:/program files/microchip/xc16/v2.10/bin/bin/../../lib\libc99-pic30-elf.a(dunpack2.DA_o)
                  0x003744                  __dunpack2
                  0x003766                  __dreturnNaN
                  0x00376c                  __dunpack2exit
 .libm.umuldi3    0x003776         0x44 c:/program files/microchip/xc16/v2.10/bin/bin/../../lib\libc99-pic30-elf.a(umuldi3.DA_o)
                  0x003776                  ___umuldi3
 .libm.dPropagateNaN
                  0x0037ba         0x1c c:/program files/microchip/xc16/v2.10/bin/bin/../../lib\libc99-pic30-elf.a(dpropagateNaN.DA_o)
                  0x0037ba                  __dPropagateNaN

usercode
 *(usercode)

__CONFIG4
 *(__CONFIG4.sec*)

__CONFIG3
 *(__CONFIG3.sec*)

__CONFIG2
 *(__CONFIG2.sec*)

__CONFIG1
 *(__CONFIG1.sec*)

.comment
 *(.comment)

.debug_info       0x000000       0xf3c4
 *(.debug_info)
 .debug_info      0x000000         0xb1 build/default/debug/mcc_generated_files/memory/flash.o
 .debug_info      0x0000b1        0x2db build/default/debug/mcc_generated_files/memory/flash_demo.o
 .debug_info      0x00038c        0xb50 build/default/debug/mcc_generated_files/system.o
 .debug_info      0x000edc       0x1029 build/default/debug/mcc_generated_files/interrupt_manager.o
 .debug_info      0x001f05        0xce3 build/default/debug/mcc_generated_files/pin_manager.o
 .debug_info      0x002be8        0x3c0 build/default/debug/mcc_generated_files/traps.o
 .debug_info      0x002fa8        0x2a9 build/default/debug/mcc_generated_files/clock.o
 .debug_info      0x003251         0xb0 build/default/debug/mcc_generated_files/where_was_i.o
 .debug_info      0x003301        0x893 build/default/debug/mcc_generated_files/tmr3.o
 .debug_info      0x003b94        0x9c3 build/default/debug/mcc_generated_files/oc1.o
 .debug_info      0x004557        0xe4c build/default/debug/mcc_generated_files/adc1.o
 .debug_info      0x0053a3        0x9c3 build/default/debug/mcc_generated_files/oc2.o
 .debug_info      0x005d66        0x7b2 build/default/debug/mcc_generated_files/ic1.o
 .debug_info      0x006518        0x615 build/default/debug/mcc_generated_files/i2c2.o
 .debug_info      0x006b2d        0x615 build/default/debug/mcc_generated_files/i2c1.o
 .debug_info      0x007142        0x8a5 build/default/debug/mcc_generated_files/tmr2.o
 .debug_info      0x0079e7        0x93e build/default/debug/mcc_generated_files/tmr1.o
 .debug_info      0x008325       0x1104 build/default/debug/mcc_generated_files/uart1.o
 .debug_info      0x009429        0x1e7 build/default/debug/mcc_generated_files/delay.o
 .debug_info      0x009610        0x87f build/default/debug/mcc_generated_files/tmr4.o
 .debug_info      0x009e8f       0x448e build/default/debug/main.o
 .debug_info      0x00e31d         0x8d c:/program files/microchip/xc16/v2.10/bin/bin/../../lib\libc99-pic30-elf.a(feqltle.DA_o)
 .debug_info      0x00e3aa         0x8b c:/program files/microchip/xc16/v2.10/bin/bin/../../lib\libc99-pic30-elf.a(fgtge.DA_o)
 .debug_info      0x00e435         0x90 c:/program files/microchip/xc16/v2.10/bin/bin/../../lib\libc99-pic30-elf.a(fixunssfsi.DA_o)
 .debug_info      0x00e4c5         0x8f c:/program files/microchip/xc16/v2.10/bin/bin/../../lib\libc99-pic30-elf.a(floatsisf.DA_o)
 .debug_info      0x00e554         0x8d c:/program files/microchip/xc16/v2.10/bin/bin/../../lib\libc99-pic30-elf.a(funpack.DA_o)
 .debug_info      0x00e5e1         0x8d c:/program files/microchip/xc16/v2.10/bin/bin/../../lib\libc99-pic30-elf.a(udivsi3.DA_o)
 .debug_info      0x00e66e         0x9d c:/program files/microchip/xc16/v2.10/bin/bin/../../lib\libc99-pic30-elf.a(addsf3x.DA_o)
 .debug_info      0x00e70b         0x9d c:/program files/microchip/xc16/v2.10/bin/bin/../../lib\libc99-pic30-elf.a(divsf3x.DA_o)
 .debug_info      0x00e7a8         0x9d c:/program files/microchip/xc16/v2.10/bin/bin/../../lib\libc99-pic30-elf.a(mulsf3x.DA_o)
 .debug_info      0x00e845         0xa0 c:/program files/microchip/xc16/v2.10/bin/bin/../../lib\libc99-pic30-elf.a(dnrmpackfx.DA_o)
 .debug_info      0x00e8e5         0xa2 c:/program files/microchip/xc16/v2.10/bin/bin/../../lib\libc99-pic30-elf.a(unpackdnrmfx.DA_o)
 .debug_info      0x00e987         0x9c c:/program files/microchip/xc16/v2.10/bin/bin/../../lib\libc99-pic30-elf.a(typefx.DA_o)
 .debug_info      0x00ea23         0x9f c:/program files/microchip/xc16/v2.10/bin/bin/../../lib\libc99-pic30-elf.a(propnanfx.DA_o)
 .debug_info      0x00eac2         0x9d c:/program files/microchip/xc16/v2.10/bin/bin/../../lib\libc99-pic30-elf.a(spackfx.DA_o)
 .debug_info      0x00eb5f         0x9e c:/program files/microchip/xc16/v2.10/bin/bin/../../lib\libc99-pic30-elf.a(unpackfx.DA_o)
 .debug_info      0x00ebfd         0x8e c:/program files/microchip/xc16/v2.10/bin/bin/../../lib\libc99-pic30-elf.a(fcompare.DA_o)
 .debug_info      0x00ec8b         0x8f c:/program files/microchip/xc16/v2.10/bin/bin/../../lib\libc99-pic30-elf.a(floatdisf.DA_o)
 .debug_info      0x00ed1a         0x91 c:/program files/microchip/xc16/v2.10/bin/bin/../../lib\libc99-pic30-elf.a(floatundisf.DA_o)
 .debug_info      0x00edab         0x8b c:/program files/microchip/xc16/v2.10/bin/bin/../../lib\libc99-pic30-elf.a(fpack.DA_o)
 .debug_info      0x00ee36         0x8e c:/program files/microchip/xc16/v2.10/bin/bin/../../lib\libc99-pic30-elf.a(funpack2.DA_o)
 .debug_info      0x00eec4         0x90 c:/program files/microchip/xc16/v2.10/bin/bin/../../lib\libc99-pic30-elf.a(extendsfdf.DA_o)
 .debug_info      0x00ef54         0x8d c:/program files/microchip/xc16/v2.10/bin/bin/../../lib\libc99-pic30-elf.a(fixsfdi.DA_o)
 .debug_info      0x00efe1         0x8d c:/program files/microchip/xc16/v2.10/bin/bin/../../lib\libc99-pic30-elf.a(fixsfsi.DA_o)
 .debug_info      0x00f06e         0x8f c:/program files/microchip/xc16/v2.10/bin/bin/../../lib\libc99-pic30-elf.a(truncdfsf.DA_o)
 .debug_info      0x00f0fd         0x8c c:/program files/microchip/xc16/v2.10/bin/bin/../../lib\libc99-pic30-elf.a(mulsi3.DA_o)
 .debug_info      0x00f189         0x8d c:/program files/microchip/xc16/v2.10/bin/bin/../../lib\libc99-pic30-elf.a(dunpack.DA_o)
 .debug_info      0x00f216         0x8e c:/program files/microchip/xc16/v2.10/bin/bin/../../lib\libc99-pic30-elf.a(dunpack2.DA_o)
 .debug_info      0x00f2a4         0x8d c:/program files/microchip/xc16/v2.10/bin/bin/../../lib\libc99-pic30-elf.a(umuldi3.DA_o)
 .debug_info      0x00f331         0x93 c:/program files/microchip/xc16/v2.10/bin/bin/../../lib\libc99-pic30-elf.a(dpropagateNaN.DA_o)
 *(.gnu.linkonce.wi.*)

.debug_abbrev     0x000000       0x1919
 *(.debug_abbrev)
 .debug_abbrev    0x000000         0x14 build/default/debug/mcc_generated_files/memory/flash.o
 .debug_abbrev    0x000014         0x9c build/default/debug/mcc_generated_files/memory/flash_demo.o
 .debug_abbrev    0x0000b0         0xdf build/default/debug/mcc_generated_files/system.o
 .debug_abbrev    0x00018f         0xb4 build/default/debug/mcc_generated_files/interrupt_manager.o
 .debug_abbrev    0x000243         0xd6 build/default/debug/mcc_generated_files/pin_manager.o
 .debug_abbrev    0x000319        0x10d build/default/debug/mcc_generated_files/traps.o
 .debug_abbrev    0x000426         0x59 build/default/debug/mcc_generated_files/clock.o
 .debug_abbrev    0x00047f         0x14 build/default/debug/mcc_generated_files/where_was_i.o
 .debug_abbrev    0x000493          0x1 build/default/debug/mcc_generated_files/mcc.o
 .debug_abbrev    0x000494        0x18d build/default/debug/mcc_generated_files/tmr3.o
 .debug_abbrev    0x000621        0x14f build/default/debug/mcc_generated_files/oc1.o
 .debug_abbrev    0x000770        0x12a build/default/debug/mcc_generated_files/adc1.o
 .debug_abbrev    0x00089a        0x14f build/default/debug/mcc_generated_files/oc2.o
 .debug_abbrev    0x0009e9         0xeb build/default/debug/mcc_generated_files/ic1.o
 .debug_abbrev    0x000ad4        0x113 build/default/debug/mcc_generated_files/i2c2.o
 .debug_abbrev    0x000be7        0x113 build/default/debug/mcc_generated_files/i2c1.o
 .debug_abbrev    0x000cfa        0x18d build/default/debug/mcc_generated_files/tmr2.o
 .debug_abbrev    0x000e87        0x18d build/default/debug/mcc_generated_files/tmr1.o
 .debug_abbrev    0x001014        0x21b build/default/debug/mcc_generated_files/uart1.o
 .debug_abbrev    0x00122f         0x67 build/default/debug/mcc_generated_files/delay.o
 .debug_abbrev    0x001296        0x18d build/default/debug/mcc_generated_files/tmr4.o
 .debug_abbrev    0x001423        0x2b2 build/default/debug/main.o
 .debug_abbrev    0x0016d5         0x14 c:/program files/microchip/xc16/v2.10/bin/bin/../../lib\libc99-pic30-elf.a(feqltle.DA_o)
 .debug_abbrev    0x0016e9         0x14 c:/program files/microchip/xc16/v2.10/bin/bin/../../lib\libc99-pic30-elf.a(fgtge.DA_o)
 .debug_abbrev    0x0016fd         0x14 c:/program files/microchip/xc16/v2.10/bin/bin/../../lib\libc99-pic30-elf.a(fixunssfsi.DA_o)
 .debug_abbrev    0x001711         0x14 c:/program files/microchip/xc16/v2.10/bin/bin/../../lib\libc99-pic30-elf.a(floatsisf.DA_o)
 .debug_abbrev    0x001725         0x14 c:/program files/microchip/xc16/v2.10/bin/bin/../../lib\libc99-pic30-elf.a(funpack.DA_o)
 .debug_abbrev    0x001739         0x14 c:/program files/microchip/xc16/v2.10/bin/bin/../../lib\libc99-pic30-elf.a(udivsi3.DA_o)
 .debug_abbrev    0x00174d         0x14 c:/program files/microchip/xc16/v2.10/bin/bin/../../lib\libc99-pic30-elf.a(addsf3x.DA_o)
 .debug_abbrev    0x001761         0x14 c:/program files/microchip/xc16/v2.10/bin/bin/../../lib\libc99-pic30-elf.a(divsf3x.DA_o)
 .debug_abbrev    0x001775         0x14 c:/program files/microchip/xc16/v2.10/bin/bin/../../lib\libc99-pic30-elf.a(mulsf3x.DA_o)
 .debug_abbrev    0x001789         0x14 c:/program files/microchip/xc16/v2.10/bin/bin/../../lib\libc99-pic30-elf.a(dnrmpackfx.DA_o)
 .debug_abbrev    0x00179d         0x14 c:/program files/microchip/xc16/v2.10/bin/bin/../../lib\libc99-pic30-elf.a(unpackdnrmfx.DA_o)
 .debug_abbrev    0x0017b1         0x14 c:/program files/microchip/xc16/v2.10/bin/bin/../../lib\libc99-pic30-elf.a(typefx.DA_o)
 .debug_abbrev    0x0017c5         0x14 c:/program files/microchip/xc16/v2.10/bin/bin/../../lib\libc99-pic30-elf.a(propnanfx.DA_o)
 .debug_abbrev    0x0017d9         0x14 c:/program files/microchip/xc16/v2.10/bin/bin/../../lib\libc99-pic30-elf.a(spackfx.DA_o)
 .debug_abbrev    0x0017ed         0x14 c:/program files/microchip/xc16/v2.10/bin/bin/../../lib\libc99-pic30-elf.a(unpackfx.DA_o)
 .debug_abbrev    0x001801         0x14 c:/program files/microchip/xc16/v2.10/bin/bin/../../lib\libc99-pic30-elf.a(fcompare.DA_o)
 .debug_abbrev    0x001815         0x14 c:/program files/microchip/xc16/v2.10/bin/bin/../../lib\libc99-pic30-elf.a(floatdisf.DA_o)
 .debug_abbrev    0x001829         0x14 c:/program files/microchip/xc16/v2.10/bin/bin/../../lib\libc99-pic30-elf.a(floatundisf.DA_o)
 .debug_abbrev    0x00183d         0x14 c:/program files/microchip/xc16/v2.10/bin/bin/../../lib\libc99-pic30-elf.a(fpack.DA_o)
 .debug_abbrev    0x001851         0x14 c:/program files/microchip/xc16/v2.10/bin/bin/../../lib\libc99-pic30-elf.a(funpack2.DA_o)
 .debug_abbrev    0x001865         0x14 c:/program files/microchip/xc16/v2.10/bin/bin/../../lib\libc99-pic30-elf.a(extendsfdf.DA_o)
 .debug_abbrev    0x001879         0x14 c:/program files/microchip/xc16/v2.10/bin/bin/../../lib\libc99-pic30-elf.a(fixsfdi.DA_o)
 .debug_abbrev    0x00188d         0x14 c:/program files/microchip/xc16/v2.10/bin/bin/../../lib\libc99-pic30-elf.a(fixsfsi.DA_o)
 .debug_abbrev    0x0018a1         0x14 c:/program files/microchip/xc16/v2.10/bin/bin/../../lib\libc99-pic30-elf.a(truncdfsf.DA_o)
 .debug_abbrev    0x0018b5         0x14 c:/program files/microchip/xc16/v2.10/bin/bin/../../lib\libc99-pic30-elf.a(mulsi3.DA_o)
 .debug_abbrev    0x0018c9         0x14 c:/program files/microchip/xc16/v2.10/bin/bin/../../lib\libc99-pic30-elf.a(dunpack.DA_o)
 .debug_abbrev    0x0018dd         0x14 c:/program files/microchip/xc16/v2.10/bin/bin/../../lib\libc99-pic30-elf.a(dunpack2.DA_o)
 .debug_abbrev    0x0018f1         0x14 c:/program files/microchip/xc16/v2.10/bin/bin/../../lib\libc99-pic30-elf.a(umuldi3.DA_o)
 .debug_abbrev    0x001905         0x14 c:/program files/microchip/xc16/v2.10/bin/bin/../../lib\libc99-pic30-elf.a(dpropagateNaN.DA_o)

.debug_line       0x000000       0x2949
 *(.debug_line)
 .debug_line      0x000000         0xf7 build/default/debug/mcc_generated_files/memory/flash.o
 .debug_line      0x0000f7         0xda build/default/debug/mcc_generated_files/memory/flash_demo.o
 .debug_line      0x0001d1        0x12a build/default/debug/mcc_generated_files/system.o
 .debug_line      0x0002fb        0x132 build/default/debug/mcc_generated_files/interrupt_manager.o
 .debug_line      0x00042d        0x14f build/default/debug/mcc_generated_files/pin_manager.o
 .debug_line      0x00057c        0x14d build/default/debug/mcc_generated_files/traps.o
 .debug_line      0x0006c9        0x125 build/default/debug/mcc_generated_files/clock.o
 .debug_line      0x0007ee         0x55 build/default/debug/mcc_generated_files/where_was_i.o
 .debug_line      0x000843         0x1a build/default/debug/mcc_generated_files/mcc.o
 .debug_line      0x00085d        0x164 build/default/debug/mcc_generated_files/tmr3.o
 .debug_line      0x0009c1        0x169 build/default/debug/mcc_generated_files/oc1.o
 .debug_line      0x000b2a        0x155 build/default/debug/mcc_generated_files/adc1.o
 .debug_line      0x000c7f        0x169 build/default/debug/mcc_generated_files/oc2.o
 .debug_line      0x000de8        0x13e build/default/debug/mcc_generated_files/ic1.o
 .debug_line      0x000f26        0x137 build/default/debug/mcc_generated_files/i2c2.o
 .debug_line      0x00105d        0x137 build/default/debug/mcc_generated_files/i2c1.o
 .debug_line      0x001194        0x164 build/default/debug/mcc_generated_files/tmr2.o
 .debug_line      0x0012f8        0x164 build/default/debug/mcc_generated_files/tmr1.o
 .debug_line      0x00145c        0x1f4 build/default/debug/mcc_generated_files/uart1.o
 .debug_line      0x001650         0xa6 build/default/debug/mcc_generated_files/delay.o
 .debug_line      0x0016f6        0x164 build/default/debug/mcc_generated_files/tmr4.o
 .debug_line      0x00185a        0x4e1 build/default/debug/main.o
 .debug_line      0x001d3b         0x37 c:/program files/microchip/xc16/v2.10/bin/bin/../../lib\libc99-pic30-elf.a(feqltle.DA_o)
 .debug_line      0x001d72         0x35 c:/program files/microchip/xc16/v2.10/bin/bin/../../lib\libc99-pic30-elf.a(fgtge.DA_o)
 .debug_line      0x001da7         0x53 c:/program files/microchip/xc16/v2.10/bin/bin/../../lib\libc99-pic30-elf.a(fixunssfsi.DA_o)
 .debug_line      0x001dfa         0x3a c:/program files/microchip/xc16/v2.10/bin/bin/../../lib\libc99-pic30-elf.a(floatsisf.DA_o)
 .debug_line      0x001e34         0x4a c:/program files/microchip/xc16/v2.10/bin/bin/../../lib\libc99-pic30-elf.a(funpack.DA_o)
 .debug_line      0x001e7e         0x45 c:/program files/microchip/xc16/v2.10/bin/bin/../../lib\libc99-pic30-elf.a(udivsi3.DA_o)
 .debug_line      0x001ec3        0x136 c:/program files/microchip/xc16/v2.10/bin/bin/../../lib\libc99-pic30-elf.a(addsf3x.DA_o)
 .debug_line      0x001ff9        0x124 c:/program files/microchip/xc16/v2.10/bin/bin/../../lib\libc99-pic30-elf.a(divsf3x.DA_o)
 .debug_line      0x00211d         0xcc c:/program files/microchip/xc16/v2.10/bin/bin/../../lib\libc99-pic30-elf.a(mulsf3x.DA_o)
 .debug_line      0x0021e9         0x72 c:/program files/microchip/xc16/v2.10/bin/bin/../../lib\libc99-pic30-elf.a(dnrmpackfx.DA_o)
 .debug_line      0x00225b         0x7a c:/program files/microchip/xc16/v2.10/bin/bin/../../lib\libc99-pic30-elf.a(unpackdnrmfx.DA_o)
 .debug_line      0x0022d5         0x5e c:/program files/microchip/xc16/v2.10/bin/bin/../../lib\libc99-pic30-elf.a(typefx.DA_o)
 .debug_line      0x002333         0x51 c:/program files/microchip/xc16/v2.10/bin/bin/../../lib\libc99-pic30-elf.a(propnanfx.DA_o)
 .debug_line      0x002384         0x98 c:/program files/microchip/xc16/v2.10/bin/bin/../../lib\libc99-pic30-elf.a(spackfx.DA_o)
 .debug_line      0x00241c         0x79 c:/program files/microchip/xc16/v2.10/bin/bin/../../lib\libc99-pic30-elf.a(unpackfx.DA_o)
 .debug_line      0x002495         0x1a c:/program files/microchip/xc16/v2.10/bin/bin/../../lib\libc99-pic30-elf.a(errno.DA_o)
 .debug_line      0x0024af         0x53 c:/program files/microchip/xc16/v2.10/bin/bin/../../lib\libc99-pic30-elf.a(fcompare.DA_o)
 .debug_line      0x002502         0x47 c:/program files/microchip/xc16/v2.10/bin/bin/../../lib\libc99-pic30-elf.a(floatdisf.DA_o)
 .debug_line      0x002549         0x6c c:/program files/microchip/xc16/v2.10/bin/bin/../../lib\libc99-pic30-elf.a(floatundisf.DA_o)
 .debug_line      0x0025b5         0x5a c:/program files/microchip/xc16/v2.10/bin/bin/../../lib\libc99-pic30-elf.a(fpack.DA_o)
 .debug_line      0x00260f         0x3e c:/program files/microchip/xc16/v2.10/bin/bin/../../lib\libc99-pic30-elf.a(funpack2.DA_o)
 .debug_line      0x00264d         0x59 c:/program files/microchip/xc16/v2.10/bin/bin/../../lib\libc99-pic30-elf.a(extendsfdf.DA_o)
 .debug_line      0x0026a6         0x5e c:/program files/microchip/xc16/v2.10/bin/bin/../../lib\libc99-pic30-elf.a(fixsfdi.DA_o)
 .debug_line      0x002704         0x56 c:/program files/microchip/xc16/v2.10/bin/bin/../../lib\libc99-pic30-elf.a(fixsfsi.DA_o)
 .debug_line      0x00275a         0x66 c:/program files/microchip/xc16/v2.10/bin/bin/../../lib\libc99-pic30-elf.a(truncdfsf.DA_o)
 .debug_line      0x0027c0         0x3a c:/program files/microchip/xc16/v2.10/bin/bin/../../lib\libc99-pic30-elf.a(mulsi3.DA_o)
 .debug_line      0x0027fa         0x5c c:/program files/microchip/xc16/v2.10/bin/bin/../../lib\libc99-pic30-elf.a(dunpack.DA_o)
 .debug_line      0x002856         0x53 c:/program files/microchip/xc16/v2.10/bin/bin/../../lib\libc99-pic30-elf.a(dunpack2.DA_o)
 .debug_line      0x0028a9         0x57 c:/program files/microchip/xc16/v2.10/bin/bin/../../lib\libc99-pic30-elf.a(umuldi3.DA_o)
 .debug_line      0x002900         0x49 c:/program files/microchip/xc16/v2.10/bin/bin/../../lib\libc99-pic30-elf.a(dpropagateNaN.DA_o)

.debug_frame      0x000000       0x1602
 *(.debug_frame)
 .debug_frame     0x000000         0x9e build/default/debug/mcc_generated_files/memory/flash_demo.o
 .debug_frame     0x00009e         0x2e build/default/debug/mcc_generated_files/system.o
 .debug_frame     0x0000cc         0x2e build/default/debug/mcc_generated_files/interrupt_manager.o
 .debug_frame     0x0000fa         0x2e build/default/debug/mcc_generated_files/pin_manager.o
 .debug_frame     0x000128        0x140 build/default/debug/mcc_generated_files/traps.o
 .debug_frame     0x000268         0x2e build/default/debug/mcc_generated_files/clock.o
 .debug_frame     0x000296        0x18a build/default/debug/mcc_generated_files/tmr3.o
 .debug_frame     0x000420        0x166 build/default/debug/mcc_generated_files/oc1.o
 .debug_frame     0x000586         0xf6 build/default/debug/mcc_generated_files/adc1.o
 .debug_frame     0x00067c        0x166 build/default/debug/mcc_generated_files/oc2.o
 .debug_frame     0x0007e2        0x132 build/default/debug/mcc_generated_files/ic1.o
 .debug_frame     0x000914         0xb0 build/default/debug/mcc_generated_files/i2c2.o
 .debug_frame     0x0009c4         0xb0 build/default/debug/mcc_generated_files/i2c1.o
 .debug_frame     0x000a74        0x18a build/default/debug/mcc_generated_files/tmr2.o
 .debug_frame     0x000bfe        0x18a build/default/debug/mcc_generated_files/tmr1.o
 .debug_frame     0x000d88        0x2f0 build/default/debug/mcc_generated_files/uart1.o
 .debug_frame     0x001078         0x48 build/default/debug/mcc_generated_files/delay.o
 .debug_frame     0x0010c0        0x18a build/default/debug/mcc_generated_files/tmr4.o
 .debug_frame     0x00124a        0x3b8 build/default/debug/main.o

.debug_str        0x000000        0xb4d
 *(.debug_str)
 .debug_str       0x000000         0x16 build/default/debug/mcc_generated_files/memory/flash_demo.o
 .debug_str       0x000016         0xbf build/default/debug/mcc_generated_files/system.o
 .debug_str       0x0000d5         0x4a build/default/debug/mcc_generated_files/interrupt_manager.o
 .debug_str       0x00011f         0x2c build/default/debug/mcc_generated_files/pin_manager.o
 .debug_str       0x00014b          0xc build/default/debug/mcc_generated_files/traps.o
 .debug_str       0x000157         0x32 build/default/debug/mcc_generated_files/tmr3.o
 .debug_str       0x000189         0x2a build/default/debug/mcc_generated_files/oc1.o
 .debug_str       0x0001b3         0xee build/default/debug/mcc_generated_files/adc1.o
 .debug_str       0x0002a1         0x2a build/default/debug/mcc_generated_files/oc2.o
 .debug_str       0x0002cb         0x21 build/default/debug/mcc_generated_files/ic1.o
 .debug_str       0x0002ec         0x19 build/default/debug/mcc_generated_files/i2c2.o
 .debug_str       0x000305         0x19 build/default/debug/mcc_generated_files/i2c1.o
 .debug_str       0x00031e         0x32 build/default/debug/mcc_generated_files/tmr2.o
 .debug_str       0x000350         0x32 build/default/debug/mcc_generated_files/tmr1.o
 .debug_str       0x000382         0x9b build/default/debug/mcc_generated_files/uart1.o
 .debug_str       0x00041d         0x32 build/default/debug/mcc_generated_files/tmr4.o
 .debug_str       0x00044f        0x6fe build/default/debug/main.o

.debug_loc
 *(.debug_loc)

.debug_macinfo
 *(.debug_macinfo)

.debug_pubnames
                  0x000000       0x1d7b
 *(.debug_pubnames)
 .debug_pubnames
                  0x000000         0x20 build/default/debug/mcc_generated_files/memory/flash_demo.o
 .debug_pubnames
                  0x000020         0x28 build/default/debug/mcc_generated_files/system.o
 .debug_pubnames
                  0x000048         0x2b build/default/debug/mcc_generated_files/interrupt_manager.o
 .debug_pubnames
                  0x000073         0x2d build/default/debug/mcc_generated_files/pin_manager.o
 .debug_pubnames
                  0x0000a0         0x6f build/default/debug/mcc_generated_files/traps.o
 .debug_pubnames
                  0x00010f         0x27 build/default/debug/mcc_generated_files/clock.o
 .debug_pubnames
                  0x000136        0x156 build/default/debug/mcc_generated_files/tmr3.o
 .debug_pubnames
                  0x00028c        0x12d build/default/debug/mcc_generated_files/oc1.o
 .debug_pubnames
                  0x0003b9         0xa8 build/default/debug/mcc_generated_files/adc1.o
 .debug_pubnames
                  0x000461        0x12d build/default/debug/mcc_generated_files/oc2.o
 .debug_pubnames
                  0x00058e        0x104 build/default/debug/mcc_generated_files/ic1.o
 .debug_pubnames
                  0x000692         0x71 build/default/debug/mcc_generated_files/i2c2.o
 .debug_pubnames
                  0x000703         0x71 build/default/debug/mcc_generated_files/i2c1.o
 .debug_pubnames
                  0x000774        0x156 build/default/debug/mcc_generated_files/tmr2.o
 .debug_pubnames
                  0x0008ca        0x156 build/default/debug/mcc_generated_files/tmr1.o
 .debug_pubnames
                  0x000a20        0x259 build/default/debug/mcc_generated_files/uart1.o
 .debug_pubnames
                  0x000c79         0x40 build/default/debug/mcc_generated_files/delay.o
 .debug_pubnames
                  0x000cb9        0x156 build/default/debug/mcc_generated_files/tmr4.o
 .debug_pubnames
                  0x000e0f        0xf6c build/default/debug/main.o

.debug_ranges
 *(.debug_ranges)

.debug_aranges    0x000000        0x5a8
 *(.debug_aranges)
 .debug_aranges
                  0x000000         0x20 build/default/debug/mcc_generated_files/memory/flash.o
 .debug_aranges
                  0x000020         0x18 build/default/debug/mcc_generated_files/memory/flash_demo.o
 .debug_aranges
                  0x000038         0x18 build/default/debug/mcc_generated_files/system.o
 .debug_aranges
                  0x000050         0x18 build/default/debug/mcc_generated_files/interrupt_manager.o
 .debug_aranges
                  0x000068         0x18 build/default/debug/mcc_generated_files/pin_manager.o
 .debug_aranges
                  0x000080         0x18 build/default/debug/mcc_generated_files/traps.o
 .debug_aranges
                  0x000098         0x18 build/default/debug/mcc_generated_files/clock.o
 .debug_aranges
                  0x0000b0         0x20 build/default/debug/mcc_generated_files/where_was_i.o
 .debug_aranges
                  0x0000d0         0x18 build/default/debug/mcc_generated_files/tmr3.o
 .debug_aranges
                  0x0000e8         0x18 build/default/debug/mcc_generated_files/oc1.o
 .debug_aranges
                  0x000100         0x18 build/default/debug/mcc_generated_files/adc1.o
 .debug_aranges
                  0x000118         0x18 build/default/debug/mcc_generated_files/oc2.o
 .debug_aranges
                  0x000130         0x18 build/default/debug/mcc_generated_files/ic1.o
 .debug_aranges
                  0x000148         0x18 build/default/debug/mcc_generated_files/i2c2.o
 .debug_aranges
                  0x000160         0x18 build/default/debug/mcc_generated_files/i2c1.o
 .debug_aranges
                  0x000178         0x18 build/default/debug/mcc_generated_files/tmr2.o
 .debug_aranges
                  0x000190         0x18 build/default/debug/mcc_generated_files/tmr1.o
 .debug_aranges
                  0x0001a8         0x18 build/default/debug/mcc_generated_files/uart1.o
 .debug_aranges
                  0x0001c0         0x18 build/default/debug/mcc_generated_files/delay.o
 .debug_aranges
                  0x0001d8         0x18 build/default/debug/mcc_generated_files/tmr4.o
 .debug_aranges
                  0x0001f0         0x18 build/default/debug/main.o
 .debug_aranges
                  0x000208         0x20 c:/program files/microchip/xc16/v2.10/bin/bin/../../lib\libc99-pic30-elf.a(feqltle.DA_o)
 .debug_aranges
                  0x000228         0x20 c:/program files/microchip/xc16/v2.10/bin/bin/../../lib\libc99-pic30-elf.a(fgtge.DA_o)
 .debug_aranges
                  0x000248         0x20 c:/program files/microchip/xc16/v2.10/bin/bin/../../lib\libc99-pic30-elf.a(fixunssfsi.DA_o)
 .debug_aranges
                  0x000268         0x20 c:/program files/microchip/xc16/v2.10/bin/bin/../../lib\libc99-pic30-elf.a(floatsisf.DA_o)
 .debug_aranges
                  0x000288         0x20 c:/program files/microchip/xc16/v2.10/bin/bin/../../lib\libc99-pic30-elf.a(funpack.DA_o)
 .debug_aranges
                  0x0002a8         0x20 c:/program files/microchip/xc16/v2.10/bin/bin/../../lib\libc99-pic30-elf.a(udivsi3.DA_o)
 .debug_aranges
                  0x0002c8         0x20 c:/program files/microchip/xc16/v2.10/bin/bin/../../lib\libc99-pic30-elf.a(addsf3x.DA_o)
 .debug_aranges
                  0x0002e8         0x20 c:/program files/microchip/xc16/v2.10/bin/bin/../../lib\libc99-pic30-elf.a(divsf3x.DA_o)
 .debug_aranges
                  0x000308         0x20 c:/program files/microchip/xc16/v2.10/bin/bin/../../lib\libc99-pic30-elf.a(mulsf3x.DA_o)
 .debug_aranges
                  0x000328         0x20 c:/program files/microchip/xc16/v2.10/bin/bin/../../lib\libc99-pic30-elf.a(dnrmpackfx.DA_o)
 .debug_aranges
                  0x000348         0x20 c:/program files/microchip/xc16/v2.10/bin/bin/../../lib\libc99-pic30-elf.a(unpackdnrmfx.DA_o)
 .debug_aranges
                  0x000368         0x20 c:/program files/microchip/xc16/v2.10/bin/bin/../../lib\libc99-pic30-elf.a(typefx.DA_o)
 .debug_aranges
                  0x000388         0x20 c:/program files/microchip/xc16/v2.10/bin/bin/../../lib\libc99-pic30-elf.a(propnanfx.DA_o)
 .debug_aranges
                  0x0003a8         0x20 c:/program files/microchip/xc16/v2.10/bin/bin/../../lib\libc99-pic30-elf.a(spackfx.DA_o)
 .debug_aranges
                  0x0003c8         0x20 c:/program files/microchip/xc16/v2.10/bin/bin/../../lib\libc99-pic30-elf.a(unpackfx.DA_o)
 .debug_aranges
                  0x0003e8         0x20 c:/program files/microchip/xc16/v2.10/bin/bin/../../lib\libc99-pic30-elf.a(fcompare.DA_o)
 .debug_aranges
                  0x000408         0x20 c:/program files/microchip/xc16/v2.10/bin/bin/../../lib\libc99-pic30-elf.a(floatdisf.DA_o)
 .debug_aranges
                  0x000428         0x20 c:/program files/microchip/xc16/v2.10/bin/bin/../../lib\libc99-pic30-elf.a(floatundisf.DA_o)
 .debug_aranges
                  0x000448         0x20 c:/program files/microchip/xc16/v2.10/bin/bin/../../lib\libc99-pic30-elf.a(fpack.DA_o)
 .debug_aranges
                  0x000468         0x20 c:/program files/microchip/xc16/v2.10/bin/bin/../../lib\libc99-pic30-elf.a(funpack2.DA_o)
 .debug_aranges
                  0x000488         0x20 c:/program files/microchip/xc16/v2.10/bin/bin/../../lib\libc99-pic30-elf.a(extendsfdf.DA_o)
 .debug_aranges
                  0x0004a8         0x20 c:/program files/microchip/xc16/v2.10/bin/bin/../../lib\libc99-pic30-elf.a(fixsfdi.DA_o)
 .debug_aranges
                  0x0004c8         0x20 c:/program files/microchip/xc16/v2.10/bin/bin/../../lib\libc99-pic30-elf.a(fixsfsi.DA_o)
 .debug_aranges
                  0x0004e8         0x20 c:/program files/microchip/xc16/v2.10/bin/bin/../../lib\libc99-pic30-elf.a(truncdfsf.DA_o)
 .debug_aranges
                  0x000508         0x20 c:/program files/microchip/xc16/v2.10/bin/bin/../../lib\libc99-pic30-elf.a(mulsi3.DA_o)
 .debug_aranges
                  0x000528         0x20 c:/program files/microchip/xc16/v2.10/bin/bin/../../lib\libc99-pic30-elf.a(dunpack.DA_o)
 .debug_aranges
                  0x000548         0x20 c:/program files/microchip/xc16/v2.10/bin/bin/../../lib\libc99-pic30-elf.a(dunpack2.DA_o)
 .debug_aranges
                  0x000568         0x20 c:/program files/microchip/xc16/v2.10/bin/bin/../../lib\libc99-pic30-elf.a(umuldi3.DA_o)
 .debug_aranges
                  0x000588         0x20 c:/program files/microchip/xc16/v2.10/bin/bin/../../lib\libc99-pic30-elf.a(dpropagateNaN.DA_o)
                    0x0000                  WREG0 = 0x0
                    0x0000                  _WREG0 = 0x0
                    0x0002                  WREG1 = 0x2
                    0x0002                  _WREG1 = 0x2
                    0x0004                  WREG2 = 0x4
                    0x0004                  _WREG2 = 0x4
                    0x0006                  WREG3 = 0x6
                    0x0006                  _WREG3 = 0x6
                    0x0008                  WREG4 = 0x8
                    0x0008                  _WREG4 = 0x8
                    0x000a                  WREG5 = 0xa
                    0x000a                  _WREG5 = 0xa
                    0x000c                  WREG6 = 0xc
                    0x000c                  _WREG6 = 0xc
                    0x000e                  WREG7 = 0xe
                    0x000e                  _WREG7 = 0xe
                    0x0010                  WREG8 = 0x10
                    0x0010                  _WREG8 = 0x10
                    0x0012                  WREG9 = 0x12
                    0x0012                  _WREG9 = 0x12
                    0x0014                  WREG10 = 0x14
                    0x0014                  _WREG10 = 0x14
                    0x0016                  WREG11 = 0x16
                    0x0016                  _WREG11 = 0x16
                    0x0018                  WREG12 = 0x18
                    0x0018                  _WREG12 = 0x18
                    0x001a                  WREG13 = 0x1a
                    0x001a                  _WREG13 = 0x1a
                    0x001c                  WREG14 = 0x1c
                    0x001c                  _WREG14 = 0x1c
                    0x001e                  WREG15 = 0x1e
                    0x001e                  _WREG15 = 0x1e
                    0x0020                  SPLIM = 0x20
                    0x0020                  _SPLIM = 0x20
                    0x002e                  PCL = 0x2e
                    0x002e                  _PCL = 0x2e
                    0x0030                  PCH = 0x30
                    0x0030                  _PCH = 0x30
                    0x0032                  DSRPAG = 0x32
                    0x0032                  _DSRPAG = 0x32
                    0x0034                  DSWPAG = 0x34
                    0x0034                  _DSWPAG = 0x34
                    0x0036                  RCOUNT = 0x36
                    0x0036                  _RCOUNT = 0x36
                    0x0042                  SR = 0x42
                    0x0042                  _SR = 0x42
                    0x0042                  _SRbits = 0x42
                    0x0044                  CORCON = 0x44
                    0x0044                  _CORCON = 0x44
                    0x0044                  _CORCONbits = 0x44
                    0x0052                  DISICNT = 0x52
                    0x0052                  _DISICNT = 0x52
                    0x0054                  TBLPAG = 0x54
                    0x0054                  _TBLPAG = 0x54
                    0x0056                  CNPD1 = 0x56
                    0x0056                  _CNPD1 = 0x56
                    0x0056                  _CNPD1bits = 0x56
                    0x0058                  CNPD2 = 0x58
                    0x0058                  _CNPD2 = 0x58
                    0x0058                  _CNPD2bits = 0x58
                    0x005a                  CNPD3 = 0x5a
                    0x005a                  _CNPD3 = 0x5a
                    0x005a                  _CNPD3bits = 0x5a
                    0x005c                  CNPD4 = 0x5c
                    0x005c                  _CNPD4 = 0x5c
                    0x005c                  _CNPD4bits = 0x5c
                    0x005e                  CNPD5 = 0x5e
                    0x005e                  _CNPD5 = 0x5e
                    0x005e                  _CNPD5bits = 0x5e
                    0x0060                  CNPD6 = 0x60
                    0x0060                  _CNPD6 = 0x60
                    0x0060                  _CNPD6bits = 0x60
                    0x0062                  CNEN1 = 0x62
                    0x0062                  _CNEN1 = 0x62
                    0x0062                  _CNEN1bits = 0x62
                    0x0064                  CNEN2 = 0x64
                    0x0064                  _CNEN2 = 0x64
                    0x0064                  _CNEN2bits = 0x64
                    0x0066                  CNEN3 = 0x66
                    0x0066                  _CNEN3 = 0x66
                    0x0066                  _CNEN3bits = 0x66
                    0x0068                  CNEN4 = 0x68
                    0x0068                  _CNEN4 = 0x68
                    0x0068                  _CNEN4bits = 0x68
                    0x006a                  CNEN5 = 0x6a
                    0x006a                  _CNEN5 = 0x6a
                    0x006a                  _CNEN5bits = 0x6a
                    0x006c                  CNEN6 = 0x6c
                    0x006c                  _CNEN6 = 0x6c
                    0x006c                  _CNEN6bits = 0x6c
                    0x006e                  CNPU1 = 0x6e
                    0x006e                  _CNPU1 = 0x6e
                    0x006e                  _CNPU1bits = 0x6e
                    0x0070                  CNPU2 = 0x70
                    0x0070                  _CNPU2 = 0x70
                    0x0070                  _CNPU2bits = 0x70
                    0x0072                  CNPU3 = 0x72
                    0x0072                  _CNPU3 = 0x72
                    0x0072                  _CNPU3bits = 0x72
                    0x0074                  CNPU4 = 0x74
                    0x0074                  _CNPU4 = 0x74
                    0x0074                  _CNPU4bits = 0x74
                    0x0076                  CNPU5 = 0x76
                    0x0076                  _CNPU5 = 0x76
                    0x0076                  _CNPU5bits = 0x76
                    0x0078                  CNPU6 = 0x78
                    0x0078                  _CNPU6 = 0x78
                    0x0078                  _CNPU6bits = 0x78
                    0x0080                  INTCON1 = 0x80
                    0x0080                  _INTCON1 = 0x80
                    0x0080                  _INTCON1bits = 0x80
                    0x0082                  INTCON2 = 0x82
                    0x0082                  _INTCON2 = 0x82
                    0x0082                  _INTCON2bits = 0x82
                    0x0084                  IFS0 = 0x84
                    0x0084                  _IFS0 = 0x84
                    0x0084                  _IFS0bits = 0x84
                    0x0086                  IFS1 = 0x86
                    0x0086                  _IFS1 = 0x86
                    0x0086                  _IFS1bits = 0x86
                    0x0088                  IFS2 = 0x88
                    0x0088                  _IFS2 = 0x88
                    0x0088                  _IFS2bits = 0x88
                    0x008a                  IFS3 = 0x8a
                    0x008a                  _IFS3 = 0x8a
                    0x008a                  _IFS3bits = 0x8a
                    0x008c                  IFS4 = 0x8c
                    0x008c                  _IFS4 = 0x8c
                    0x008c                  _IFS4bits = 0x8c
                    0x008e                  IFS5 = 0x8e
                    0x008e                  _IFS5 = 0x8e
                    0x008e                  _IFS5bits = 0x8e
                    0x0090                  IFS6 = 0x90
                    0x0090                  _IFS6 = 0x90
                    0x0090                  _IFS6bits = 0x90
                    0x0092                  IFS7 = 0x92
                    0x0092                  _IFS7 = 0x92
                    0x0092                  _IFS7bits = 0x92
                    0x0094                  IEC0 = 0x94
                    0x0094                  _IEC0 = 0x94
                    0x0094                  _IEC0bits = 0x94
                    0x0096                  IEC1 = 0x96
                    0x0096                  _IEC1 = 0x96
                    0x0096                  _IEC1bits = 0x96
                    0x0098                  IEC2 = 0x98
                    0x0098                  _IEC2 = 0x98
                    0x0098                  _IEC2bits = 0x98
                    0x009a                  IEC3 = 0x9a
                    0x009a                  _IEC3 = 0x9a
                    0x009a                  _IEC3bits = 0x9a
                    0x009c                  IEC4 = 0x9c
                    0x009c                  _IEC4 = 0x9c
                    0x009c                  _IEC4bits = 0x9c
                    0x009e                  IEC5 = 0x9e
                    0x009e                  _IEC5 = 0x9e
                    0x009e                  _IEC5bits = 0x9e
                    0x00a0                  IEC6 = 0xa0
                    0x00a0                  _IEC6 = 0xa0
                    0x00a0                  _IEC6bits = 0xa0
                    0x00a2                  IEC7 = 0xa2
                    0x00a2                  _IEC7 = 0xa2
                    0x00a2                  _IEC7bits = 0xa2
                    0x00a4                  IPC0 = 0xa4
                    0x00a4                  _IPC0 = 0xa4
                    0x00a4                  _IPC0bits = 0xa4
                    0x00a6                  IPC1 = 0xa6
                    0x00a6                  _IPC1 = 0xa6
                    0x00a6                  _IPC1bits = 0xa6
                    0x00a8                  IPC2 = 0xa8
                    0x00a8                  _IPC2 = 0xa8
                    0x00a8                  _IPC2bits = 0xa8
                    0x00aa                  IPC3 = 0xaa
                    0x00aa                  _IPC3 = 0xaa
                    0x00aa                  _IPC3bits = 0xaa
                    0x00ac                  IPC4 = 0xac
                    0x00ac                  _IPC4 = 0xac
                    0x00ac                  _IPC4bits = 0xac
                    0x00ae                  IPC5 = 0xae
                    0x00ae                  _IPC5 = 0xae
                    0x00ae                  _IPC5bits = 0xae
                    0x00b0                  IPC6 = 0xb0
                    0x00b0                  _IPC6 = 0xb0
                    0x00b0                  _IPC6bits = 0xb0
                    0x00b2                  IPC7 = 0xb2
                    0x00b2                  _IPC7 = 0xb2
                    0x00b2                  _IPC7bits = 0xb2
                    0x00b4                  IPC8 = 0xb4
                    0x00b4                  _IPC8 = 0xb4
                    0x00b4                  _IPC8bits = 0xb4
                    0x00b6                  IPC9 = 0xb6
                    0x00b6                  _IPC9 = 0xb6
                    0x00b6                  _IPC9bits = 0xb6
                    0x00b8                  IPC10 = 0xb8
                    0x00b8                  _IPC10 = 0xb8
                    0x00b8                  _IPC10bits = 0xb8
                    0x00ba                  IPC11 = 0xba
                    0x00ba                  _IPC11 = 0xba
                    0x00ba                  _IPC11bits = 0xba
                    0x00bc                  IPC12 = 0xbc
                    0x00bc                  _IPC12 = 0xbc
                    0x00bc                  _IPC12bits = 0xbc
                    0x00be                  IPC13 = 0xbe
                    0x00be                  _IPC13 = 0xbe
                    0x00be                  _IPC13bits = 0xbe
                    0x00c2                  IPC15 = 0xc2
                    0x00c2                  _IPC15 = 0xc2
                    0x00c2                  _IPC15bits = 0xc2
                    0x00c4                  IPC16 = 0xc4
                    0x00c4                  _IPC16 = 0xc4
                    0x00c4                  _IPC16bits = 0xc4
                    0x00c8                  IPC18 = 0xc8
                    0x00c8                  _IPC18 = 0xc8
                    0x00c8                  _IPC18bits = 0xc8
                    0x00ca                  IPC19 = 0xca
                    0x00ca                  _IPC19 = 0xca
                    0x00ca                  _IPC19bits = 0xca
                    0x00cc                  IPC20 = 0xcc
                    0x00cc                  _IPC20 = 0xcc
                    0x00cc                  _IPC20bits = 0xcc
                    0x00ce                  IPC21 = 0xce
                    0x00ce                  _IPC21 = 0xce
                    0x00ce                  _IPC21bits = 0xce
                    0x00d0                  IPC22 = 0xd0
                    0x00d0                  _IPC22 = 0xd0
                    0x00d0                  _IPC22bits = 0xd0
                    0x00d6                  IPC25 = 0xd6
                    0x00d6                  _IPC25 = 0xd6
                    0x00d6                  _IPC25bits = 0xd6
                    0x00de                  IPC29 = 0xde
                    0x00de                  _IPC29 = 0xde
                    0x00de                  _IPC29bits = 0xde
                    0x00e0                  INTTREG = 0xe0
                    0x00e0                  _INTTREG = 0xe0
                    0x00e0                  _INTTREGbits = 0xe0
                    0x0100                  TMR1 = 0x100
                    0x0100                  _TMR1 = 0x100
                    0x0102                  PR1 = 0x102
                    0x0102                  _PR1 = 0x102
                    0x0104                  T1CON = 0x104
                    0x0104                  _T1CON = 0x104
                    0x0104                  _T1CONbits = 0x104
                    0x0106                  TMR2 = 0x106
                    0x0106                  _TMR2 = 0x106
                    0x0108                  TMR3HLD = 0x108
                    0x0108                  _TMR3HLD = 0x108
                    0x010a                  TMR3 = 0x10a
                    0x010a                  _TMR3 = 0x10a
                    0x010c                  PR2 = 0x10c
                    0x010c                  _PR2 = 0x10c
                    0x010e                  PR3 = 0x10e
                    0x010e                  _PR3 = 0x10e
                    0x0110                  T2CON = 0x110
                    0x0110                  _T2CON = 0x110
                    0x0110                  _T2CONbits = 0x110
                    0x0112                  T3CON = 0x112
                    0x0112                  _T3CON = 0x112
                    0x0112                  _T3CONbits = 0x112
                    0x0114                  TMR4 = 0x114
                    0x0114                  _TMR4 = 0x114
                    0x0116                  TMR5HLD = 0x116
                    0x0116                  _TMR5HLD = 0x116
                    0x0118                  TMR5 = 0x118
                    0x0118                  _TMR5 = 0x118
                    0x011a                  PR4 = 0x11a
                    0x011a                  _PR4 = 0x11a
                    0x011c                  PR5 = 0x11c
                    0x011c                  _PR5 = 0x11c
                    0x011e                  T4CON = 0x11e
                    0x011e                  _T4CON = 0x11e
                    0x011e                  _T4CONbits = 0x11e
                    0x0120                  T5CON = 0x120
                    0x0120                  _T5CON = 0x120
                    0x0120                  _T5CONbits = 0x120
                    0x0140                  IC1CON1 = 0x140
                    0x0140                  _IC1CON1 = 0x140
                    0x0140                  _IC1CON1bits = 0x140
                    0x0142                  IC1CON2 = 0x142
                    0x0142                  _IC1CON2 = 0x142
                    0x0142                  _IC1CON2bits = 0x142
                    0x0144                  IC1BUF = 0x144
                    0x0144                  _IC1BUF = 0x144
                    0x0146                  IC1TMR = 0x146
                    0x0146                  _IC1TMR = 0x146
                    0x0148                  IC2CON1 = 0x148
                    0x0148                  _IC2CON1 = 0x148
                    0x0148                  _IC2CON1bits = 0x148
                    0x014a                  IC2CON2 = 0x14a
                    0x014a                  _IC2CON2 = 0x14a
                    0x014a                  _IC2CON2bits = 0x14a
                    0x014c                  IC2BUF = 0x14c
                    0x014c                  _IC2BUF = 0x14c
                    0x014e                  IC2TMR = 0x14e
                    0x014e                  _IC2TMR = 0x14e
                    0x0150                  IC3CON1 = 0x150
                    0x0150                  _IC3CON1 = 0x150
                    0x0150                  _IC3CON1bits = 0x150
                    0x0152                  IC3CON2 = 0x152
                    0x0152                  _IC3CON2 = 0x152
                    0x0152                  _IC3CON2bits = 0x152
                    0x0154                  IC3BUF = 0x154
                    0x0154                  _IC3BUF = 0x154
                    0x0156                  IC3TMR = 0x156
                    0x0156                  _IC3TMR = 0x156
                    0x0158                  IC4CON1 = 0x158
                    0x0158                  _IC4CON1 = 0x158
                    0x0158                  _IC4CON1bits = 0x158
                    0x015a                  IC4CON2 = 0x15a
                    0x015a                  _IC4CON2 = 0x15a
                    0x015a                  _IC4CON2bits = 0x15a
                    0x015c                  IC4BUF = 0x15c
                    0x015c                  _IC4BUF = 0x15c
                    0x015e                  IC4TMR = 0x15e
                    0x015e                  _IC4TMR = 0x15e
                    0x0160                  IC5CON1 = 0x160
                    0x0160                  _IC5CON1 = 0x160
                    0x0160                  _IC5CON1bits = 0x160
                    0x0162                  IC5CON2 = 0x162
                    0x0162                  _IC5CON2 = 0x162
                    0x0162                  _IC5CON2bits = 0x162
                    0x0164                  IC5BUF = 0x164
                    0x0164                  _IC5BUF = 0x164
                    0x0166                  IC5TMR = 0x166
                    0x0166                  _IC5TMR = 0x166
                    0x0168                  IC6CON1 = 0x168
                    0x0168                  _IC6CON1 = 0x168
                    0x0168                  _IC6CON1bits = 0x168
                    0x016a                  IC6CON2 = 0x16a
                    0x016a                  _IC6CON2 = 0x16a
                    0x016a                  _IC6CON2bits = 0x16a
                    0x016c                  IC6BUF = 0x16c
                    0x016c                  _IC6BUF = 0x16c
                    0x016e                  IC6TMR = 0x16e
                    0x016e                  _IC6TMR = 0x16e
                    0x0170                  IC7CON1 = 0x170
                    0x0170                  _IC7CON1 = 0x170
                    0x0170                  _IC7CON1bits = 0x170
                    0x0172                  IC7CON2 = 0x172
                    0x0172                  _IC7CON2 = 0x172
                    0x0172                  _IC7CON2bits = 0x172
                    0x0174                  IC7BUF = 0x174
                    0x0174                  _IC7BUF = 0x174
                    0x0176                  IC7TMR = 0x176
                    0x0176                  _IC7TMR = 0x176
                    0x0190                  OC1CON1 = 0x190
                    0x0190                  _OC1CON1 = 0x190
                    0x0190                  _OC1CON1bits = 0x190
                    0x0192                  OC1CON2 = 0x192
                    0x0192                  _OC1CON2 = 0x192
                    0x0192                  _OC1CON2bits = 0x192
                    0x0194                  OC1RS = 0x194
                    0x0194                  _OC1RS = 0x194
                    0x0196                  OC1R = 0x196
                    0x0196                  _OC1R = 0x196
                    0x0198                  OC1TMR = 0x198
                    0x0198                  _OC1TMR = 0x198
                    0x019a                  OC2CON1 = 0x19a
                    0x019a                  _OC2CON1 = 0x19a
                    0x019a                  _OC2CON1bits = 0x19a
                    0x019c                  OC2CON2 = 0x19c
                    0x019c                  _OC2CON2 = 0x19c
                    0x019c                  _OC2CON2bits = 0x19c
                    0x019e                  OC2RS = 0x19e
                    0x019e                  _OC2RS = 0x19e
                    0x01a0                  OC2R = 0x1a0
                    0x01a0                  _OC2R = 0x1a0
                    0x01a2                  OC2TMR = 0x1a2
                    0x01a2                  _OC2TMR = 0x1a2
                    0x01a4                  OC3CON1 = 0x1a4
                    0x01a4                  _OC3CON1 = 0x1a4
                    0x01a4                  _OC3CON1bits = 0x1a4
                    0x01a6                  OC3CON2 = 0x1a6
                    0x01a6                  _OC3CON2 = 0x1a6
                    0x01a6                  _OC3CON2bits = 0x1a6
                    0x01a8                  OC3RS = 0x1a8
                    0x01a8                  _OC3RS = 0x1a8
                    0x01aa                  OC3R = 0x1aa
                    0x01aa                  _OC3R = 0x1aa
                    0x01ac                  OC3TMR = 0x1ac
                    0x01ac                  _OC3TMR = 0x1ac
                    0x01ae                  OC4CON1 = 0x1ae
                    0x01ae                  _OC4CON1 = 0x1ae
                    0x01ae                  _OC4CON1bits = 0x1ae
                    0x01b0                  OC4CON2 = 0x1b0
                    0x01b0                  _OC4CON2 = 0x1b0
                    0x01b0                  _OC4CON2bits = 0x1b0
                    0x01b2                  OC4RS = 0x1b2
                    0x01b2                  _OC4RS = 0x1b2
                    0x01b4                  OC4R = 0x1b4
                    0x01b4                  _OC4R = 0x1b4
                    0x01b6                  OC4TMR = 0x1b6
                    0x01b6                  _OC4TMR = 0x1b6
                    0x01b8                  OC5CON1 = 0x1b8
                    0x01b8                  _OC5CON1 = 0x1b8
                    0x01b8                  _OC5CON1bits = 0x1b8
                    0x01ba                  OC5CON2 = 0x1ba
                    0x01ba                  _OC5CON2 = 0x1ba
                    0x01ba                  _OC5CON2bits = 0x1ba
                    0x01bc                  OC5RS = 0x1bc
                    0x01bc                  _OC5RS = 0x1bc
                    0x01be                  OC5R = 0x1be
                    0x01be                  _OC5R = 0x1be
                    0x01c0                  OC5TMR = 0x1c0
                    0x01c0                  _OC5TMR = 0x1c0
                    0x01c2                  OC6CON1 = 0x1c2
                    0x01c2                  _OC6CON1 = 0x1c2
                    0x01c2                  _OC6CON1bits = 0x1c2
                    0x01c4                  OC6CON2 = 0x1c4
                    0x01c4                  _OC6CON2 = 0x1c4